../USB_Device/Target/usbd_conf.c:71:6:HAL_PCD_MspInit	184	static
../USB_Device/Target/usbd_conf.c:114:6:HAL_PCD_MspDeInit	8	static
../USB_Device/Target/usbd_conf.c:147:6:HAL_PCD_SetupStageCallback	24	static
../USB_Device/Target/usbd_conf.c:177:6:HAL_PCD_DataOutStageCallback	16	static
../USB_Device/Target/usbd_conf.c:200:6:HAL_PCD_DataInStageCallback	16	static
../USB_Device/Target/usbd_conf.c:222:6:HAL_PCD_SOFCallback	0	static
../USB_Device/Target/usbd_conf.c:242:6:HAL_PCD_ResetCallback	16	static
../USB_Device/Target/usbd_conf.c:275:6:HAL_PCD_SuspendCallback	16	static
../USB_Device/Target/usbd_conf.c:307:6:HAL_PCD_ResumeCallback	16	static
../USB_Device/Target/usbd_conf.c:340:6:HAL_PCD_ISOOUTIncompleteCallback	0	static
../USB_Device/Target/usbd_conf.c:361:6:HAL_PCD_ISOINIncompleteCallback	0	static
../USB_Device/Target/usbd_conf.c:381:6:HAL_PCD_ConnectCallback	16	static
../USB_Device/Target/usbd_conf.c:403:6:HAL_PCD_DisconnectCallback	16	static
../USB_Device/Target/usbd_conf.c:430:20:USBD_LL_Init	16	static
../USB_Device/Target/usbd_conf.c:494:20:USBD_LL_DeInit	8	static
../USB_Device/Target/usbd_conf.c:511:20:USBD_LL_Start	16	static
../USB_Device/Target/usbd_conf.c:545:20:USBD_LL_Stop	8	static
../USB_Device/Target/usbd_conf.c:565:20:USBD_LL_OpenEP	8	static
../USB_Device/Target/usbd_conf.c:584:20:USBD_LL_CloseEP	8	static
../USB_Device/Target/usbd_conf.c:602:20:USBD_LL_FlushEP	8	static
../USB_Device/Target/usbd_conf.c:620:20:USBD_LL_StallEP	8	static
../USB_Device/Target/usbd_conf.c:638:20:USBD_LL_ClearStallEP	8	static
../USB_Device/Target/usbd_conf.c:656:9:USBD_LL_IsStallEP	0	static
../USB_Device/Target/usbd_conf.c:676:20:USBD_LL_SetUSBAddress	8	static
../USB_Device/Target/usbd_conf.c:696:20:USBD_LL_Transmit	8	static
../USB_Device/Target/usbd_conf.c:716:20:USBD_LL_PrepareReceive	8	static
../USB_Device/Target/usbd_conf.c:734:10:USBD_LL_GetRxDataSize	0	static
../USB_Device/Target/usbd_conf.c:748:6:HAL_PCDEx_LPM_Callback	8	static
../USB_Device/Target/usbd_conf.c:784:6:USBD_LL_Delay	0	static
../USB_Device/Target/usbd_conf.c:794:7:USBD_static_malloc	0	static
../USB_Device/Target/usbd_conf.c:806:6:USBD_static_free	0	static
