../Drivers/STM32L5xx_HAL_Driver/Src/stm32l5xx_hal_cortex.c:188:6:HAL_NVIC_SetPriorityGrouping	0	static
../Drivers/STM32L5xx_HAL_Driver/Src/stm32l5xx_hal_cortex.c:210:6:HAL_NVIC_SetPriority	12	static
../Drivers/STM32L5xx_HAL_Driver/Src/stm32l5xx_hal_cortex.c:232:6:HAL_NVIC_EnableIRQ	0	static,ignoring_inline_asm
../Drivers/STM32L5xx_HAL_Driver/Src/stm32l5xx_hal_cortex.c:248:6:HAL_NVIC_DisableIRQ	0	static,ignoring_inline_asm
../Drivers/STM32L5xx_HAL_Driver/Src/stm32l5xx_hal_cortex.c:261:6:HAL_NVIC_SystemReset	0	static,ignoring_inline_asm
../Drivers/STM32L5xx_HAL_Driver/Src/stm32l5xx_hal_cortex.c:274:10:HAL_SYSTICK_Config	0	static
../Drivers/STM32L5xx_HAL_Driver/Src/stm32l5xx_hal_cortex.c:302:10:HAL_NVIC_GetPriorityGrouping	0	static
../Drivers/STM32L5xx_HAL_Driver/Src/stm32l5xx_hal_cortex.c:327:6:HAL_NVIC_GetPriority	16	static
../Drivers/STM32L5xx_HAL_Driver/Src/stm32l5xx_hal_cortex.c:342:6:HAL_NVIC_SetPendingIRQ	0	static
../Drivers/STM32L5xx_HAL_Driver/Src/stm32l5xx_hal_cortex.c:357:10:HAL_NVIC_GetPendingIRQ	0	static
../Drivers/STM32L5xx_HAL_Driver/Src/stm32l5xx_hal_cortex.c:370:6:HAL_NVIC_ClearPendingIRQ	0	static
../Drivers/STM32L5xx_HAL_Driver/Src/stm32l5xx_hal_cortex.c:384:10:HAL_NVIC_GetActive	0	static
../Drivers/STM32L5xx_HAL_Driver/Src/stm32l5xx_hal_cortex.c:398:6:HAL_SYSTICK_CLKSourceConfig	0	static
../Drivers/STM32L5xx_HAL_Driver/Src/stm32l5xx_hal_cortex.c:425:13:HAL_SYSTICK_Callback	0	static
../Drivers/STM32L5xx_HAL_Driver/Src/stm32l5xx_hal_cortex.c:416:6:HAL_SYSTICK_IRQHandler	8	static
../Drivers/STM32L5xx_HAL_Driver/Src/stm32l5xx_hal_cortex.c:445:6:HAL_MPU_Enable	0	static,ignoring_inline_asm
../Drivers/STM32L5xx_HAL_Driver/Src/stm32l5xx_hal_cortex.c:465:6:HAL_MPU_Disable	0	static,ignoring_inline_asm
../Drivers/STM32L5xx_HAL_Driver/Src/stm32l5xx_hal_cortex.c:485:6:HAL_MPU_EnableRegion	0	static
../Drivers/STM32L5xx_HAL_Driver/Src/stm32l5xx_hal_cortex.c:501:6:HAL_MPU_DisableRegion	0	static
../Drivers/STM32L5xx_HAL_Driver/Src/stm32l5xx_hal_cortex.c:519:6:HAL_MPU_ConfigRegion	0	static,ignoring_inline_asm
../Drivers/STM32L5xx_HAL_Driver/Src/stm32l5xx_hal_cortex.c:530:6:HAL_MPU_ConfigMemoryAttributes	8	static,ignoring_inline_asm
