Archive member included to satisfy reference by file (symbol)

C:/ST/STM32CubeIDE_2.0.0/STM32CubeIDE/plugins/com.st.stm32cube.ide.mcu.externaltools.gnu-tools-for-stm32.13.3.rel1.win32_1.0.100.202509120712/tools/bin/../lib/gcc/arm-none-eabi/13.3.1/../../../../arm-none-eabi/lib/thumb/v8-m.main+fp/hard\libc_nano.a(libc_a-exit.o)
                              C:/ST/STM32CubeIDE_2.0.0/STM32CubeIDE/plugins/com.st.stm32cube.ide.mcu.externaltools.gnu-tools-for-stm32.13.3.rel1.win32_1.0.100.202509120712/tools/bin/../lib/gcc/arm-none-eabi/13.3.1/../../../../arm-none-eabi/lib/thumb/v8-m.main+fp/hard/crt0.o (exit)
C:/ST/STM32CubeIDE_2.0.0/STM32CubeIDE/plugins/com.st.stm32cube.ide.mcu.externaltools.gnu-tools-for-stm32.13.3.rel1.win32_1.0.100.202509120712/tools/bin/../lib/gcc/arm-none-eabi/13.3.1/../../../../arm-none-eabi/lib/thumb/v8-m.main+fp/hard\libc_nano.a(libc_a-findfp.o)
                              C:/ST/STM32CubeIDE_2.0.0/STM32CubeIDE/plugins/com.st.stm32cube.ide.mcu.externaltools.gnu-tools-for-stm32.13.3.rel1.win32_1.0.100.202509120712/tools/bin/../lib/gcc/arm-none-eabi/13.3.1/../../../../arm-none-eabi/lib/thumb/v8-m.main+fp/hard\libc_nano.a(libc_a-exit.o) (__stdio_exit_handler)
C:/ST/STM32CubeIDE_2.0.0/STM32CubeIDE/plugins/com.st.stm32cube.ide.mcu.externaltools.gnu-tools-for-stm32.13.3.rel1.win32_1.0.100.202509120712/tools/bin/../lib/gcc/arm-none-eabi/13.3.1/../../../../arm-none-eabi/lib/thumb/v8-m.main+fp/hard\libc_nano.a(libc_a-fwalk.o)
                              C:/ST/STM32CubeIDE_2.0.0/STM32CubeIDE/plugins/com.st.stm32cube.ide.mcu.externaltools.gnu-tools-for-stm32.13.3.rel1.win32_1.0.100.202509120712/tools/bin/../lib/gcc/arm-none-eabi/13.3.1/../../../../arm-none-eabi/lib/thumb/v8-m.main+fp/hard\libc_nano.a(libc_a-findfp.o) (_fwalk_sglue)
C:/ST/STM32CubeIDE_2.0.0/STM32CubeIDE/plugins/com.st.stm32cube.ide.mcu.externaltools.gnu-tools-for-stm32.13.3.rel1.win32_1.0.100.202509120712/tools/bin/../lib/gcc/arm-none-eabi/13.3.1/../../../../arm-none-eabi/lib/thumb/v8-m.main+fp/hard\libc_nano.a(libc_a-stdio.o)
                              C:/ST/STM32CubeIDE_2.0.0/STM32CubeIDE/plugins/com.st.stm32cube.ide.mcu.externaltools.gnu-tools-for-stm32.13.3.rel1.win32_1.0.100.202509120712/tools/bin/../lib/gcc/arm-none-eabi/13.3.1/../../../../arm-none-eabi/lib/thumb/v8-m.main+fp/hard\libc_nano.a(libc_a-findfp.o) (__sread)
C:/ST/STM32CubeIDE_2.0.0/STM32CubeIDE/plugins/com.st.stm32cube.ide.mcu.externaltools.gnu-tools-for-stm32.13.3.rel1.win32_1.0.100.202509120712/tools/bin/../lib/gcc/arm-none-eabi/13.3.1/../../../../arm-none-eabi/lib/thumb/v8-m.main+fp/hard\libc_nano.a(libc_a-memset.o)
                              C:/ST/STM32CubeIDE_2.0.0/STM32CubeIDE/plugins/com.st.stm32cube.ide.mcu.externaltools.gnu-tools-for-stm32.13.3.rel1.win32_1.0.100.202509120712/tools/bin/../lib/gcc/arm-none-eabi/13.3.1/../../../../arm-none-eabi/lib/thumb/v8-m.main+fp/hard/crt0.o (memset)
C:/ST/STM32CubeIDE_2.0.0/STM32CubeIDE/plugins/com.st.stm32cube.ide.mcu.externaltools.gnu-tools-for-stm32.13.3.rel1.win32_1.0.100.202509120712/tools/bin/../lib/gcc/arm-none-eabi/13.3.1/../../../../arm-none-eabi/lib/thumb/v8-m.main+fp/hard\libc_nano.a(libc_a-closer.o)
                              C:/ST/STM32CubeIDE_2.0.0/STM32CubeIDE/plugins/com.st.stm32cube.ide.mcu.externaltools.gnu-tools-for-stm32.13.3.rel1.win32_1.0.100.202509120712/tools/bin/../lib/gcc/arm-none-eabi/13.3.1/../../../../arm-none-eabi/lib/thumb/v8-m.main+fp/hard\libc_nano.a(libc_a-stdio.o) (_close_r)
C:/ST/STM32CubeIDE_2.0.0/STM32CubeIDE/plugins/com.st.stm32cube.ide.mcu.externaltools.gnu-tools-for-stm32.13.3.rel1.win32_1.0.100.202509120712/tools/bin/../lib/gcc/arm-none-eabi/13.3.1/../../../../arm-none-eabi/lib/thumb/v8-m.main+fp/hard\libc_nano.a(libc_a-reent.o)
                              C:/ST/STM32CubeIDE_2.0.0/STM32CubeIDE/plugins/com.st.stm32cube.ide.mcu.externaltools.gnu-tools-for-stm32.13.3.rel1.win32_1.0.100.202509120712/tools/bin/../lib/gcc/arm-none-eabi/13.3.1/../../../../arm-none-eabi/lib/thumb/v8-m.main+fp/hard\libc_nano.a(libc_a-closer.o) (errno)
C:/ST/STM32CubeIDE_2.0.0/STM32CubeIDE/plugins/com.st.stm32cube.ide.mcu.externaltools.gnu-tools-for-stm32.13.3.rel1.win32_1.0.100.202509120712/tools/bin/../lib/gcc/arm-none-eabi/13.3.1/../../../../arm-none-eabi/lib/thumb/v8-m.main+fp/hard\libc_nano.a(libc_a-impure.o)
                              C:/ST/STM32CubeIDE_2.0.0/STM32CubeIDE/plugins/com.st.stm32cube.ide.mcu.externaltools.gnu-tools-for-stm32.13.3.rel1.win32_1.0.100.202509120712/tools/bin/../lib/gcc/arm-none-eabi/13.3.1/../../../../arm-none-eabi/lib/thumb/v8-m.main+fp/hard\libc_nano.a(libc_a-reent.o) (_impure_ptr)
C:/ST/STM32CubeIDE_2.0.0/STM32CubeIDE/plugins/com.st.stm32cube.ide.mcu.externaltools.gnu-tools-for-stm32.13.3.rel1.win32_1.0.100.202509120712/tools/bin/../lib/gcc/arm-none-eabi/13.3.1/../../../../arm-none-eabi/lib/thumb/v8-m.main+fp/hard\libc_nano.a(libc_a-lseekr.o)
[...]
Memory Configuration

Name             Origin             Length             Attributes
RAM              0x20000000         0x00030000         xrw
RAM2             0x20030000         0x00010000         xrw
FLASH            0x08000000         0x00040000         xr
*default*        0x00000000         0xffffffff

Linker script and memory map

LOAD C:/ST/STM32CubeIDE_2.0.0/STM32CubeIDE/plugins/com.st.stm32cube.ide.mcu.externaltools.gnu-tools-for-stm32.13.3.rel1.win32_1.0.100.202509120712/tools/bin/../lib/gcc/arm-none-eabi/13.3.1/thumb/v8-m.main+fp/hard/crti.o
LOAD C:/ST/STM32CubeIDE_2.0.0/STM32CubeIDE/plugins/com.st.stm32cube.ide.mcu.externaltools.gnu-tools-for-stm32.13.3.rel1.win32_1.0.100.202509120712/tools/bin/../lib/gcc/arm-none-eabi/13.3.1/thumb/v8-m.main+fp/hard/crtbegin.o
LOAD C:/ST/STM32CubeIDE_2.0.0/STM32CubeIDE/plugins/com.st.stm32cube.ide.mcu.externaltools.gnu-tools-for-stm32.13.3.rel1.win32_1.0.100.202509120712/tools/bin/../lib/gcc/arm-none-eabi/13.3.1/../../../../arm-none-eabi/lib/thumb/v8-m.main+fp/hard/crt0.o
LOAD ./Core/Src/can.o
LOAD ./Core/Src/fdcan.o
LOAD ./Core/Src/gpio.o
LOAD ./Core/Src/icache.o
LOAD ./Core/Src/main.o
LOAD ./Core/Src/stm32l5xx_hal_msp.o
LOAD ./Core/Src/stm32l5xx_it.o
LOAD ./Core/Src/syscalls.o
LOAD ./Core/Src/sysmem.o
LOAD ./Core/Src/system_stm32l5xx.o
LOAD ./Core/Startup/startup_stm32l552cctx.o
LOAD ./Drivers/BFR_Krill_Drivers/src/usb_driver.o
LOAD ./Drivers/STM32L5xx_HAL_Driver/Src/stm32l5xx_hal.o
LOAD ./Drivers/STM32L5xx_HAL_Driver/Src/stm32l5xx_hal_cortex.o
LOAD ./Drivers/STM32L5xx_HAL_Driver/Src/stm32l5xx_hal_dma.o
LOAD ./Drivers/STM32L5xx_HAL_Driver/Src/stm32l5xx_hal_dma_ex.o
LOAD ./Drivers/STM32L5xx_HAL_Driver/Src/stm32l5xx_hal_exti.o
LOAD ./Drivers/STM32L5xx_HAL_Driver/Src/stm32l5xx_hal_fdcan.o
LOAD ./Drivers/STM32L5xx_HAL_Driver/Src/stm32l5xx_hal_flash.o
LOAD ./Drivers/STM32L5xx_HAL_Driver/Src/stm32l5xx_hal_flash_ex.o
LOAD ./Drivers/STM32L5xx_HAL_Driver/Src/stm32l5xx_hal_flash_ramfunc.o
LOAD ./Drivers/STM32L5xx_HAL_Driver/Src/stm32l5xx_hal_gpio.o
LOAD ./Drivers/STM32L5xx_HAL_Driver/Src/stm32l5xx_hal_i2c.o
LOAD ./Drivers/STM32L5xx_HAL_Driver/Src/stm32l5xx_hal_i2c_ex.o
LOAD ./Drivers/STM32L5xx_HAL_Driver/Src/stm32l5xx_hal_icache.o
LOAD ./Drivers/STM32L5xx_HAL_Driver/Src/stm32l5xx_hal_pcd.o
LOAD ./Drivers/STM32L5xx_HAL_Driver/Src/stm32l5xx_hal_pcd_ex.o
LOAD ./Drivers/STM32L5xx_HAL_Driver/Src/stm32l5xx_hal_pwr.o
LOAD ./Drivers/STM32L5xx_HAL_Driver/Src/stm32l5xx_hal_pwr_ex.o
LOAD ./Drivers/STM32L5xx_HAL_Driver/Src/stm32l5xx_hal_rcc.o
LOAD ./Drivers/STM32L5xx_HAL_Driver/Src/stm32l5xx_hal_rcc_ex.o
LOAD ./Drivers/STM32L5xx_HAL_Driver/Src/stm32l5xx_ll_usb.o
LOAD ./Middlewares/ST/STM32_USB_Device_Library/Class/CDC/Src/usbd_cdc.o
LOAD ./Middlewares/ST/STM32_USB_Device_Library/Core/Src/usbd_core.o
LOAD ./Middlewares/ST/STM32_USB_Device_Library/Core/Src/usbd_ctlreq.o
LOAD ./Middlewares/ST/STM32_USB_Device_Library/Core/Src/usbd_ioreq.o
LOAD ./USB_Device/App/usb_device.o
LOAD ./USB_Device/App/usbd_cdc_if.o
LOAD ./USB_Device/App/usbd_desc.o
LOAD ./USB_Device/Target/usbd_conf.o
START GROUP
LOAD C:/ST/STM32CubeIDE_2.0.0/STM32CubeIDE/plugins/com.st.stm32cube.ide.mcu.externaltools.gnu-tools-for-stm32.13.3.rel1.win32_1.0.100.202509120712/tools/bin/../lib/gcc/arm-none-eabi/13.3.1/../../../../arm-none-eabi/lib/thumb/v8-m.main+fp/hard\libc_nano.a
LOAD C:/ST/STM32CubeIDE_2.0.0/STM32CubeIDE/plugins/com.st.stm32cube.ide.mcu.externaltools.gnu-tools-for-stm32.13.3.rel1.win32_1.0.100.202509120712/tools/bin/../lib/gcc/arm-none-eabi/13.3.1/../../../../arm-none-eabi/lib/thumb/v8-m.main+fp/hard\libm.a
END GROUP
START GROUP
LOAD C:/ST/STM32CubeIDE_2.0.0/STM32CubeIDE/plugins/com.st.stm32cube.ide.mcu.externaltools.gnu-tools-for-stm32.13.3.rel1.win32_1.0.100.202509120712/tools/bin/../lib/gcc/arm-none-eabi/13.3.1/thumb/v8-m.main+fp/hard\libgcc.a
LOAD C:/ST/STM32CubeIDE_2.0.0/STM32CubeIDE/plugins/com.st.stm32cube.ide.mcu.externaltools.gnu-tools-for-stm32.13.3.rel1.win32_1.0.100.202509120712/tools/bin/../lib/gcc/arm-none-eabi/13.3.1/../../../../arm-none-eabi/lib/thumb/v8-m.main+fp/hard\libc_nano.a
END GROUP
START GROUP
LOAD C:/ST/STM32CubeIDE_2.0.0/STM32CubeIDE/plugins/com.st.stm32cube.ide.mcu.externaltools.gnu-tools-for-stm32.13.3.rel1.win32_1.0.100.202509120712/tools/bin/../lib/gcc/arm-none-eabi/13.3.1/thumb/v8-m.main+fp/hard\libgcc.a
LOAD C:/ST/STM32CubeIDE_2.0.0/STM32CubeIDE/plugins/com.st.stm32cube.ide.mcu.externaltools.gnu-tools-for-stm32.13.3.rel1.win32_1.0.100.202509120712/tools/bin/../lib/gcc/arm-none-eabi/13.3.1/../../../../arm-none-eabi/lib/thumb/v8-m.main+fp/hard\libc_nano.a
LOAD C:/ST/STM32CubeIDE_2.0.0/STM32CubeIDE/plugins/com.st.stm32cube.ide.mcu.externaltools.gnu-tools-for-stm32.13.3.rel1.win32_1.0.100.202509120712/tools/bin/../lib/gcc/arm-none-eabi/13.3.1/../../../../arm-none-eabi/lib/thumb/v8-m.main+fp/hard\libnosys.a
END GROUP
START GROUP
LOAD C:/ST/STM32CubeIDE_2.0.0/STM32CubeIDE/plugins/com.st.stm32cube.ide.mcu.externaltools.gnu-tools-for-stm32.13.3.rel1.win32_1.0.100.202509120712/tools/bin/../lib/gcc/arm-none-eabi/13.3.1/thumb/v8-m.main+fp/hard\libgcc.a
LOAD C:/ST/STM32CubeIDE_2.0.0/STM32CubeIDE/plugins/com.st.stm32cube.ide.mcu.externaltools.gnu-tools-for-stm32.13.3.rel1.win32_1.0.100.202509120712/tools/bin/../lib/gcc/arm-none-eabi/13.3.1/../../../../arm-none-eabi/lib/thumb/v8-m.main+fp/hard\libc_nano.a
LOAD C:/ST/STM32CubeIDE_2.0.0/STM32CubeIDE/plugins/com.st.stm32cube.ide.mcu.externaltools.gnu-tools-for-stm32.13.3.rel1.win32_1.0.100.202509120712/tools/bin/../lib/gcc/arm-none-eabi/13.3.1/../../../../arm-none-eabi/lib/thumb/v8-m.main+fp/hard\libnosys.a
END GROUP
LOAD C:/ST/STM32CubeIDE_2.0.0/STM32CubeIDE/plugins/com.st.stm32cube.ide.mcu.externaltools.gnu-tools-for-stm32.13.3.rel1.win32_1.0.100.202509120712/tools/bin/../lib/gcc/arm-none-eabi/13.3.1/thumb/v8-m.main+fp/hard/crtend.o
LOAD C:/ST/STM32CubeIDE_2.0.0/STM32CubeIDE/plugins/com.st.stm32cube.ide.mcu.externaltools.gnu-tools-for-stm32.13.3.rel1.win32_1.0.100.202509120712/tools/bin/../lib/gcc/arm-none-eabi/13.3.1/thumb/v8-m.main+fp/hard/crtn.o
                0x20030000                        _estack = (ORIGIN (RAM) + LENGTH (RAM))
                0x00000200                        _Min_Heap_Size = 0x200
                0x00000400                        _Min_Stack_Size = 0x400

.isr_vector     0x08000000      0x1f4
                0x08000000                        . = ALIGN (0x4)
 *(.isr_vector)
 .isr_vector    0x08000000      0x1f4 ./Core/Startup/startup_stm32l552cctx.o
                0x08000000                g_pfnVectors
                0x080001f4                        . = ALIGN (0x4)

.text           0x080001f8     0x5680
                0x080001f8                        . = ALIGN (0x4)
 *(.text)
 .text          0x080001f8       0x40 C:/ST/STM32CubeIDE_2.0.0/STM32CubeIDE/plugins/com.st.stm32cube.ide.mcu.externaltools.gnu-tools-for-stm32.13.3.rel1.win32_1.0.100.202509120712/tools/bin/../lib/gcc/arm-none-eabi/13.3.1/thumb/v8-m.main+fp/hard/crtbegin.o
 .text          0x08000238       0x10 C:/ST/STM32CubeIDE_2.0.0/STM32CubeIDE/plugins/com.st.stm32cube.ide.mcu.externaltools.gnu-tools-for-stm32.13.3.rel1.win32_1.0.100.202509120712/tools/bin/../lib/gcc/arm-none-eabi/13.3.1/../../../../arm-none-eabi/lib/thumb/v8-m.main+fp/hard\libc_nano.a(libc_a-strlen.o)
                0x08000238                strlen
 *(.text*)
 .text.CAN_To_USB_Process
                0x08000248      0x110 ./Core/Src/can.o
                0x08000248                CAN_To_USB_Process
 .text.MX_FDCAN1_Init
                0x08000358       0x54 ./Core/Src/fdcan.o
                0x08000358                MX_FDCAN1_Init
 *fill*         0x080003ac        0x4 
 .text.HAL_FDCAN_MspInit
                0x080003b0       0xc4 ./Core/Src/fdcan.o
                0x080003b0                HAL_FDCAN_MspInit
 .text.FDCAN_App_Init
                0x08000474       0x80 ./Core/Src/fdcan.o
                0x08000474                FDCAN_App_Init
 .text.MX_GPIO_Init
                0x080004f4       0x54 ./Core/Src/gpio.o
                0x080004f4                MX_GPIO_Init
 .text.MX_ICACHE_Init
                0x08000548       0x14 ./Core/Src/icache.o
                0x08000548                MX_ICACHE_Init
 *fill*         0x0800055c        0x4 
 .text.SystemClock_Config
                0x08000560       0xac ./Core/Src/main.o
                0x08000560                SystemClock_Config
 .text.startup.main
                0x0800060c       0x9c ./Core/Src/main.o
                0x0800060c                main
 .text.MDU_Get_Rx_Queue_State
                0x080006a8       0x2c ./Core/Src/main.o
                0x080006a8                MDU_Get_Rx_Queue_State
 .text.MDU_Get_Rx_Queue_Frame
                0x080006d4       0x24 ./Core/Src/main.o
                0x080006d4                MDU_Get_Rx_Queue_Frame
 .text.MDU_Advance_Rx_Queue_Head
                0x080006f8       0x18 ./Core/Src/main.o
                0x080006f8                MDU_Advance_Rx_Queue_Head
 .text.HAL_FDCAN_RxFifo0Callback
                0x08000710      0x144 ./Core/Src/main.o
                0x08000710                HAL_FDCAN_RxFifo0Callback
 .text.Error_Handler
                0x08000854        0x4 ./Core/Src/main.o
                0x08000854                Error_Handler
 .text.HAL_MspInit
                0x08000858       0x34 ./Core/Src/stm32l5xx_hal_msp.o
                0x08000858                HAL_MspInit
 .text.NMI_Handler
                0x0800088c        0x4 ./Core/Src/stm32l5xx_it.o
                0x0800088c                NMI_Handler
 .text.HardFault_Handler
                0x08000890        0x4 ./Core/Src/stm32l5xx_it.o
                0x08000890                HardFault_Handler
 .text.MemManage_Handler
                0x08000894        0x4 ./Core/Src/stm32l5xx_it.o
                0x08000894                MemManage_Handler
 .text.BusFault_Handler
                0x08000898        0x4 ./Core/Src/stm32l5xx_it.o
                0x08000898                BusFault_Handler
 .text.UsageFault_Handler
                0x0800089c        0x4 ./Core/Src/stm32l5xx_it.o
                0x0800089c                UsageFault_Handler
 .text.SVC_Handler
                0x080008a0        0x4 ./Core/Src/stm32l5xx_it.o
                0x080008a0                SVC_Handler
 .text.DebugMon_Handler
                0x080008a4        0x4 ./Core/Src/stm32l5xx_it.o
                0x080008a4                DebugMon_Handler
 .text.PendSV_Handler
                0x080008a8        0x4 ./Core/Src/stm32l5xx_it.o
                0x080008a8                PendSV_Handler
 .text.SysTick_Handler
                0x080008ac        0x4 ./Core/Src/stm32l5xx_it.o
                0x080008ac                SysTick_Handler
 .text.FDCAN1_IT0_IRQHandler
                0x080008b0        0xc ./Core/Src/stm32l5xx_it.o
                0x080008b0                FDCAN1_IT0_IRQHandler
 .text.FDCAN1_IT1_IRQHandler
                0x080008bc        0xc ./Core/Src/stm32l5xx_it.o
                0x080008bc                FDCAN1_IT1_IRQHandler
 .text.USB_FS_IRQHandler
                0x080008c8       0x74 ./Core/Src/stm32l5xx_it.o
                0x080008c8                USB_FS_IRQHandler
 .text.SystemInit
                0x0800093c       0x14 ./Core/Src/system_stm32l5xx.o
                0x0800093c                SystemInit
 .text.SystemCoreClockUpdate
                0x08000950       0xa4 ./Core/Src/system_stm32l5xx.o
                0x08000950                SystemCoreClockUpdate
 .text.Reset_Handler
                0x080009f4       0x50 ./Core/Startup/startup_stm32l552cctx.o
                0x080009f4                Reset_Handler
 .text.Default_Handler
                0x08000a44        0x2 ./Core/Startup/startup_stm32l552cctx.o
                0x08000a44                EXTI2_IRQHandler
                0x08000a44                TIM8_TRG_COM_IRQHandler
                0x08000a44                TIM8_CC_IRQHandler
                0x08000a44                EXTI5_IRQHandler
                0x08000a44                FLASH_S_IRQHandler
                0x08000a44                EXTI13_IRQHandler
                0x08000a44                TIM1_CC_IRQHandler
                0x08000a44                TSC_IRQHandler
                0x08000a44                TAMP_IRQHandler
                0x08000a44                TIM6_IRQHandler
                0x08000a44                EXTI12_IRQHandler
                0x08000a44                DMA2_Channel8_IRQHandler
                0x08000a44                EXTI3_IRQHandler
                0x08000a44                EXTI8_IRQHandler
                0x08000a44                LPTIM2_IRQHandler
                0x08000a44                DFSDM1_FLT1_IRQHandler
                0x08000a44                I2C3_ER_IRQHandler
                0x08000a44                DFSDM1_FLT2_IRQHandler
                0x08000a44                DMAMUX1_IRQHandler
                0x08000a44                LPTIM3_IRQHandler
                0x08000a44                EXTI0_IRQHandler
                0x08000a44                I2C2_EV_IRQHandler
                0x08000a44                FPU_IRQHandler
                0x08000a44                ADC1_2_IRQHandler
                0x08000a44                SPI1_IRQHandler
                0x08000a44                OCTOSPI1_IRQHandler
                0x08000a44                TIM8_UP_IRQHandler
                0x08000a44                RCC_S_IRQHandler
                0x08000a44                DMA2_Channel2_IRQHandler
                0x08000a44                DMA1_Channel4_IRQHandler
                0x08000a44                SAI2_IRQHandler
                0x08000a44                DFSDM1_FLT3_IRQHandler
                0x08000a44                EXTI15_IRQHandler
                0x08000a44                TIM17_IRQHandler
                0x08000a44                USART3_IRQHandler
                0x08000a44                RTC_IRQHandler
                0x08000a44                EXTI9_IRQHandler
                0x08000a44                DMA1_Channel7_IRQHandler
                0x08000a44                UART5_IRQHandler
                0x08000a44                TIM4_IRQHandler
                0x08000a44                DMA2_Channel1_IRQHandler
                0x08000a44                I2C1_EV_IRQHandler
                0x08000a44                DMA1_Channel6_IRQHandler
                0x08000a44                TIM16_IRQHandler
                0x08000a44                UART4_IRQHandler
                0x08000a44                DMA2_Channel4_IRQHandler
                0x08000a44                SecureFault_Handler
                0x08000a44                TIM3_IRQHandler
                0x08000a44                RCC_IRQHandler
                0x08000a44                TIM1_TRG_COM_IRQHandler
                0x08000a44                DMA1_Channel1_IRQHandler
                0x08000a44                Default_Handler
                0x08000a44                DMA2_Channel7_IRQHandler
                0x08000a44                DMA1_Channel8_IRQHandler
                0x08000a44                TIM7_IRQHandler
                0x08000a44                SDMMC1_IRQHandler
                0x08000a44                TIM5_IRQHandler
                0x08000a44                UCPD1_IRQHandler
                0x08000a44                TIM15_IRQHandler
                0x08000a44                I2C3_EV_IRQHandler
                0x08000a44                PVD_PVM_IRQHandler
                0x08000a44                SPI2_IRQHandler
                0x08000a44                EXTI14_IRQHandler
                0x08000a44                EXTI11_IRQHandler
                0x08000a44                DMA2_Channel5_IRQHandler
                0x08000a44                CRS_IRQHandler
                0x08000a44                DMA1_Channel5_IRQHandler
                0x08000a44                EXTI4_IRQHandler
                0x08000a44                RTC_S_IRQHandler
                0x08000a44                RNG_IRQHandler
                0x08000a44                DMAMUX1_S_IRQHandler
                0x08000a44                DMA1_Channel3_IRQHandler
                0x08000a44                COMP_IRQHandler
                0x08000a44                TIM1_UP_IRQHandler
                0x08000a44                WWDG_IRQHandler
                0x08000a44                I2C4_EV_IRQHandler
                0x08000a44                LPUART1_IRQHandler
                0x08000a44                DMA2_Channel6_IRQHandler
                0x08000a44                TIM2_IRQHandler
                0x08000a44                TAMP_S_IRQHandler
                0x08000a44                EXTI7_IRQHandler
                0x08000a44                TIM1_BRK_IRQHandler
                0x08000a44                DAC_IRQHandler
                0x08000a44                EXTI1_IRQHandler
                0x08000a44                GTZC_IRQHandler
                0x08000a44                USART2_IRQHandler
                0x08000a44                DFSDM1_FLT0_IRQHandler
                0x08000a44                I2C2_ER_IRQHandler
                0x08000a44                DMA1_Channel2_IRQHandler
                0x08000a44                TIM8_BRK_IRQHandler
                0x08000a44                FLASH_IRQHandler
                0x08000a44                USART1_IRQHandler
                0x08000a44                EXTI10_IRQHandler
                0x08000a44                SPI3_IRQHandler
                0x08000a44                I2C1_ER_IRQHandler
                0x08000a44                FMC_IRQHandler
                0x08000a44                EXTI6_IRQHandler
                0x08000a44                LPTIM1_IRQHandler
                0x08000a44                I2C4_ER_IRQHandler
                0x08000a44                ICACHE_IRQHandler
                0x08000a44                SAI1_IRQHandler
                0x08000a44                HASH_IRQHandler
                0x08000a44                DMA2_Channel3_IRQHandler
 *fill*         0x08000a46        0x2 
 .text.USB_Driver_Init
                0x08000a48       0x2c ./Drivers/BFR_Krill_Drivers/src/usb_driver.o
                0x08000a48                USB_Driver_Init
 .text.USB_Driver_SetConfigured
                0x08000a74        0xc ./Drivers/BFR_Krill_Drivers/src/usb_driver.o
                0x08000a74                USB_Driver_SetConfigured
 .text.USB_Driver_IsConfigured
                0x08000a80        0xc ./Drivers/BFR_Krill_Drivers/src/usb_driver.o
                0x08000a80                USB_Driver_IsConfigured
 .text.USB_Driver_RxHandler
                0x08000a8c       0x48 ./Drivers/BFR_Krill_Drivers/src/usb_driver.o
                0x08000a8c                USB_Driver_RxHandler
 .text.HAL_InitTick
                0x08000ad4       0x4c ./Drivers/STM32L5xx_HAL_Driver/Src/stm32l5xx_hal.o
                0x08000ad4                HAL_InitTick
 .text.HAL_Init
                0x08000b20       0x24 ./Drivers/STM32L5xx_HAL_Driver/Src/stm32l5xx_hal.o
                0x08000b20                HAL_Init
 .text.HAL_IncTick
                0x08000b44       0x18 ./Drivers/STM32L5xx_HAL_Driver/Src/stm32l5xx_hal.o
                0x08000b44                HAL_IncTick
 .text.HAL_GetTick
                0x08000b5c        0xc ./Drivers/STM32L5xx_HAL_Driver/Src/stm32l5xx_hal.o
                0x08000b5c                HAL_GetTick
 .text.HAL_Delay
                0x08000b68       0x24 ./Drivers/STM32L5xx_HAL_Driver/Src/stm32l5xx_hal.o
                0x08000b68                HAL_Delay
 .text.HAL_NVIC_SetPriorityGrouping
                0x08000b8c       0x24 ./Drivers/STM32L5xx_HAL_Driver/Src/stm32l5xx_hal_cortex.o
                0x08000b8c                HAL_NVIC_SetPriorityGrouping
 .text.HAL_NVIC_SetPriority
                0x08000bb0       0x78 ./Drivers/STM32L5xx_HAL_Driver/Src/stm32l5xx_hal_cortex.o
                0x08000bb0                HAL_NVIC_SetPriority
 .text.HAL_NVIC_EnableIRQ
                0x08000c28       0x1c ./Drivers/STM32L5xx_HAL_Driver/Src/stm32l5xx_hal_cortex.o
                0x08000c28                HAL_NVIC_EnableIRQ
 .text.HAL_SYSTICK_Config
                0x08000c44       0x34 ./Drivers/STM32L5xx_HAL_Driver/Src/stm32l5xx_hal_cortex.o
                0x08000c44                HAL_SYSTICK_Config
 .text.HAL_FDCAN_Init
                0x08000c78      0x1d4 ./Drivers/STM32L5xx_HAL_Driver/Src/stm32l5xx_hal_fdcan.o
                0x08000c78                HAL_FDCAN_Init
 .text.HAL_FDCAN_ConfigFilter
                0x08000e4c       0x58 ./Drivers/STM32L5xx_HAL_Driver/Src/stm32l5xx_hal_fdcan.o
                0x08000e4c                HAL_FDCAN_ConfigFilter
 .text.HAL_FDCAN_ConfigGlobalFilter
                0x08000ea4       0x44 ./Drivers/STM32L5xx_HAL_Driver/Src/stm32l5xx_hal_fdcan.o
                0x08000ea4                HAL_FDCAN_ConfigGlobalFilter
 .text.HAL_FDCAN_Start
                0x08000ee8       0x34 ./Drivers/STM32L5xx_HAL_Driver/Src/stm32l5xx_hal_fdcan.o
                0x08000ee8                HAL_FDCAN_Start
 .text.HAL_FDCAN_Stop
                0x08000f1c       0x84 ./Drivers/STM32L5xx_HAL_Driver/Src/stm32l5xx_hal_fdcan.o
                0x08000f1c                HAL_FDCAN_Stop
 .text.HAL_FDCAN_GetRxMessage
                0x08000fa0      0x134 ./Drivers/STM32L5xx_HAL_Driver/Src/stm32l5xx_hal_fdcan.o
                0x08000fa0                HAL_FDCAN_GetRxMessage
 .text.HAL_FDCAN_ActivateNotification
                0x080010d4       0xf8 ./Drivers/STM32L5xx_HAL_Driver/Src/stm32l5xx_hal_fdcan.o
                0x080010d4                HAL_FDCAN_ActivateNotification
 .text.HAL_FDCAN_TxEventFifoCallback
                0x080011cc        0x4 ./Drivers/STM32L5xx_HAL_Driver/Src/stm32l5xx_hal_fdcan.o
                0x080011cc                HAL_FDCAN_TxEventFifoCallback
 .text.HAL_FDCAN_RxFifo1Callback
                0x080011d0        0x4 ./Drivers/STM32L5xx_HAL_Driver/Src/stm32l5xx_hal_fdcan.o
                0x080011d0                HAL_FDCAN_RxFifo1Callback
 .text.HAL_FDCAN_TxFifoEmptyCallback
                0x080011d4        0x4 ./Drivers/STM32L5xx_HAL_Driver/Src/stm32l5xx_hal_fdcan.o
                0x080011d4                HAL_FDCAN_TxFifoEmptyCallback
 .text.HAL_FDCAN_TxBufferCompleteCallback
                0x080011d8        0x4 ./Drivers/STM32L5xx_HAL_Driver/Src/stm32l5xx_hal_fdcan.o
                0x080011d8                HAL_FDCAN_TxBufferCompleteCallback
 .text.HAL_FDCAN_TxBufferAbortCallback
                0x080011dc        0x4 ./Drivers/STM32L5xx_HAL_Driver/Src/stm32l5xx_hal_fdcan.o
                0x080011dc                HAL_FDCAN_TxBufferAbortCallback
 .text.HAL_FDCAN_TimestampWraparoundCallback
                0x080011e0        0x4 ./Drivers/STM32L5xx_HAL_Driver/Src/stm32l5xx_hal_fdcan.o
                0x080011e0                HAL_FDCAN_TimestampWraparoundCallback
 .text.HAL_FDCAN_TimeoutOccurredCallback
                0x080011e4        0x4 ./Drivers/STM32L5xx_HAL_Driver/Src/stm32l5xx_hal_fdcan.o
                0x080011e4                HAL_FDCAN_TimeoutOccurredCallback
 .text.HAL_FDCAN_HighPriorityMessageCallback
                0x080011e8        0x4 ./Drivers/STM32L5xx_HAL_Driver/Src/stm32l5xx_hal_fdcan.o
                0x080011e8                HAL_FDCAN_HighPriorityMessageCallback
 .text.HAL_FDCAN_ErrorCallback
                0x080011ec        0x4 ./Drivers/STM32L5xx_HAL_Driver/Src/stm32l5xx_hal_fdcan.o
                0x080011ec                HAL_FDCAN_ErrorCallback
 .text.HAL_FDCAN_ErrorStatusCallback
                0x080011f0        0x4 ./Drivers/STM32L5xx_HAL_Driver/Src/stm32l5xx_hal_fdcan.o
                0x080011f0                HAL_FDCAN_ErrorStatusCallback
 .text.HAL_FDCAN_IRQHandler
                0x080011f4      0x18c ./Drivers/STM32L5xx_HAL_Driver/Src/stm32l5xx_hal_fdcan.o
                0x080011f4                HAL_FDCAN_IRQHandler
 .text.HAL_GPIO_Init
                0x08001380      0x20c ./Drivers/STM32L5xx_HAL_Driver/Src/stm32l5xx_hal_gpio.o
                0x08001380                HAL_GPIO_Init
 .text.HAL_ICACHE_Enable
                0x0800158c       0x14 ./Drivers/STM32L5xx_HAL_Driver/Src/stm32l5xx_hal_icache.o
                0x0800158c                HAL_ICACHE_Enable
 .text.HAL_PCD_Init
                0x080015a0       0x9c ./Drivers/STM32L5xx_HAL_Driver/Src/stm32l5xx_hal_pcd.o
                0x080015a0                HAL_PCD_Init
 .text.HAL_PCD_Start
                0x0800163c       0x2c ./Drivers/STM32L5xx_HAL_Driver/Src/stm32l5xx_hal_pcd.o
                0x0800163c                HAL_PCD_Start
 .text.HAL_PCD_IRQHandler
                0x08001668      0xba0 ./Drivers/STM32L5xx_HAL_Driver/Src/stm32l5xx_hal_pcd.o
                0x08001668                HAL_PCD_IRQHandler
 .text.HAL_PCD_SetAddress
                0x08002208       0x28 ./Drivers/STM32L5xx_HAL_Driver/Src/stm32l5xx_hal_pcd.o
                0x08002208                HAL_PCD_SetAddress
 .text.HAL_PCD_EP_Open
                0x08002230       0x7c ./Drivers/STM32L5xx_HAL_Driver/Src/stm32l5xx_hal_pcd.o
                0x08002230                HAL_PCD_EP_Open
 .text.HAL_PCD_EP_Close
                0x080022ac       0x74 ./Drivers/STM32L5xx_HAL_Driver/Src/stm32l5xx_hal_pcd.o
                0x080022ac                HAL_PCD_EP_Close
 .text.HAL_PCD_EP_Receive
                0x08002320       0x34 ./Drivers/STM32L5xx_HAL_Driver/Src/stm32l5xx_hal_pcd.o
                0x08002320                HAL_PCD_EP_Receive
 .text.HAL_PCD_EP_GetRxCount
                0x08002354       0x14 ./Drivers/STM32L5xx_HAL_Driver/Src/stm32l5xx_hal_pcd.o
                0x08002354                HAL_PCD_EP_GetRxCount
 .text.HAL_PCD_EP_Transmit
                0x08002368       0x3c ./Drivers/STM32L5xx_HAL_Driver/Src/stm32l5xx_hal_pcd.o
                0x08002368                HAL_PCD_EP_Transmit
 .text.HAL_PCD_EP_SetStall
                0x080023a4       0x7c ./Drivers/STM32L5xx_HAL_Driver/Src/stm32l5xx_hal_pcd.o
                0x080023a4                HAL_PCD_EP_SetStall
 .text.HAL_PCD_EP_ClrStall
                0x08002420       0x80 ./Drivers/STM32L5xx_HAL_Driver/Src/stm32l5xx_hal_pcd.o
                0x08002420                HAL_PCD_EP_ClrStall
 .text.HAL_PCDEx_PMAConfig
                0x080024a0       0x3c ./Drivers/STM32L5xx_HAL_Driver/Src/stm32l5xx_hal_pcd_ex.o
                0x080024a0                HAL_PCDEx_PMAConfig
 .text.HAL_PCDEx_ActivateLPM
                0x080024dc       0x34 ./Drivers/STM32L5xx_HAL_Driver/Src/stm32l5xx_hal_pcd_ex.o
                0x080024dc                HAL_PCDEx_ActivateLPM
 .text.HAL_PWR_EnableBkUpAccess
                0x08002510       0x10 ./Drivers/STM32L5xx_HAL_Driver/Src/stm32l5xx_hal_pwr.o
                0x08002510                HAL_PWR_EnableBkUpAccess
 .text.HAL_PWREx_GetVoltageRange
                0x08002520       0x10 ./Drivers/STM32L5xx_HAL_Driver/Src/stm32l5xx_hal_pwr_ex.o
                0x08002520                HAL_PWREx_GetVoltageRange
 .text.HAL_PWREx_ControlVoltageScaling
                0x08002530       0x80 ./Drivers/STM32L5xx_HAL_Driver/Src/stm32l5xx_hal_pwr_ex.o
                0x08002530                HAL_PWREx_ControlVoltageScaling
 .text.HAL_PWREx_EnableVddUSB
                0x080025b0       0x10 ./Drivers/STM32L5xx_HAL_Driver/Src/stm32l5xx_hal_pwr_ex.o
                0x080025b0                HAL_PWREx_EnableVddUSB
 .text.HAL_PWREx_DisableUCPDDeadBattery
                0x080025c0       0x10 ./Drivers/STM32L5xx_HAL_Driver/Src/stm32l5xx_hal_pwr_ex.o
                0x080025c0                HAL_PWREx_DisableUCPDDeadBattery
 .text.RCC_SetFlashLatencyFromMSIRange
                0x080025d0       0x84 ./Drivers/STM32L5xx_HAL_Driver/Src/stm32l5xx_hal_rcc.o
 .text.HAL_RCC_GetSysClockFreq
                0x08002654       0xa8 ./Drivers/STM32L5xx_HAL_Driver/Src/stm32l5xx_hal_rcc.o
                0x08002654                HAL_RCC_GetSysClockFreq
 .text.HAL_RCC_ClockConfig
                0x080026fc      0x290 ./Drivers/STM32L5xx_HAL_Driver/Src/stm32l5xx_hal_rcc.o
                0x080026fc                HAL_RCC_ClockConfig
 .text.HAL_RCC_OscConfig
                0x0800298c      0x784 ./Drivers/STM32L5xx_HAL_Driver/Src/stm32l5xx_hal_rcc.o
                0x0800298c                HAL_RCC_OscConfig
 .text.RCCEx_PLLSAI1_Config
                0x08003110      0x10c ./Drivers/STM32L5xx_HAL_Driver/Src/stm32l5xx_hal_rcc_ex.o
 .text.RCCEx_PLLSAI2_Config.constprop.0
                0x0800321c       0xc0 ./Drivers/STM32L5xx_HAL_Driver/Src/stm32l5xx_hal_rcc_ex.o
 .text.HAL_RCCEx_PeriphCLKConfig
                0x080032dc      0x4f8 ./Drivers/STM32L5xx_HAL_Driver/Src/stm32l5xx_hal_rcc_ex.o
                0x080032dc                HAL_RCCEx_PeriphCLKConfig
 .text.HAL_RCCEx_EnableMSIPLLMode
                0x080037d4       0x10 ./Drivers/STM32L5xx_HAL_Driver/Src/stm32l5xx_hal_rcc_ex.o
                0x080037d4                HAL_RCCEx_EnableMSIPLLMode
 .text.USB_EnableGlobalInt
                0x080037e4       0x14 ./Drivers/STM32L5xx_HAL_Driver/Src/stm32l5xx_ll_usb.o
                0x080037e4                USB_EnableGlobalInt
 .text.USB_DisableGlobalInt
                0x080037f8       0x14 ./Drivers/STM32L5xx_HAL_Driver/Src/stm32l5xx_ll_usb.o
                0x080037f8                USB_DisableGlobalInt
 .text.USB_DevInit
                0x0800380c       0x2c ./Drivers/STM32L5xx_HAL_Driver/Src/stm32l5xx_ll_usb.o
                0x0800380c                USB_DevInit
 .text.USB_ActivateEndpoint
                0x08003838      0x440 ./Drivers/STM32L5xx_HAL_Driver/Src/stm32l5xx_ll_usb.o
                0x08003838                USB_ActivateEndpoint
 .text.USB_DeactivateEndpoint
                0x08003c78      0x1cc ./Drivers/STM32L5xx_HAL_Driver/Src/stm32l5xx_ll_usb.o
                0x08003c78                USB_DeactivateEndpoint
 .text.USB_EPStartXfer
                0x08003e44      0x368 ./Drivers/STM32L5xx_HAL_Driver/Src/stm32l5xx_ll_usb.o
                0x08003e44                USB_EPStartXfer
 .text.USB_EPSetStall
                0x080041ac       0x50 ./Drivers/STM32L5xx_HAL_Driver/Src/stm32l5xx_ll_usb.o
                0x080041ac                USB_EPSetStall
 .text.USB_EPClearStall
                0x080041fc       0x9c ./Drivers/STM32L5xx_HAL_Driver/Src/stm32l5xx_ll_usb.o
                0x080041fc                USB_EPClearStall
 .text.USB_SetDevAddress
                0x08004298        0xc ./Drivers/STM32L5xx_HAL_Driver/Src/stm32l5xx_ll_usb.o
                0x08004298                USB_SetDevAddress
 .text.USB_DevConnect
                0x080042a4       0x18 ./Drivers/STM32L5xx_HAL_Driver/Src/stm32l5xx_ll_usb.o
                0x080042a4                USB_DevConnect
 .text.USB_ReadInterrupts
                0x080042bc        0x8 ./Drivers/STM32L5xx_HAL_Driver/Src/stm32l5xx_ll_usb.o
                0x080042bc                USB_ReadInterrupts
 .text.USB_WritePMA
                0x080042c4       0x20 ./Drivers/STM32L5xx_HAL_Driver/Src/stm32l5xx_ll_usb.o
                0x080042c4                USB_WritePMA
 .text.USB_ReadPMA
                0x080042e4       0x58 ./Drivers/STM32L5xx_HAL_Driver/Src/stm32l5xx_ll_usb.o
                0x080042e4                USB_ReadPMA
 .text.USBD_CDC_EP0_RxReady
                0x0800433c       0x38 ./Middlewares/ST/STM32_USB_Device_Library/Class/CDC/Src/usbd_cdc.o
 .text.USBD_CDC_GetDeviceQualifierDescriptor
                0x08004374       0x10 ./Middlewares/ST/STM32_USB_Device_Library/Class/CDC/Src/usbd_cdc.o
                0x08004374                USBD_CDC_GetDeviceQualifierDescriptor
 .text.USBD_CDC_GetFSCfgDesc
                0x08004384       0x48 ./Middlewares/ST/STM32_USB_Device_Library/Class/CDC/Src/usbd_cdc.o
 .text.USBD_CDC_GetOtherSpeedCfgDesc
                0x080043cc        0x4 ./Middlewares/ST/STM32_USB_Device_Library/Class/CDC/Src/usbd_cdc.o
 .text.USBD_CDC_GetHSCfgDesc
                0x080043d0       0x48 ./Middlewares/ST/STM32_USB_Device_Library/Class/CDC/Src/usbd_cdc.o
 .text.USBD_CDC_DataOut
                0x08004418       0x38 ./Middlewares/ST/STM32_USB_Device_Library/Class/CDC/Src/usbd_cdc.o
 .text.USBD_CDC_DataIn
                0x08004450       0x68 ./Middlewares/ST/STM32_USB_Device_Library/Class/CDC/Src/usbd_cdc.o
 .text.USBD_CDC_Setup
                0x080044b8       0xfc ./Middlewares/ST/STM32_USB_Device_Library/Class/CDC/Src/usbd_cdc.o
 .text.USBD_CDC_DeInit
                0x080045b4       0x60 ./Middlewares/ST/STM32_USB_Device_Library/Class/CDC/Src/usbd_cdc.o
 .text.USBD_CDC_Init
                0x08004614       0xd8 ./Middlewares/ST/STM32_USB_Device_Library/Class/CDC/Src/usbd_cdc.o
 .text.USBD_CDC_RegisterInterface
                0x080046ec       0x18 ./Middlewares/ST/STM32_USB_Device_Library/Class/CDC/Src/usbd_cdc.o
                0x080046ec                USBD_CDC_RegisterInterface
 .text.USBD_CDC_SetTxBuffer
                0x08004704       0x1c ./Middlewares/ST/STM32_USB_Device_Library/Class/CDC/Src/usbd_cdc.o
                0x08004704                USBD_CDC_SetTxBuffer
 .text.USBD_CDC_SetRxBuffer
                0x08004720       0x18 ./Middlewares/ST/STM32_USB_Device_Library/Class/CDC/Src/usbd_cdc.o
                0x08004720                USBD_CDC_SetRxBuffer
 .text.USBD_CDC_TransmitPacket
                0x08004738       0x38 ./Middlewares/ST/STM32_USB_Device_Library/Class/CDC/Src/usbd_cdc.o
                0x08004738                USBD_CDC_TransmitPacket
 .text.USBD_CDC_ReceivePacket
                0x08004770       0x34 ./Middlewares/ST/STM32_USB_Device_Library/Class/CDC/Src/usbd_cdc.o
                0x08004770                USBD_CDC_ReceivePacket
 .text.USBD_Init
                0x080047a4       0x28 ./Middlewares/ST/STM32_USB_Device_Library/Core/Src/usbd_core.o
                0x080047a4                USBD_Init
 .text.USBD_RegisterClass
                0x080047cc       0x38 ./Middlewares/ST/STM32_USB_Device_Library/Core/Src/usbd_core.o
                0x080047cc                USBD_RegisterClass
 .text.USBD_Start
                0x08004804        0x4 ./Middlewares/ST/STM32_USB_Device_Library/Core/Src/usbd_core.o
                0x08004804                USBD_Start
 .text.USBD_SetClassConfig
                0x08004808       0x10 ./Middlewares/ST/STM32_USB_Device_Library/Core/Src/usbd_core.o
                0x08004808                USBD_SetClassConfig
 .text.USBD_ClrClassConfig
                0x08004818       0x14 ./Middlewares/ST/STM32_USB_Device_Library/Core/Src/usbd_core.o
                0x08004818                USBD_ClrClassConfig
 .text.USBD_LL_SetupStage
                0x0800482c       0x60 ./Middlewares/ST/STM32_USB_Device_Library/Core/Src/usbd_core.o
                0x0800482c                USBD_LL_SetupStage
 .text.USBD_LL_DataOutStage
                0x0800488c       0x80 ./Middlewares/ST/STM32_USB_Device_Library/Core/Src/usbd_core.o
                0x0800488c                USBD_LL_DataOutStage
 .text.USBD_LL_DataInStage
                0x0800490c       0xc0 ./Middlewares/ST/STM32_USB_Device_Library/Core/Src/usbd_core.o
                0x0800490c                USBD_LL_DataInStage
 .text.USBD_LL_Reset
                0x080049cc       0x5c ./Middlewares/ST/STM32_USB_Device_Library/Core/Src/usbd_core.o
                0x080049cc                USBD_LL_Reset
 .text.USBD_LL_SetSpeed
                0x08004a28        0x8 ./Middlewares/ST/STM32_USB_Device_Library/Core/Src/usbd_core.o
                0x08004a28                USBD_LL_SetSpeed
 .text.USBD_LL_Suspend
                0x08004a30       0x20 ./Middlewares/ST/STM32_USB_Device_Library/Core/Src/usbd_core.o
                0x08004a30                USBD_LL_Suspend
 .text.USBD_LL_Resume
                0x08004a50       0x18 ./Middlewares/ST/STM32_USB_Device_Library/Core/Src/usbd_core.o
                0x08004a50                USBD_LL_Resume
 .text.USBD_LL_SOF
                0x08004a68       0x20 ./Middlewares/ST/STM32_USB_Device_Library/Core/Src/usbd_core.o
                0x08004a68                USBD_LL_SOF
 .text.USBD_CoreFindIF
                0x08004a88        0x4 ./Middlewares/ST/STM32_USB_Device_Library/Core/Src/usbd_core.o
                0x08004a88                USBD_CoreFindIF
 .text.USBD_CoreFindEP
                0x08004a8c        0x4 ./Middlewares/ST/STM32_USB_Device_Library/Core/Src/usbd_core.o
                0x08004a8c                USBD_CoreFindEP
 .text.USBD_GetEpDesc
                0x08004a90       0x38 ./Middlewares/ST/STM32_USB_Device_Library/Core/Src/usbd_core.o
                0x08004a90                USBD_GetEpDesc
 .text.USBD_StdDevReq
                0x08004ac8      0x37c ./Middlewares/ST/STM32_USB_Device_Library/Core/Src/usbd_ctlreq.o
                0x08004ac8                USBD_StdDevReq
 .text.USBD_StdItfReq
                0x08004e44       0x80 ./Middlewares/ST/STM32_USB_Device_Library/Core/Src/usbd_ctlreq.o
                0x08004e44                USBD_StdItfReq
 .text.USBD_StdEPReq
                0x08004ec4      0x164 ./Middlewares/ST/STM32_USB_Device_Library/Core/Src/usbd_ctlreq.o
                0x08004ec4                USBD_StdEPReq
 .text.USBD_ParseSetupRequest
                0x08005028       0x18 ./Middlewares/ST/STM32_USB_Device_Library/Core/Src/usbd_ctlreq.o
                0x08005028                USBD_ParseSetupRequest
 .text.USBD_CtlError
                0x08005040       0x18 ./Middlewares/ST/STM32_USB_Device_Library/Core/Src/usbd_ctlreq.o
                0x08005040                USBD_CtlError
 .text.USBD_GetString
                0x08005058       0x58 ./Middlewares/ST/STM32_USB_Device_Library/Core/Src/usbd_ctlreq.o
                0x08005058                USBD_GetString
 .text.USBD_CtlSendData
                0x080050b0       0x20 ./Middlewares/ST/STM32_USB_Device_Library/Core/Src/usbd_ioreq.o
                0x080050b0                USBD_CtlSendData
 .text.USBD_CtlContinueSendData
                0x080050d0       0x14 ./Middlewares/ST/STM32_USB_Device_Library/Core/Src/usbd_ioreq.o
                0x080050d0                USBD_CtlContinueSendData
 .text.USBD_CtlPrepareRx
                0x080050e4       0x20 ./Middlewares/ST/STM32_USB_Device_Library/Core/Src/usbd_ioreq.o
                0x080050e4                USBD_CtlPrepareRx
 .text.USBD_CtlContinueRx
                0x08005104       0x14 ./Middlewares/ST/STM32_USB_Device_Library/Core/Src/usbd_ioreq.o
                0x08005104                USBD_CtlContinueRx
 .text.USBD_CtlSendStatus
                0x08005118       0x18 ./Middlewares/ST/STM32_USB_Device_Library/Core/Src/usbd_ioreq.o
                0x08005118                USBD_CtlSendStatus
 .text.USBD_CtlReceiveStatus
                0x08005130       0x18 ./Middlewares/ST/STM32_USB_Device_Library/Core/Src/usbd_ioreq.o
                0x08005130                USBD_CtlReceiveStatus
 .text.MX_USB_Device_Init
                0x08005148       0x74 ./USB_Device/App/usb_device.o
                0x08005148                MX_USB_Device_Init
 .text.CDC_Control_FS
                0x080051bc        0x4 ./USB_Device/App/usbd_cdc_if.o
 .text.CDC_TransmitCplt_FS
                0x080051c0        0x4 ./USB_Device/App/usbd_cdc_if.o
 .text.CDC_Receive_FS
                0x080051c4       0x24 ./USB_Device/App/usbd_cdc_if.o
 .text.CDC_DeInit_FS
                0x080051e8        0xc ./USB_Device/App/usbd_cdc_if.o
 .text.CDC_Init_FS
                0x080051f4       0x30 ./USB_Device/App/usbd_cdc_if.o
 .text.CDC_Transmit_FS
                0x08005224       0x58 ./USB_Device/App/usbd_cdc_if.o
                0x08005224                CDC_Transmit_FS
 .text.USBD_CDC_DeviceDescriptor
                0x0800527c        0xc ./USB_Device/App/usbd_desc.o
                0x0800527c                USBD_CDC_DeviceDescriptor
 .text.USBD_CDC_LangIDStrDescriptor
                0x08005288        0xc ./USB_Device/App/usbd_desc.o
                0x08005288                USBD_CDC_LangIDStrDescriptor
 .text.USBD_CDC_ManufacturerStrDescriptor
                0x08005294       0x1c ./USB_Device/App/usbd_desc.o
                0x08005294                USBD_CDC_ManufacturerStrDescriptor
 .text.USBD_CDC_ProductStrDescriptor
                0x080052b0       0x1c ./USB_Device/App/usbd_desc.o
                0x080052b0                USBD_CDC_ProductStrDescriptor
 .text.USBD_CDC_ConfigStrDescriptor
                0x080052cc       0x1c ./USB_Device/App/usbd_desc.o
                0x080052cc                USBD_CDC_ConfigStrDescriptor
 .text.USBD_CDC_InterfaceStrDescriptor
                0x080052e8       0x1c ./USB_Device/App/usbd_desc.o
                0x080052e8                USBD_CDC_InterfaceStrDescriptor
 .text.USBD_CDC_SerialStrDescriptor
                0x08005304       0x78 ./USB_Device/App/usbd_desc.o
                0x08005304                USBD_CDC_SerialStrDescriptor
 *fill*         0x0800537c        0x4 
 .text.HAL_PCD_MspInit
                0x08005380       0xac ./USB_Device/Target/usbd_conf.o
                0x08005380                HAL_PCD_MspInit
 .text.HAL_PCD_SetupStageCallback
                0x0800542c       0x50 ./USB_Device/Target/usbd_conf.o
                0x0800542c                HAL_PCD_SetupStageCallback
 .text.HAL_PCD_DataOutStageCallback
                0x0800547c       0x34 ./USB_Device/Target/usbd_conf.o
                0x0800547c                HAL_PCD_DataOutStageCallback
 .text.HAL_PCD_DataInStageCallback
                0x080054b0       0x34 ./USB_Device/Target/usbd_conf.o
                0x080054b0                HAL_PCD_DataInStageCallback
 .text.HAL_PCD_SOFCallback
                0x080054e4        0x8 ./USB_Device/Target/usbd_conf.o
                0x080054e4                HAL_PCD_SOFCallback
 .text.HAL_PCD_ResetCallback
                0x080054ec       0x38 ./USB_Device/Target/usbd_conf.o
                0x080054ec                HAL_PCD_ResetCallback
 .text.HAL_PCD_SuspendCallback
                0x08005524       0x34 ./USB_Device/Target/usbd_conf.o
                0x08005524                HAL_PCD_SuspendCallback
 .text.HAL_PCD_ResumeCallback
                0x08005558       0x44 ./USB_Device/Target/usbd_conf.o
                0x08005558                HAL_PCD_ResumeCallback
 .text.USBD_LL_Init
                0x0800559c       0x98 ./USB_Device/Target/usbd_conf.o
                0x0800559c                USBD_LL_Init
 .text.USBD_LL_Start
                0x08005634       0x70 ./USB_Device/Target/usbd_conf.o
                0x08005634                USBD_LL_Start
 .text.USBD_LL_OpenEP
                0x080056a4       0x28 ./USB_Device/Target/usbd_conf.o
                0x080056a4                USBD_LL_OpenEP
 .text.USBD_LL_CloseEP
                0x080056cc       0x18 ./USB_Device/Target/usbd_conf.o
                0x080056cc                USBD_LL_CloseEP
 .text.USBD_LL_StallEP
                0x080056e4       0x18 ./USB_Device/Target/usbd_conf.o
                0x080056e4                USBD_LL_StallEP
 .text.USBD_LL_ClearStallEP
                0x080056fc       0x18 ./USB_Device/Target/usbd_conf.o
                0x080056fc                USBD_LL_ClearStallEP
 .text.USBD_LL_IsStallEP
                0x08005714       0x28 ./USB_Device/Target/usbd_conf.o
                0x08005714                USBD_LL_IsStallEP
 .text.USBD_LL_SetUSBAddress
                0x0800573c       0x18 ./USB_Device/Target/usbd_conf.o
                0x0800573c                USBD_LL_SetUSBAddress
 .text.USBD_LL_Transmit
                0x08005754       0x18 ./USB_Device/Target/usbd_conf.o
                0x08005754                USBD_LL_Transmit
 .text.USBD_LL_PrepareReceive
                0x0800576c       0x18 ./USB_Device/Target/usbd_conf.o
                0x0800576c                USBD_LL_PrepareReceive
 .text.USBD_LL_GetRxDataSize
                0x08005784        0x8 ./USB_Device/Target/usbd_conf.o
                0x08005784                USBD_LL_GetRxDataSize
 .text.HAL_PCDEx_LPM_Callback
                0x0800578c       0x54 ./USB_Device/Target/usbd_conf.o
                0x0800578c                HAL_PCDEx_LPM_Callback
 .text.USBD_static_malloc
                0x080057e0        0x8 ./USB_Device/Target/usbd_conf.o
                0x080057e0                USBD_static_malloc
 .text.USBD_static_free
                0x080057e8        0x4 ./USB_Device/Target/usbd_conf.o
                0x080057e8                USBD_static_free
 .text.memset   0x080057ec       0x10 C:/ST/STM32CubeIDE_2.0.0/STM32CubeIDE/plugins/com.st.stm32cube.ide.mcu.externaltools.gnu-tools-for-stm32.13.3.rel1.win32_1.0.100.202509120712/tools/bin/../lib/gcc/arm-none-eabi/13.3.1/../../../../arm-none-eabi/lib/thumb/v8-m.main+fp/hard\libc_nano.a(libc_a-memset.o)
                0x080057ec                memset
 .text.__libc_init_array
                0x080057fc       0x48 C:/ST/STM32CubeIDE_2.0.0/STM32CubeIDE/plugins/com.st.stm32cube.ide.mcu.externaltools.gnu-tools-for-stm32.13.3.rel1.win32_1.0.100.202509120712/tools/bin/../lib/gcc/arm-none-eabi/13.3.1/../../../../arm-none-eabi/lib/thumb/v8-m.main+fp/hard\libc_nano.a(libc_a-init.o)
                0x080057fc                __libc_init_array
 .text.memcpy   0x08005844       0x1a C:/ST/STM32CubeIDE_2.0.0/STM32CubeIDE/plugins/com.st.stm32cube.ide.mcu.externaltools.gnu-tools-for-stm32.13.3.rel1.win32_1.0.100.202509120712/tools/bin/../lib/gcc/arm-none-eabi/13.3.1/../../../../arm-none-eabi/lib/thumb/v8-m.main+fp/hard\libc_nano.a(libc_a-memcpy-stub.o)
                0x08005844                memcpy
 *(.glue_7)
 .glue_7        0x0800585e        0x0 linker stubs
 *(.glue_7t)
 .glue_7t       0x0800585e        0x0 linker stubs
 *(.eh_frame)
 *fill*         0x0800585e        0x2 
 .eh_frame      0x08005860        0x0 C:/ST/STM32CubeIDE_2.0.0/STM32CubeIDE/plugins/com.st.stm32cube.ide.mcu.externaltools.gnu-tools-for-stm32.13.3.rel1.win32_1.0.100.202509120712/tools/bin/../lib/gcc/arm-none-eabi/13.3.1/thumb/v8-m.main+fp/hard/crtbegin.o
 *(.init)
 .init          0x08005860        0x4 C:/ST/STM32CubeIDE_2.0.0/STM32CubeIDE/plugins/com.st.stm32cube.ide.mcu.externaltools.gnu-tools-for-stm32.13.3.rel1.win32_1.0.100.202509120712/tools/bin/../lib/gcc/arm-none-eabi/13.3.1/thumb/v8-m.main+fp/hard/crti.o
                0x08005860                _init
 .init          0x08005864        0x8 C:/ST/STM32CubeIDE_2.0.0/STM32CubeIDE/plugins/com.st.stm32cube.ide.mcu.externaltools.gnu-tools-for-stm32.13.3.rel1.win32_1.0.100.202509120712/tools/bin/../lib/gcc/arm-none-eabi/13.3.1/thumb/v8-m.main+fp/hard/crtn.o
 *(.fini)
 .fini          0x0800586c        0x4 C:/ST/STM32CubeIDE_2.0.0/STM32CubeIDE/plugins/com.st.stm32cube.ide.mcu.externaltools.gnu-tools-for-stm32.13.3.rel1.win32_1.0.100.202509120712/tools/bin/../lib/gcc/arm-none-eabi/13.3.1/thumb/v8-m.main+fp/hard/crti.o
                0x0800586c                _fini
 .fini          0x08005870        0x8 C:/ST/STM32CubeIDE_2.0.0/STM32CubeIDE/plugins/com.st.stm32cube.ide.mcu.externaltools.gnu-tools-for-stm32.13.3.rel1.win32_1.0.100.202509120712/tools/bin/../lib/gcc/arm-none-eabi/13.3.1/thumb/v8-m.main+fp/hard/crtn.o
                0x08005878                        . = ALIGN (0x4)
                0x08005878                        _etext = .

.vfp11_veneer   0x08005878        0x0
 .vfp11_veneer  0x08005878        0x0 linker stubs

.v4_bx          0x08005878        0x0
 .v4_bx         0x08005878        0x0 linker stubs

.iplt           0x08005878        0x0
 .iplt          0x08005878        0x0 C:/ST/STM32CubeIDE_2.0.0/STM32CubeIDE/plugins/com.st.stm32cube.ide.mcu.externaltools.gnu-tools-for-stm32.13.3.rel1.win32_1.0.100.202509120712/tools/bin/../lib/gcc/arm-none-eabi/13.3.1/thumb/v8-m.main+fp/hard/crtbegin.o

.rodata         0x08005878       0xf0
                0x08005878                        . = ALIGN (0x4)
 *(.rodata)
 *(.rodata*)
 .rodata.CSWTCH.15
                0x08005878       0x3c ./Core/Src/can.o
 .rodata.CSWTCH.18
                0x080058b4        0xf ./Core/Src/main.o
 *fill*         0x080058c3        0x1 
 .rodata.MSIRangeTable
                0x080058c4       0x40 ./Core/Src/system_stm32l5xx.o
                0x080058c4                MSIRangeTable
 .rodata.AHBPrescTable
                0x08005904       0x10 ./Core/Src/system_stm32l5xx.o
                0x08005904                AHBPrescTable
 .rodata.DLCtoBytes
                0x08005914       0x10 ./Drivers/STM32L5xx_HAL_Driver/Src/stm32l5xx_hal_fdcan.o
 .rodata.USBD_CDC_ManufacturerStrDescriptor.str1.4
                0x08005924       0x43 ./USB_Device/App/usbd_desc.o
                                  0x4 (size before relaxing)
 .rodata.USBD_CDC_ProductStrDescriptor.str1.4
                0x08005967        0x0 ./USB_Device/App/usbd_desc.o
                                 0x13 (size before relaxing)
 .rodata.USBD_CDC_ConfigStrDescriptor.str1.4
                0x08005967        0x0 ./USB_Device/App/usbd_desc.o
                                 0x14 (size before relaxing)
 .rodata.USBD_CDC_InterfaceStrDescriptor.str1.4
                0x08005967        0x0 ./USB_Device/App/usbd_desc.o
                                 0x17 (size before relaxing)
                0x08005968                        . = ALIGN (0x4)
 *fill*         0x08005967        0x1 

.ARM.extab      0x08005968        0x0
                0x08005968                        . = ALIGN (0x4)
 *(.ARM.extab* .gnu.linkonce.armextab.*)
                0x08005968                        . = ALIGN (0x4)

.ARM            0x08005968        0x8
                0x08005968                        . = ALIGN (0x4)
                0x08005968                        __exidx_start = .
 *(.ARM.exidx*)
 .ARM.exidx     0x08005968        0x8 C:/ST/STM32CubeIDE_2.0.0/STM32CubeIDE/plugins/com.st.stm32cube.ide.mcu.externaltools.gnu-tools-for-stm32.13.3.rel1.win32_1.0.100.202509120712/tools/bin/../lib/gcc/arm-none-eabi/13.3.1/../../../../arm-none-eabi/lib/thumb/v8-m.main+fp/hard\libc_nano.a(libc_a-strlen.o)
                0x08005970                        __exidx_end = .
                0x08005970                        . = ALIGN (0x4)

.preinit_array  0x08005970        0x0
                0x08005970                        . = ALIGN (0x4)
                0x08005970                        PROVIDE (__preinit_array_start = .)
 *(.preinit_array*)
                0x08005970                        PROVIDE (__preinit_array_end = .)
                0x08005970                        . = ALIGN (0x4)

.init_array     0x08005970        0x4
                0x08005970                        . = ALIGN (0x4)
                0x08005970                        PROVIDE (__init_array_start = .)
 *(SORT_BY_NAME(.init_array.*))
 *(.init_array*)
 .init_array    0x08005970        0x4 C:/ST/STM32CubeIDE_2.0.0/STM32CubeIDE/plugins/com.st.stm32cube.ide.mcu.externaltools.gnu-tools-for-stm32.13.3.rel1.win32_1.0.100.202509120712/tools/bin/../lib/gcc/arm-none-eabi/13.3.1/thumb/v8-m.main+fp/hard/crtbegin.o
                0x08005974                        PROVIDE (__init_array_end = .)
                0x08005974                        . = ALIGN (0x4)

.fini_array     0x08005974        0x4
                0x08005974                        . = ALIGN (0x4)
                [!provide]                        PROVIDE (__fini_array_start = .)
 *(SORT_BY_NAME(.fini_array.*))
 *(.fini_array*)
 .fini_array    0x08005974        0x4 C:/ST/STM32CubeIDE_2.0.0/STM32CubeIDE/plugins/com.st.stm32cube.ide.mcu.externaltools.gnu-tools-for-stm32.13.3.rel1.win32_1.0.100.202509120712/tools/bin/../lib/gcc/arm-none-eabi/13.3.1/thumb/v8-m.main+fp/hard/crtbegin.o
                [!provide]                        PROVIDE (__fini_array_end = .)
                0x08005978                        . = ALIGN (0x4)
                0x08005978                        _sidata = LOADADDR (.data)

.rel.dyn        0x08005978        0x0
 .rel.iplt      0x08005978        0x0 C:/ST/STM32CubeIDE_2.0.0/STM32CubeIDE/plugins/com.st.stm32cube.ide.mcu.externaltools.gnu-tools-for-stm32.13.3.rel1.win32_1.0.100.202509120712/tools/bin/../lib/gcc/arm-none-eabi/13.3.1/thumb/v8-m.main+fp/hard/crtbegin.o

.data           0x20000000       0xfc load address 0x08005978
                0x20000000                        . = ALIGN (0x4)
                0x20000000                        _sdata = .
 *(.data)
 *(.data*)
 .data.SystemCoreClock
                0x20000000        0x4 ./Core/Src/system_stm32l5xx.o
                0x20000000                SystemCoreClock
 .data.uwTickFreq
                0x20000004        0x1 ./Drivers/STM32L5xx_HAL_Driver/Src/stm32l5xx_hal.o
                0x20000004                uwTickFreq
 *fill*         0x20000005        0x3 
 .data.uwTickPrio
                0x20000008        0x4 ./Drivers/STM32L5xx_HAL_Driver/Src/stm32l5xx_hal.o
                0x20000008                uwTickPrio
 .data.USBD_CDC_CfgDesc
                0x2000000c       0x43 ./Middlewares/ST/STM32_USB_Device_Library/Class/CDC/Src/usbd_cdc.o
 *fill*         0x2000004f        0x1 
 .data.USBD_CDC
                0x20000050       0x38 ./Middlewares/ST/STM32_USB_Device_Library/Class/CDC/Src/usbd_cdc.o
                0x20000050                USBD_CDC
 .data.USBD_CDC_DeviceQualifierDesc
                0x20000088        0xa ./Middlewares/ST/STM32_USB_Device_Library/Class/CDC/Src/usbd_cdc.o
 *fill*         0x20000092        0x2 
 .data.USBD_Interface_fops_FS
                0x20000094       0x14 ./USB_Device/App/usbd_cdc_if.o
                0x20000094                USBD_Interface_fops_FS
 .data.USBD_StringSerial
                0x200000a8       0x1a ./USB_Device/App/usbd_desc.o
                0x200000a8                USBD_StringSerial
 *fill*         0x200000c2        0x2 
 .data.USBD_LangIDDesc
                0x200000c4        0x4 ./USB_Device/App/usbd_desc.o
                0x200000c4                USBD_LangIDDesc
 .data.USBD_CDC_DeviceDesc
                0x200000c8       0x12 ./USB_Device/App/usbd_desc.o
                0x200000c8                USBD_CDC_DeviceDesc
 *fill*         0x200000da        0x2 
 .data.CDC_Desc
                0x200000dc       0x20 ./USB_Device/App/usbd_desc.o
                0x200000dc                CDC_Desc
 *(.RamFunc)
 *(.RamFunc*)
                0x200000fc                        . = ALIGN (0x4)
                0x200000fc                        _edata = .

.igot.plt       0x200000fc        0x0 load address 0x08005a74
 .igot.plt      0x200000fc        0x0 C:/ST/STM32CubeIDE_2.0.0/STM32CubeIDE/plugins/com.st.stm32cube.ide.mcu.externaltools.gnu-tools-for-stm32.13.3.rel1.win32_1.0.100.202509120712/tools/bin/../lib/gcc/arm-none-eabi/13.3.1/thumb/v8-m.main+fp/hard/crtbegin.o
                0x200000fc                        . = ALIGN (0x4)

.bss            0x200000fc     0xc794 load address 0x08005a74
                0x200000fc                        _sbss = .
                0x200000fc                        __bss_start__ = _sbss
 *(.bss)
 .bss           0x200000fc       0x1c C:/ST/STM32CubeIDE_2.0.0/STM32CubeIDE/plugins/com.st.stm32cube.ide.mcu.externaltools.gnu-tools-for-stm32.13.3.rel1.win32_1.0.100.202509120712/tools/bin/../lib/gcc/arm-none-eabi/13.3.1/thumb/v8-m.main+fp/hard/crtbegin.o
 *(.bss*)
 .bss.batch.0   0x20000118     0x4000 ./Core/Src/can.o
 .bss.hfdcan1   0x20004118       0x64 ./Core/Src/fdcan.o
                0x20004118                hfdcan1
 .bss.s_fdcan_rx_tail
                0x2000417c        0x1 ./Core/Src/fdcan.o
 .bss.s_fdcan_rx_head
                0x2000417d        0x1 ./Core/Src/fdcan.o
 *fill*         0x2000417e        0x2 
 .bss.fdcan1_debug_cb
                0x20004180        0x4 ./Core/Src/fdcan.o
                0x20004180                fdcan1_debug_cb
 .bss.fdcan_rx_error_count
                0x20004184        0x4 ./Core/Src/fdcan.o
                0x20004184                fdcan_rx_error_count
 .bss.fdcan_rx_count
                0x20004188        0x4 ./Core/Src/fdcan.o
                0x20004188                fdcan_rx_count
 .bss.fdcan_tx_count
                0x2000418c        0x4 ./Core/Src/fdcan.o
                0x2000418c                fdcan_tx_count
 .bss.last_recovery_tick.0
                0x20004190        0x4 ./Core/Src/main.o
 .bss.fdcan_rx_tail
                0x20004194        0x1 ./Core/Src/main.o
 .bss.fdcan_rx_head
                0x20004195        0x1 ./Core/Src/main.o
 *fill*         0x20004196        0x2 
 .bss.fdcan_rx_queue
                0x20004198     0x3400 ./Core/Src/main.o
 .bss.fdcan_first_seq_seen
                0x20007598        0x1 ./Core/Src/main.o
                0x20007598                fdcan_first_seq_seen
 .bss.fdcan_expected_seq
                0x20007599        0x1 ./Core/Src/main.o
                0x20007599                fdcan_expected_seq
 *fill*         0x2000759a        0x2 
 .bss.fdcan_seq_skip_count
                0x2000759c        0x4 ./Core/Src/main.o
                0x2000759c                fdcan_seq_skip_count
 .bss.fdcan_rx_last_len
                0x200075a0        0x1 ./Core/Src/main.o
                0x200075a0                fdcan_rx_last_len
 *fill*         0x200075a1        0x3 
 .bss.fdcan_rx_last_id
                0x200075a4        0x4 ./Core/Src/main.o
                0x200075a4                fdcan_rx_last_id
 .bss.fdcan_notif_err_count
                0x200075a8        0x4 ./Core/Src/main.o
                0x200075a8                fdcan_notif_err_count
 .bss.fdcan_rx_err_count
                0x200075ac        0x4 ./Core/Src/main.o
                0x200075ac                fdcan_rx_err_count
 .bss.fdcan_rx_msg_count
                0x200075b0        0x4 ./Core/Src/main.o
                0x200075b0                fdcan_rx_msg_count
 .bss.s_rx_buffer
                0x200075b4       0x80 ./Drivers/BFR_Krill_Drivers/src/usb_driver.o
 .bss.s_rx_tail
                0x20007634        0x2 ./Drivers/BFR_Krill_Drivers/src/usb_driver.o
 .bss.s_rx_head
                0x20007636        0x2 ./Drivers/BFR_Krill_Drivers/src/usb_driver.o
 .bss.s_usb_configured
                0x20007638        0x1 ./Drivers/BFR_Krill_Drivers/src/usb_driver.o
 *fill*         0x20007639        0x3 
 .bss.uwTick    0x2000763c        0x4 ./Drivers/STM32L5xx_HAL_Driver/Src/stm32l5xx_hal.o
                0x2000763c                uwTick
 .bss.cfgidx.0  0x20007640        0x1 ./Middlewares/ST/STM32_USB_Device_Library/Core/Src/usbd_ctlreq.o
 *fill*         0x20007641        0x3 
 .bss.hUsbDeviceFS
                0x20007644      0x2dc ./USB_Device/App/usb_device.o
                0x20007644                hUsbDeviceFS
 .bss.UserTxBufferFS
                0x20007920     0x4000 ./USB_Device/App/usbd_cdc_if.o
                0x20007920                UserTxBufferFS
 .bss.UserRxBufferFS
                0x2000b920      0x800 ./USB_Device/App/usbd_cdc_if.o
                0x2000b920                UserRxBufferFS
 .bss.USBD_StrDesc
                0x2000c120      0x200 ./USB_Device/App/usbd_desc.o
                0x2000c120                USBD_StrDesc
 .bss.mem.0     0x2000c320      0x220 ./USB_Device/Target/usbd_conf.o
 .bss.usbdiag   0x2000c540       0x74 ./USB_Device/Target/usbd_conf.o
                0x2000c540                usbdiag
 .bss.hpcd_USB_FS
                0x2000c5b4      0x2dc ./USB_Device/Target/usbd_conf.o
                0x2000c5b4                hpcd_USB_FS
 *(COMMON)
                0x2000c890                        . = ALIGN (0x4)
                0x2000c890                        _ebss = .
                0x2000c890                        __bss_end__ = _ebss

._user_heap_stack
                0x2000c890      0x600 load address 0x08005a74
                0x2000c890                        . = ALIGN (0x8)
                [!provide]                        PROVIDE (end = .)
                0x2000c890                        PROVIDE (_end = .)
                0x2000ca90                        . = (. + _Min_Heap_Size)
 *fill*         0x2000c890      0x200 
                0x2000ce90                        . = (. + _Min_Stack_Size)
 *fill*         0x2000ca90      0x400 
                0x2000ce90                        . = ALIGN (0x8)

/DISCARD/
 libc.a(*)
 libm.a(*)
 libgcc.a(*)

.ARM.attributes
                0x00000000       0x36
 *(.ARM.attributes)
 .ARM.attributes
                0x00000000       0x26 C:/ST/STM32CubeIDE_2.0.0/STM32CubeIDE/plugins/com.st.stm32cube.ide.mcu.externaltools.gnu-tools-for-stm32.13.3.rel1.win32_1.0.100.202509120712/tools/bin/../lib/gcc/arm-none-eabi/13.3.1/thumb/v8-m.main+fp/hard/crti.o
 .ARM.attributes
                0x00000026       0x38 C:/ST/STM32CubeIDE_2.0.0/STM32CubeIDE/plugins/com.st.stm32cube.ide.mcu.externaltools.gnu-tools-for-stm32.13.3.rel1.win32_1.0.100.202509120712/tools/bin/../lib/gcc/arm-none-eabi/13.3.1/thumb/v8-m.main+fp/hard/crtbegin.o
 .ARM.attributes
                0x0000005e       0x3a ./Core/Src/can.o
 .ARM.attributes
                0x00000098       0x3a ./Core/Src/fdcan.o
 .ARM.attributes
                0x000000d2       0x3a ./Core/Src/gpio.o
 .ARM.attributes
                0x0000010c       0x3a ./Core/Src/icache.o
 .ARM.attributes
                0x00000146       0x3a ./Core/Src/main.o
 .ARM.attributes
                0x00000180       0x3a ./Core/Src/stm32l5xx_hal_msp.o
 .ARM.attributes
                0x000001ba       0x3a ./Core/Src/stm32l5xx_it.o
 .ARM.attributes
                0x000001f4       0x3a ./Core/Src/system_stm32l5xx.o
 .ARM.attributes
                0x0000022e       0x24 ./Core/Startup/startup_stm32l552cctx.o
 .ARM.attributes
                0x00000252       0x3a ./Drivers/BFR_Krill_Drivers/src/usb_driver.o
 .ARM.attributes
                0x0000028c       0x3a ./Drivers/STM32L5xx_HAL_Driver/Src/stm32l5xx_hal.o
 .ARM.attributes
                0x000002c6       0x3a ./Drivers/STM32L5xx_HAL_Driver/Src/stm32l5xx_hal_cortex.o
 .ARM.attributes
                0x00000300       0x3a ./Drivers/STM32L5xx_HAL_Driver/Src/stm32l5xx_hal_fdcan.o
 .ARM.attributes
                0x0000033a       0x3a ./Drivers/STM32L5xx_HAL_Driver/Src/stm32l5xx_hal_gpio.o
 .ARM.attributes
                0x00000374       0x3a ./Drivers/STM32L5xx_HAL_Driver/Src/stm32l5xx_hal_icache.o
 .ARM.attributes
                0x000003ae       0x3a ./Drivers/STM32L5xx_HAL_Driver/Src/stm32l5xx_hal_pcd.o
 .ARM.attributes
                0x000003e8       0x3a ./Drivers/STM32L5xx_HAL_Driver/Src/stm32l5xx_hal_pcd_ex.o
 .ARM.attributes
                0x00000422       0x3a ./Drivers/STM32L5xx_HAL_Driver/Src/stm32l5xx_hal_pwr.o
 .ARM.attributes
                0x0000045c       0x3a ./Drivers/STM32L5xx_HAL_Driver/Src/stm32l5xx_hal_pwr_ex.o
 .ARM.attributes
                0x00000496       0x3a ./Drivers/STM32L5xx_HAL_Driver/Src/stm32l5xx_hal_rcc.o
 .ARM.attributes
                0x000004d0       0x3a ./Drivers/STM32L5xx_HAL_Driver/Src/stm32l5xx_hal_rcc_ex.o
 .ARM.attributes
                0x0000050a       0x3a ./Drivers/STM32L5xx_HAL_Driver/Src/stm32l5xx_ll_usb.o
 .ARM.attributes
                0x00000544       0x3a ./Middlewares/ST/STM32_USB_Device_Library/Class/CDC/Src/usbd_cdc.o
 .ARM.attributes
                0x0000057e       0x3a ./Middlewares/ST/STM32_USB_Device_Library/Core/Src/usbd_core.o
 .ARM.attributes
                0x000005b8       0x3a ./Middlewares/ST/STM32_USB_Device_Library/Core/Src/usbd_ctlreq.o
 .ARM.attributes
                0x000005f2       0x3a ./Middlewares/ST/STM32_USB_Device_Library/Core/Src/usbd_ioreq.o
 .ARM.attributes
                0x0000062c       0x3a ./USB_Device/App/usb_device.o
 .ARM.attributes
                0x00000666       0x3a ./USB_Device/App/usbd_cdc_if.o
 .ARM.attributes
                0x000006a0       0x3a ./USB_Device/App/usbd_desc.o
 .ARM.attributes
                0x000006da       0x3a ./USB_Device/Target/usbd_conf.o
 .ARM.attributes
                0x00000714       0x38 C:/ST/STM32CubeIDE_2.0.0/STM32CubeIDE/plugins/com.st.stm32cube.ide.mcu.externaltools.gnu-tools-for-stm32.13.3.rel1.win32_1.0.100.202509120712/tools/bin/../lib/gcc/arm-none-eabi/13.3.1/../../../../arm-none-eabi/lib/thumb/v8-m.main+fp/hard\libc_nano.a(libc_a-memset.o)
 .ARM.attributes
                0x0000074c       0x38 C:/ST/STM32CubeIDE_2.0.0/STM32CubeIDE/plugins/com.st.stm32cube.ide.mcu.externaltools.gnu-tools-for-stm32.13.3.rel1.win32_1.0.100.202509120712/tools/bin/../lib/gcc/arm-none-eabi/13.3.1/../../../../arm-none-eabi/lib/thumb/v8-m.main+fp/hard\libc_nano.a(libc_a-init.o)
 .ARM.attributes
                0x00000784       0x38 C:/ST/STM32CubeIDE_2.0.0/STM32CubeIDE/plugins/com.st.stm32cube.ide.mcu.externaltools.gnu-tools-for-stm32.13.3.rel1.win32_1.0.100.202509120712/tools/bin/../lib/gcc/arm-none-eabi/13.3.1/../../../../arm-none-eabi/lib/thumb/v8-m.main+fp/hard\libc_nano.a(libc_a-memcpy-stub.o)
 .ARM.attributes
                0x000007bc       0x24 C:/ST/STM32CubeIDE_2.0.0/STM32CubeIDE/plugins/com.st.stm32cube.ide.mcu.externaltools.gnu-tools-for-stm32.13.3.rel1.win32_1.0.100.202509120712/tools/bin/../lib/gcc/arm-none-eabi/13.3.1/../../../../arm-none-eabi/lib/thumb/v8-m.main+fp/hard\libc_nano.a(libc_a-strlen.o)
 .ARM.attributes
                0x000007e0       0x26 C:/ST/STM32CubeIDE_2.0.0/STM32CubeIDE/plugins/com.st.stm32cube.ide.mcu.externaltools.gnu-tools-for-stm32.13.3.rel1.win32_1.0.100.202509120712/tools/bin/../lib/gcc/arm-none-eabi/13.3.1/thumb/v8-m.main+fp/hard/crtn.o
OUTPUT(mk11-mdu-code.elf elf32-littlearm)
LOAD linker stubs
LOAD C:/ST/STM32CubeIDE_2.0.0/STM32CubeIDE/plugins/com.st.stm32cube.ide.mcu.externaltools.gnu-tools-for-stm32.13.3.rel1.win32_1.0.100.202509120712/tools/bin/../lib/gcc/arm-none-eabi/13.3.1/../../../../arm-none-eabi/lib/thumb/v8-m.main+fp/hard\libc.a
LOAD C:/ST/STM32CubeIDE_2.0.0/STM32CubeIDE/plugins/com.st.stm32cube.ide.mcu.externaltools.gnu-tools-for-stm32.13.3.rel1.win32_1.0.100.202509120712/tools/bin/../lib/gcc/arm-none-eabi/13.3.1/../../../../arm-none-eabi/lib/thumb/v8-m.main+fp/hard\libm.a
LOAD C:/ST/STM32CubeIDE_2.0.0/STM32CubeIDE/plugins/com.st.stm32cube.ide.mcu.externaltools.gnu-tools-for-stm32.13.3.rel1.win32_1.0.100.202509120712/tools/bin/../lib/gcc/arm-none-eabi/13.3.1/thumb/v8-m.main+fp/hard\libgcc.a

.debug_info     0x00000000    0x1bfc7
 .debug_info    0x00000000      0xf67 ./Core/Src/can.o
 .debug_info    0x00000f67     0x1a67 ./Core/Src/fdcan.o
 .debug_info    0x000029ce      0x3ab ./Core/Src/gpio.o
 .debug_info    0x00002d79       0xe4 ./Core/Src/icache.o
 .debug_info    0x00002e5d     0x1637 ./Core/Src/main.o
 .debug_info    0x00004494      0x38b ./Core/Src/stm32l5xx_hal_msp.o
 .debug_info    0x0000481f      0xd45 ./Core/Src/stm32l5xx_it.o
 .debug_info    0x00005564      0x800 ./Core/Src/system_stm32l5xx.o
 .debug_info    0x00005d64       0x30 ./Core/Startup/startup_stm32l552cctx.o
 .debug_info    0x00005d94      0x48f ./Drivers/BFR_Krill_Drivers/src/usb_driver.o
 .debug_info    0x00006223      0xe50 ./Drivers/STM32L5xx_HAL_Driver/Src/stm32l5xx_hal.o
 .debug_info    0x00007073     0x1422 ./Drivers/STM32L5xx_HAL_Driver/Src/stm32l5xx_hal_cortex.o
 .debug_info    0x00008495     0x1c3d ./Drivers/STM32L5xx_HAL_Driver/Src/stm32l5xx_hal_fdcan.o
 .debug_info    0x0000a0d2      0x636 ./Drivers/STM32L5xx_HAL_Driver/Src/stm32l5xx_hal_gpio.o
 .debug_info    0x0000a708      0x564 ./Drivers/STM32L5xx_HAL_Driver/Src/stm32l5xx_hal_icache.o
 .debug_info    0x0000ac6c     0x1e7f ./Drivers/STM32L5xx_HAL_Driver/Src/stm32l5xx_hal_pcd.o
 .debug_info    0x0000caeb      0x944 ./Drivers/STM32L5xx_HAL_Driver/Src/stm32l5xx_hal_pcd_ex.o
 .debug_info    0x0000d42f      0xd37 ./Drivers/STM32L5xx_HAL_Driver/Src/stm32l5xx_hal_pwr.o
 .debug_info    0x0000e166      0xf28 ./Drivers/STM32L5xx_HAL_Driver/Src/stm32l5xx_hal_pwr_ex.o
 .debug_info    0x0000f08e     0x12ff ./Drivers/STM32L5xx_HAL_Driver/Src/stm32l5xx_hal_rcc.o
 .debug_info    0x0001038d     0x157a ./Drivers/STM32L5xx_HAL_Driver/Src/stm32l5xx_hal_rcc_ex.o
 .debug_info    0x00011907     0x1b81 ./Drivers/STM32L5xx_HAL_Driver/Src/stm32l5xx_ll_usb.o
 .debug_info    0x00013488     0x16d3 ./Middlewares/ST/STM32_USB_Device_Library/Class/CDC/Src/usbd_cdc.o
 .debug_info    0x00014b5b     0x1283 ./Middlewares/ST/STM32_USB_Device_Library/Core/Src/usbd_core.o
 .debug_info    0x00015dde     0x12e8 ./Middlewares/ST/STM32_USB_Device_Library/Core/Src/usbd_ctlreq.o
 .debug_info    0x000170c6      0x907 ./Middlewares/ST/STM32_USB_Device_Library/Core/Src/usbd_ioreq.o
 .debug_info    0x000179cd      0x7e6 ./USB_Device/App/usb_device.o
 .debug_info    0x000181b3      0xab1 ./USB_Device/App/usbd_cdc_if.o
 .debug_info    0x00018c64      0x670 ./USB_Device/App/usbd_desc.o
 .debug_info    0x000192d4     0x2cf3 ./USB_Device/Target/usbd_conf.o

.debug_abbrev   0x00000000     0x5195
 .debug_abbrev  0x00000000      0x31f ./Core/Src/can.o
 .debug_abbrev  0x0000031f      0x446 ./Core/Src/fdcan.o
 .debug_abbrev  0x00000765       0xf2 ./Core/Src/gpio.o
 .debug_abbrev  0x00000857       0xad ./Core/Src/icache.o
 .debug_abbrev  0x00000904      0x3c8 ./Core/Src/main.o
 .debug_abbrev  0x00000ccc      0x108 ./Core/Src/stm32l5xx_hal_msp.o
 .debug_abbrev  0x00000dd4      0x1fc ./Core/Src/stm32l5xx_it.o
 .debug_abbrev  0x00000fd0      0x131 ./Core/Src/system_stm32l5xx.o
 .debug_abbrev  0x00001101       0x24 ./Core/Startup/startup_stm32l552cctx.o
 .debug_abbrev  0x00001125      0x259 ./Drivers/BFR_Krill_Drivers/src/usb_driver.o
 .debug_abbrev  0x0000137e      0x36d ./Drivers/STM32L5xx_HAL_Driver/Src/stm32l5xx_hal.o
 .debug_abbrev  0x000016eb      0x3a7 ./Drivers/STM32L5xx_HAL_Driver/Src/stm32l5xx_hal_cortex.o
 .debug_abbrev  0x00001a92      0x2ac ./Drivers/STM32L5xx_HAL_Driver/Src/stm32l5xx_hal_fdcan.o
 .debug_abbrev  0x00001d3e      0x25e ./Drivers/STM32L5xx_HAL_Driver/Src/stm32l5xx_hal_gpio.o
 .debug_abbrev  0x00001f9c      0x238 ./Drivers/STM32L5xx_HAL_Driver/Src/stm32l5xx_hal_icache.o
 .debug_abbrev  0x000021d4      0x3f9 ./Drivers/STM32L5xx_HAL_Driver/Src/stm32l5xx_hal_pcd.o
 .debug_abbrev  0x000025cd      0x315 ./Drivers/STM32L5xx_HAL_Driver/Src/stm32l5xx_hal_pcd_ex.o
 .debug_abbrev  0x000028e2      0x231 ./Drivers/STM32L5xx_HAL_Driver/Src/stm32l5xx_hal_pwr.o
 .debug_abbrev  0x00002b13      0x38e ./Drivers/STM32L5xx_HAL_Driver/Src/stm32l5xx_hal_pwr_ex.o
 .debug_abbrev  0x00002ea1      0x361 ./Drivers/STM32L5xx_HAL_Driver/Src/stm32l5xx_hal_rcc.o
 .debug_abbrev  0x00003202      0x3b6 ./Drivers/STM32L5xx_HAL_Driver/Src/stm32l5xx_hal_rcc_ex.o
 .debug_abbrev  0x000035b8      0x34b ./Drivers/STM32L5xx_HAL_Driver/Src/stm32l5xx_ll_usb.o
 .debug_abbrev  0x00003903      0x351 ./Middlewares/ST/STM32_USB_Device_Library/Class/CDC/Src/usbd_cdc.o
 .debug_abbrev  0x00003c54      0x3a8 ./Middlewares/ST/STM32_USB_Device_Library/Core/Src/usbd_core.o
 .debug_abbrev  0x00003ffc      0x412 ./Middlewares/ST/STM32_USB_Device_Library/Core/Src/usbd_ctlreq.o
 .debug_abbrev  0x0000440e      0x1be ./Middlewares/ST/STM32_USB_Device_Library/Core/Src/usbd_ioreq.o
 .debug_abbrev  0x000045cc      0x1be ./USB_Device/App/usb_device.o
 .debug_abbrev  0x0000478a      0x30e ./USB_Device/App/usbd_cdc_if.o
 .debug_abbrev  0x00004a98      0x2c4 ./USB_Device/App/usbd_desc.o
 .debug_abbrev  0x00004d5c      0x439 ./USB_Device/Target/usbd_conf.o

.debug_loclists
                0x00000000     0x9a42
 .debug_loclists
                0x00000000      0x1a8 ./Core/Src/can.o
 .debug_loclists
                0x000001a8      0x2c3 ./Core/Src/fdcan.o
 .debug_loclists
                0x0000046b      0x1c5 ./Core/Src/main.o
 .debug_loclists
                0x00000630       0x17 ./Core/Src/stm32l5xx_it.o
 .debug_loclists
                0x00000647       0xad ./Core/Src/system_stm32l5xx.o
 .debug_loclists
                0x000006f4      0x2ba ./Drivers/BFR_Krill_Drivers/src/usb_driver.o
 .debug_loclists
                0x000009ae      0x1dc ./Drivers/STM32L5xx_HAL_Driver/Src/stm32l5xx_hal.o
 .debug_loclists
                0x00000b8a      0x626 ./Drivers/STM32L5xx_HAL_Driver/Src/stm32l5xx_hal_cortex.o
 .debug_loclists
                0x000011b0      0xfb9 ./Drivers/STM32L5xx_HAL_Driver/Src/stm32l5xx_hal_fdcan.o
 .debug_loclists
                0x00002169      0x2c4 ./Drivers/STM32L5xx_HAL_Driver/Src/stm32l5xx_hal_gpio.o
 .debug_loclists
                0x0000242d      0x28d ./Drivers/STM32L5xx_HAL_Driver/Src/stm32l5xx_hal_icache.o
 .debug_loclists
                0x000026ba     0x10dd ./Drivers/STM32L5xx_HAL_Driver/Src/stm32l5xx_hal_pcd.o
 .debug_loclists
                0x00003797      0x189 ./Drivers/STM32L5xx_HAL_Driver/Src/stm32l5xx_hal_pcd_ex.o
 .debug_loclists
                0x00003920      0x17f ./Drivers/STM32L5xx_HAL_Driver/Src/stm32l5xx_hal_pwr.o
 .debug_loclists
                0x00003a9f      0x51f ./Drivers/STM32L5xx_HAL_Driver/Src/stm32l5xx_hal_pwr_ex.o
 .debug_loclists
                0x00003fbe      0x751 ./Drivers/STM32L5xx_HAL_Driver/Src/stm32l5xx_hal_rcc.o
 .debug_loclists
                0x0000470f      0xf59 ./Drivers/STM32L5xx_HAL_Driver/Src/stm32l5xx_hal_rcc_ex.o
 .debug_loclists
                0x00005668     0x1963 ./Drivers/STM32L5xx_HAL_Driver/Src/stm32l5xx_ll_usb.o
 .debug_loclists
                0x00006fcb      0x58b ./Middlewares/ST/STM32_USB_Device_Library/Class/CDC/Src/usbd_cdc.o
 .debug_loclists
                0x00007556      0x8b9 ./Middlewares/ST/STM32_USB_Device_Library/Core/Src/usbd_core.o
 .debug_loclists
                0x00007e0f      0xb57 ./Middlewares/ST/STM32_USB_Device_Library/Core/Src/usbd_ctlreq.o
 .debug_loclists
                0x00008966      0x214 ./Middlewares/ST/STM32_USB_Device_Library/Core/Src/usbd_ioreq.o
 .debug_loclists
                0x00008b7a      0x113 ./USB_Device/App/usbd_cdc_if.o
 .debug_loclists
                0x00008c8d      0x2b8 ./USB_Device/App/usbd_desc.o
 .debug_loclists
                0x00008f45      0xafd ./USB_Device/Target/usbd_conf.o

.debug_aranges  0x00000000     0x1160
 .debug_aranges
                0x00000000       0x30 ./Core/Src/can.o
 .debug_aranges
                0x00000030       0x50 ./Core/Src/fdcan.o
 .debug_aranges
                0x00000080       0x20 ./Core/Src/gpio.o
 .debug_aranges
                0x000000a0       0x20 ./Core/Src/icache.o
 .debug_aranges
                0x000000c0       0x58 ./Core/Src/main.o
 .debug_aranges
                0x00000118       0x20 ./Core/Src/stm32l5xx_hal_msp.o
 .debug_aranges
                0x00000138       0x78 ./Core/Src/stm32l5xx_it.o
 .debug_aranges
                0x000001b0       0x28 ./Core/Src/system_stm32l5xx.o
 .debug_aranges
                0x000001d8       0x28 ./Core/Startup/startup_stm32l552cctx.o
 .debug_aranges
                0x00000200       0x58 ./Drivers/BFR_Krill_Drivers/src/usb_driver.o
 .debug_aranges
                0x00000258      0x130 ./Drivers/STM32L5xx_HAL_Driver/Src/stm32l5xx_hal.o
 .debug_aranges
                0x00000388       0xc0 ./Drivers/STM32L5xx_HAL_Driver/Src/stm32l5xx_hal_cortex.o
 .debug_aranges
                0x00000448      0x1f8 ./Drivers/STM32L5xx_HAL_Driver/Src/stm32l5xx_hal_fdcan.o
 .debug_aranges
                0x00000640       0x60 ./Drivers/STM32L5xx_HAL_Driver/Src/stm32l5xx_hal_gpio.o
 .debug_aranges
                0x000006a0       0xa8 ./Drivers/STM32L5xx_HAL_Driver/Src/stm32l5xx_hal_icache.o
 .debug_aranges
                0x00000748      0x120 ./Drivers/STM32L5xx_HAL_Driver/Src/stm32l5xx_hal_pcd.o
 .debug_aranges
                0x00000868       0x58 ./Drivers/STM32L5xx_HAL_Driver/Src/stm32l5xx_hal_pcd_ex.o
 .debug_aranges
                0x000008c0       0xa8 ./Drivers/STM32L5xx_HAL_Driver/Src/stm32l5xx_hal_pwr.o
 .debug_aranges
                0x00000968      0x1b8 ./Drivers/STM32L5xx_HAL_Driver/Src/stm32l5xx_hal_pwr_ex.o
 .debug_aranges
                0x00000b20       0xa0 ./Drivers/STM32L5xx_HAL_Driver/Src/stm32l5xx_hal_rcc.o
 .debug_aranges
                0x00000bc0      0x110 ./Drivers/STM32L5xx_HAL_Driver/Src/stm32l5xx_hal_rcc_ex.o
 .debug_aranges
                0x00000cd0       0xc8 ./Drivers/STM32L5xx_HAL_Driver/Src/stm32l5xx_ll_usb.o
 .debug_aranges
                0x00000d98       0x90 ./Middlewares/ST/STM32_USB_Device_Library/Class/CDC/Src/usbd_cdc.o
 .debug_aranges
                0x00000e28       0xd8 ./Middlewares/ST/STM32_USB_Device_Library/Core/Src/usbd_core.o
 .debug_aranges
                0x00000f00       0x48 ./Middlewares/ST/STM32_USB_Device_Library/Core/Src/usbd_ctlreq.o
 .debug_aranges
                0x00000f48       0x50 ./Middlewares/ST/STM32_USB_Device_Library/Core/Src/usbd_ioreq.o
 .debug_aranges
                0x00000f98       0x20 ./USB_Device/App/usb_device.o
 .debug_aranges
                0x00000fb8       0x48 ./USB_Device/App/usbd_cdc_if.o
 .debug_aranges
                0x00001000       0x50 ./USB_Device/App/usbd_desc.o
 .debug_aranges
                0x00001050      0x110 ./USB_Device/Target/usbd_conf.o

.debug_rnglists
                0x00000000     0x1484
 .debug_rnglists
                0x00000000       0x46 ./Core/Src/can.o
 .debug_rnglists
                0x00000046       0xa1 ./Core/Src/fdcan.o
 .debug_rnglists
                0x000000e7       0x1f ./Core/Src/gpio.o
 .debug_rnglists
                0x00000106       0x13 ./Core/Src/icache.o
 .debug_rnglists
                0x00000119       0x89 ./Core/Src/main.o
 .debug_rnglists
                0x000001a2       0x1f ./Core/Src/stm32l5xx_hal_msp.o
 .debug_rnglists
                0x000001c1       0x55 ./Core/Src/stm32l5xx_it.o
 .debug_rnglists
                0x00000216       0x1a ./Core/Src/system_stm32l5xx.o
 .debug_rnglists
                0x00000230       0x19 ./Core/Startup/startup_stm32l552cctx.o
 .debug_rnglists
                0x00000249       0x73 ./Drivers/BFR_Krill_Drivers/src/usb_driver.o
 .debug_rnglists
                0x000002bc       0xdf ./Drivers/STM32L5xx_HAL_Driver/Src/stm32l5xx_hal.o
 .debug_rnglists
                0x0000039b      0x11b ./Drivers/STM32L5xx_HAL_Driver/Src/stm32l5xx_hal_cortex.o
 .debug_rnglists
                0x000004b6      0x19a ./Drivers/STM32L5xx_HAL_Driver/Src/stm32l5xx_hal_fdcan.o
 .debug_rnglists
                0x00000650       0x45 ./Drivers/STM32L5xx_HAL_Driver/Src/stm32l5xx_hal_gpio.o
 .debug_rnglists
                0x00000695       0x79 ./Drivers/STM32L5xx_HAL_Driver/Src/stm32l5xx_hal_icache.o
 .debug_rnglists
                0x0000070e      0x26e ./Drivers/STM32L5xx_HAL_Driver/Src/stm32l5xx_hal_pcd.o
 .debug_rnglists
                0x0000097c       0x3e ./Drivers/STM32L5xx_HAL_Driver/Src/stm32l5xx_hal_pcd_ex.o
 .debug_rnglists
                0x000009ba       0x7a ./Drivers/STM32L5xx_HAL_Driver/Src/stm32l5xx_hal_pwr.o
 .debug_rnglists
                0x00000a34      0x15b ./Drivers/STM32L5xx_HAL_Driver/Src/stm32l5xx_hal_pwr_ex.o
 .debug_rnglists
                0x00000b8f      0x120 ./Drivers/STM32L5xx_HAL_Driver/Src/stm32l5xx_hal_rcc.o
 .debug_rnglists
                0x00000caf      0x13e ./Drivers/STM32L5xx_HAL_Driver/Src/stm32l5xx_hal_rcc_ex.o
 .debug_rnglists
                0x00000ded      0x2e3 ./Drivers/STM32L5xx_HAL_Driver/Src/stm32l5xx_ll_usb.o
 .debug_rnglists
                0x000010d0       0x69 ./Middlewares/ST/STM32_USB_Device_Library/Class/CDC/Src/usbd_cdc.o
 .debug_rnglists
                0x00001139       0xb0 ./Middlewares/ST/STM32_USB_Device_Library/Core/Src/usbd_core.o
 .debug_rnglists
                0x000011e9       0xa5 ./Middlewares/ST/STM32_USB_Device_Library/Core/Src/usbd_ctlreq.o
 .debug_rnglists
                0x0000128e       0x37 ./Middlewares/ST/STM32_USB_Device_Library/Core/Src/usbd_ioreq.o
 .debug_rnglists
                0x000012c5       0x13 ./USB_Device/App/usb_device.o
 .debug_rnglists
                0x000012d8       0x31 ./USB_Device/App/usbd_cdc_if.o
 .debug_rnglists
                0x00001309       0x76 ./USB_Device/App/usbd_desc.o
 .debug_rnglists
                0x0000137f      0x105 ./USB_Device/Target/usbd_conf.o

.debug_macro    0x00000000    0x2bab6
 .debug_macro   0x00000000      0x3d0 ./Core/Src/can.o
 .debug_macro   0x000003d0      0xade ./Core/Src/can.o
 .debug_macro   0x00000eae      0x196 ./Core/Src/can.o
 .debug_macro   0x00001044       0x2e ./Core/Src/can.o
 .debug_macro   0x00001072       0x42 ./Core/Src/can.o
 .debug_macro   0x000010b4       0x22 ./Core/Src/can.o
 .debug_macro   0x000010d6       0x8e ./Core/Src/can.o
 .debug_macro   0x00001164       0x51 ./Core/Src/can.o
 .debug_macro   0x000011b5      0x103 ./Core/Src/can.o
 .debug_macro   0x000012b8       0x6a ./Core/Src/can.o
 .debug_macro   0x00001322      0x1df ./Core/Src/can.o
 .debug_macro   0x00001501       0x1c ./Core/Src/can.o
 .debug_macro   0x0000151d       0x29 ./Core/Src/can.o
 .debug_macro   0x00001546       0xfb ./Core/Src/can.o
 .debug_macro   0x00001641     0x1336 ./Core/Src/can.o
 .debug_macro   0x00002977       0x5e ./Core/Src/can.o
 .debug_macro   0x000029d5    0x1aca2 ./Core/Src/can.o
 .debug_macro   0x0001d677       0x6c ./Core/Src/can.o
 .debug_macro   0x0001d6e3     0x353c ./Core/Src/can.o
 .debug_macro   0x00020c1f      0x190 ./Core/Src/can.o
 .debug_macro   0x00020daf       0x5d ./Core/Src/can.o
 .debug_macro   0x00020e0c     0x1987 ./Core/Src/can.o
 .debug_macro   0x00022793      0xa52 ./Core/Src/can.o
 .debug_macro   0x000231e5      0x1cf ./Core/Src/can.o
 .debug_macro   0x000233b4      0x1d8 ./Core/Src/can.o
 .debug_macro   0x0002358c      0x4e1 ./Core/Src/can.o
 .debug_macro   0x00023a6d      0x1ab ./Core/Src/can.o
 .debug_macro   0x00023c18       0x4a ./Core/Src/can.o
 .debug_macro   0x00023c62      0x1b9 ./Core/Src/can.o
 .debug_macro   0x00023e1b      0x230 ./Core/Src/can.o
 .debug_macro   0x0002404b      0x6bd ./Core/Src/can.o
 .debug_macro   0x00024708      0x3bb ./Core/Src/can.o
 .debug_macro   0x00024ac3       0x36 ./Core/Src/can.o
 .debug_macro   0x00024af9      0x11c ./Core/Src/can.o
 .debug_macro   0x00024c15      0x22c ./Core/Src/can.o
 .debug_macro   0x00024e41       0x5b ./Core/Src/can.o
 .debug_macro   0x00024e9c       0xa5 ./Core/Src/can.o
 .debug_macro   0x00024f41       0xc9 ./Core/Src/can.o
 .debug_macro   0x0002500a       0x73 ./Core/Src/can.o
 .debug_macro   0x0002507d      0x22d ./Core/Src/can.o
 .debug_macro   0x000252aa      0x199 ./Core/Src/can.o
 .debug_macro   0x00025443      0x487 ./Core/Src/can.o
 .debug_macro   0x000258ca      0x3f1 ./Core/Src/can.o
 .debug_macro   0x00025cbb       0x22 ./Core/Src/can.o
 .debug_macro   0x00025cdd       0x16 ./Core/Src/can.o
 .debug_macro   0x00025cf3       0x61 ./Core/Src/can.o
 .debug_macro   0x00025d54       0x2a ./Core/Src/can.o
 .debug_macro   0x00025d7e       0x43 ./Core/Src/can.o
 .debug_macro   0x00025dc1       0x34 ./Core/Src/can.o
 .debug_macro   0x00025df5       0x16 ./Core/Src/can.o
 .debug_macro   0x00025e0b       0x3c ./Core/Src/can.o
 .debug_macro   0x00025e47      0x370 ./Core/Src/can.o
 .debug_macro   0x000261b7       0x10 ./Core/Src/can.o
 .debug_macro   0x000261c7       0x16 ./Core/Src/can.o
 .debug_macro   0x000261dd       0x4a ./Core/Src/can.o
 .debug_macro   0x00026227       0x34 ./Core/Src/can.o
 .debug_macro   0x0002625b       0x10 ./Core/Src/can.o
 .debug_macro   0x0002626b       0x58 ./Core/Src/can.o
 .debug_macro   0x000262c3       0x8e ./Core/Src/can.o
 .debug_macro   0x00026351       0x1c ./Core/Src/can.o
 .debug_macro   0x0002636d      0x185 ./Core/Src/can.o
 .debug_macro   0x000264f2       0x16 ./Core/Src/can.o
 .debug_macro   0x00026508       0x16 ./Core/Src/can.o
 .debug_macro   0x0002651e      0x146 ./Core/Src/can.o
 .debug_macro   0x00026664       0x16 ./Core/Src/can.o
 .debug_macro   0x0002667a       0x16 ./Core/Src/can.o
 .debug_macro   0x00026690       0x29 ./Core/Src/can.o
 .debug_macro   0x000266b9       0x16 ./Core/Src/can.o
 .debug_macro   0x000266cf       0x20 ./Core/Src/can.o
 .debug_macro   0x000266ef       0x5f ./Core/Src/can.o
 .debug_macro   0x0002674e      0x20f ./Core/Src/can.o
 .debug_macro   0x0002695d       0x95 ./Core/Src/can.o
 .debug_macro   0x000269f2       0x10 ./Core/Src/can.o
 .debug_macro   0x00026a02      0x2e6 ./Core/Src/fdcan.o
 .debug_macro   0x00026ce8       0x10 ./Core/Src/fdcan.o
 .debug_macro   0x00026cf8      0x20a ./Core/Src/gpio.o
 .debug_macro   0x00026f02      0x20a ./Core/Src/icache.o
 .debug_macro   0x0002710c      0x3fe ./Core/Src/main.o
 .debug_macro   0x0002750a      0x200 ./Core/Src/stm32l5xx_hal_msp.o
 .debug_macro   0x0002770a      0x355 ./Core/Src/stm32l5xx_it.o
 .debug_macro   0x00027a5f      0x1f6 ./Core/Src/system_stm32l5xx.o
 .debug_macro   0x00027c55      0x3af ./Drivers/BFR_Krill_Drivers/src/usb_driver.o
 .debug_macro   0x00028004       0x9e ./Drivers/BFR_Krill_Drivers/src/usb_driver.o
 .debug_macro   0x000280a2      0x112 ./Drivers/BFR_Krill_Drivers/src/usb_driver.o
 .debug_macro   0x000281b4       0x56 ./Drivers/BFR_Krill_Drivers/src/usb_driver.o
 .debug_macro   0x0002820a      0x226 ./Drivers/STM32L5xx_HAL_Driver/Src/stm32l5xx_hal.o
 .debug_macro   0x00028430      0x1f6 ./Drivers/STM32L5xx_HAL_Driver/Src/stm32l5xx_hal_cortex.o
 .debug_macro   0x00028626      0x308 ./Drivers/STM32L5xx_HAL_Driver/Src/stm32l5xx_hal_fdcan.o
 .debug_macro   0x0002892e      0x1fc ./Drivers/STM32L5xx_HAL_Driver/Src/stm32l5xx_hal_gpio.o
 .debug_macro   0x00028b2a      0x228 ./Drivers/STM32L5xx_HAL_Driver/Src/stm32l5xx_hal_icache.o
 .debug_macro   0x00028d52      0x202 ./Drivers/STM32L5xx_HAL_Driver/Src/stm32l5xx_hal_pcd.o
 .debug_macro   0x00028f54      0x1f6 ./Drivers/STM32L5xx_HAL_Driver/Src/stm32l5xx_hal_pcd_ex.o
 .debug_macro   0x0002914a      0x20e ./Drivers/STM32L5xx_HAL_Driver/Src/stm32l5xx_hal_pwr.o
 .debug_macro   0x00029358      0x226 ./Drivers/STM32L5xx_HAL_Driver/Src/stm32l5xx_hal_pwr_ex.o
 .debug_macro   0x0002957e      0x220 ./Drivers/STM32L5xx_HAL_Driver/Src/stm32l5xx_hal_rcc.o
 .debug_macro   0x0002979e      0x25c ./Drivers/STM32L5xx_HAL_Driver/Src/stm32l5xx_hal_rcc_ex.o
 .debug_macro   0x000299fa      0x1f6 ./Drivers/STM32L5xx_HAL_Driver/Src/stm32l5xx_ll_usb.o
 .debug_macro   0x00029bf0      0x385 ./Middlewares/ST/STM32_USB_Device_Library/Class/CDC/Src/usbd_cdc.o
 .debug_macro   0x00029f75      0x36c ./Middlewares/ST/STM32_USB_Device_Library/Core/Src/usbd_core.o
 .debug_macro   0x0002a2e1      0x215 ./Middlewares/ST/STM32_USB_Device_Library/Core/Src/usbd_core.o
 .debug_macro   0x0002a4f6      0x376 ./Middlewares/ST/STM32_USB_Device_Library/Core/Src/usbd_ctlreq.o
 .debug_macro   0x0002a86c      0x372 ./Middlewares/ST/STM32_USB_Device_Library/Core/Src/usbd_ioreq.o
 .debug_macro   0x0002abde      0x3ab ./USB_Device/App/usb_device.o
 .debug_macro   0x0002af89       0x22 ./USB_Device/App/usb_device.o
 .debug_macro   0x0002afab       0x16 ./USB_Device/App/usb_device.o
 .debug_macro   0x0002afc1      0x3a3 ./USB_Device/App/usbd_cdc_if.o
 .debug_macro   0x0002b364      0x3a9 ./USB_Device/App/usbd_desc.o
 .debug_macro   0x0002b70d       0x1c ./USB_Device/App/usbd_desc.o
 .debug_macro   0x0002b729      0x38d ./USB_Device/Target/usbd_conf.o

.debug_line     0x00000000    0x1d35d
 .debug_line    0x00000000      0xcaa ./Core/Src/can.o
 .debug_line    0x00000caa      0xf9e ./Core/Src/fdcan.o
 .debug_line    0x00001c48      0x7c9 ./Core/Src/gpio.o
 .debug_line    0x00002411      0x7d0 ./Core/Src/icache.o
 .debug_line    0x00002be1      0xff0 ./Core/Src/main.o
 .debug_line    0x00003bd1      0x7c6 ./Core/Src/stm32l5xx_hal_msp.o
 .debug_line    0x00004397      0xb2d ./Core/Src/stm32l5xx_it.o
 .debug_line    0x00004ec4      0x886 ./Core/Src/system_stm32l5xx.o
 .debug_line    0x0000574a       0x79 ./Core/Startup/startup_stm32l552cctx.o
 .debug_line    0x000057c3      0xd20 ./Drivers/BFR_Krill_Drivers/src/usb_driver.o
 .debug_line    0x000064e3      0xd03 ./Drivers/STM32L5xx_HAL_Driver/Src/stm32l5xx_hal.o
 .debug_line    0x000071e6      0xf14 ./Drivers/STM32L5xx_HAL_Driver/Src/stm32l5xx_hal_cortex.o
 .debug_line    0x000080fa     0x214c ./Drivers/STM32L5xx_HAL_Driver/Src/stm32l5xx_hal_fdcan.o
 .debug_line    0x0000a246      0xd50 ./Drivers/STM32L5xx_HAL_Driver/Src/stm32l5xx_hal_gpio.o
 .debug_line    0x0000af96      0xbfa ./Drivers/STM32L5xx_HAL_Driver/Src/stm32l5xx_hal_icache.o
 .debug_line    0x0000bb90     0x1f4d ./Drivers/STM32L5xx_HAL_Driver/Src/stm32l5xx_hal_pcd.o
 .debug_line    0x0000dadd      0xa54 ./Drivers/STM32L5xx_HAL_Driver/Src/stm32l5xx_hal_pcd_ex.o
 .debug_line    0x0000e531      0xa7e ./Drivers/STM32L5xx_HAL_Driver/Src/stm32l5xx_hal_pwr.o
 .debug_line    0x0000efaf     0x1205 ./Drivers/STM32L5xx_HAL_Driver/Src/stm32l5xx_hal_pwr_ex.o
 .debug_line    0x000101b4     0x1b80 ./Drivers/STM32L5xx_HAL_Driver/Src/stm32l5xx_hal_rcc.o
 .debug_line    0x00011d34     0x225f ./Drivers/STM32L5xx_HAL_Driver/Src/stm32l5xx_hal_rcc_ex.o
 .debug_line    0x00013f93     0x1cbb ./Drivers/STM32L5xx_HAL_Driver/Src/stm32l5xx_ll_usb.o
 .debug_line    0x00015c4e     0x111b ./Middlewares/ST/STM32_USB_Device_Library/Class/CDC/Src/usbd_cdc.o
 .debug_line    0x00016d69     0x1231 ./Middlewares/ST/STM32_USB_Device_Library/Core/Src/usbd_core.o
 .debug_line    0x00017f9a     0x132e ./Middlewares/ST/STM32_USB_Device_Library/Core/Src/usbd_ctlreq.o
 .debug_line    0x000192c8      0xb50 ./Middlewares/ST/STM32_USB_Device_Library/Core/Src/usbd_ioreq.o
 .debug_line    0x00019e18      0xad7 ./USB_Device/App/usb_device.o
 .debug_line    0x0001a8ef      0xbc0 ./USB_Device/App/usbd_cdc_if.o
 .debug_line    0x0001b4af      0xbda ./USB_Device/App/usbd_desc.o
 .debug_line    0x0001c089     0x12d4 ./USB_Device/Target/usbd_conf.o

.debug_str      0x00000000   0x102a5d
 .debug_str     0x00000000   0x102a5d ./Core/Src/can.o
                              0xfc602 (size before relaxing)
 .debug_str     0x00102a5d        0x0 ./Core/Src/fdcan.o
                              0xfba11 (size before relaxing)
 .debug_str     0x00102a5d        0x0 ./Core/Src/gpio.o
                              0xf763b (size before relaxing)
 .debug_str     0x00102a5d        0x0 ./Core/Src/icache.o
                              0xf74bc (size before relaxing)
 .debug_str     0x00102a5d        0x0 ./Core/Src/main.o
                              0xfca33 (size before relaxing)
 .debug_str     0x00102a5d        0x0 ./Core/Src/stm32l5xx_hal_msp.o
                              0xf765c (size before relaxing)
 .debug_str     0x00102a5d        0x0 ./Core/Src/stm32l5xx_it.o
                              0xfb8d6 (size before relaxing)
 .debug_str     0x00102a5d        0x0 ./Core/Src/system_stm32l5xx.o
                              0xf7797 (size before relaxing)
 .debug_str     0x00102a5d        0x0 ./Core/Startup/startup_stm32l552cctx.o
                                 0x71 (size before relaxing)
 .debug_str     0x00102a5d        0x0 ./Drivers/BFR_Krill_Drivers/src/usb_driver.o
                              0xfbcf5 (size before relaxing)
 .debug_str     0x00102a5d        0x0 ./Drivers/STM32L5xx_HAL_Driver/Src/stm32l5xx_hal.o
                              0xf830e (size before relaxing)
 .debug_str     0x00102a5d        0x0 ./Drivers/STM32L5xx_HAL_Driver/Src/stm32l5xx_hal_cortex.o
                              0xf814d (size before relaxing)
 .debug_str     0x00102a5d        0x0 ./Drivers/STM32L5xx_HAL_Driver/Src/stm32l5xx_hal_fdcan.o
                              0xf8c47 (size before relaxing)
 .debug_str     0x00102a5d        0x0 ./Drivers/STM32L5xx_HAL_Driver/Src/stm32l5xx_hal_gpio.o
                              0xf7720 (size before relaxing)
 .debug_str     0x00102a5d        0x0 ./Drivers/STM32L5xx_HAL_Driver/Src/stm32l5xx_hal_icache.o
                              0xf7b73 (size before relaxing)
 .debug_str     0x00102a5d        0x0 ./Drivers/STM32L5xx_HAL_Driver/Src/stm32l5xx_hal_pcd.o
                              0xf7df7 (size before relaxing)
 .debug_str     0x00102a5d        0x0 ./Drivers/STM32L5xx_HAL_Driver/Src/stm32l5xx_hal_pcd_ex.o
                              0xf7a33 (size before relaxing)
 .debug_str     0x00102a5d        0x0 ./Drivers/STM32L5xx_HAL_Driver/Src/stm32l5xx_hal_pwr.o
                              0xf7ba5 (size before relaxing)
 .debug_str     0x00102a5d        0x0 ./Drivers/STM32L5xx_HAL_Driver/Src/stm32l5xx_hal_pwr_ex.o
                              0xf7efc (size before relaxing)
 .debug_str     0x00102a5d        0x0 ./Drivers/STM32L5xx_HAL_Driver/Src/stm32l5xx_hal_rcc.o
                              0xf7db1 (size before relaxing)
 .debug_str     0x00102a5d        0x0 ./Drivers/STM32L5xx_HAL_Driver/Src/stm32l5xx_hal_rcc_ex.o
                              0xf8307 (size before relaxing)
 .debug_str     0x00102a5d        0x0 ./Drivers/STM32L5xx_HAL_Driver/Src/stm32l5xx_ll_usb.o
                              0xf7934 (size before relaxing)
 .debug_str     0x00102a5d        0x0 ./Middlewares/ST/STM32_USB_Device_Library/Class/CDC/Src/usbd_cdc.o
                              0xfc66b (size before relaxing)
 .debug_str     0x00102a5d        0x0 ./Middlewares/ST/STM32_USB_Device_Library/Core/Src/usbd_core.o
                              0xfbff5 (size before relaxing)
 .debug_str     0x00102a5d        0x0 ./Middlewares/ST/STM32_USB_Device_Library/Core/Src/usbd_ctlreq.o
                              0xfbe38 (size before relaxing)
 .debug_str     0x00102a5d        0x0 ./Middlewares/ST/STM32_USB_Device_Library/Core/Src/usbd_ioreq.o
                              0xfbcf5 (size before relaxing)
 .debug_str     0x00102a5d        0x0 ./USB_Device/App/usb_device.o
                              0xfc0aa (size before relaxing)
 .debug_str     0x00102a5d        0x0 ./USB_Device/App/usbd_cdc_if.o
                              0xfc1b8 (size before relaxing)
 .debug_str     0x00102a5d        0x0 ./USB_Device/App/usbd_desc.o
                              0xfbbd4 (size before relaxing)
 .debug_str     0x00102a5d        0x0 ./USB_Device/Target/usbd_conf.o
                              0xfd69e (size before relaxing)

.comment        0x00000000       0x43
 .comment       0x00000000       0x43 ./Core/Src/can.o
                                 0x44 (size before relaxing)
 .comment       0x00000043        0x0 ./Core/Src/fdcan.o
                                 0x44 (size before relaxing)
 .comment       0x00000043        0x0 ./Core/Src/gpio.o
                                 0x44 (size before relaxing)
 .comment       0x00000043        0x0 ./Core/Src/icache.o
                                 0x44 (size before relaxing)
 .comment       0x00000043        0x0 ./Core/Src/main.o
                                 0x44 (size before relaxing)
 .comment       0x00000043        0x0 ./Core/Src/stm32l5xx_hal_msp.o
                                 0x44 (size before relaxing)
 .comment       0x00000043        0x0 ./Core/Src/stm32l5xx_it.o
                                 0x44 (size before relaxing)
 .comment       0x00000043        0x0 ./Core/Src/system_stm32l5xx.o
                                 0x44 (size before relaxing)
 .comment       0x00000043        0x0 ./Drivers/BFR_Krill_Drivers/src/usb_driver.o
                                 0x44 (size before relaxing)
 .comment       0x00000043        0x0 ./Drivers/STM32L5xx_HAL_Driver/Src/stm32l5xx_hal.o
                                 0x44 (size before relaxing)
 .comment       0x00000043        0x0 ./Drivers/STM32L5xx_HAL_Driver/Src/stm32l5xx_hal_cortex.o
                                 0x44 (size before relaxing)
 .comment       0x00000043        0x0 ./Drivers/STM32L5xx_HAL_Driver/Src/stm32l5xx_hal_fdcan.o
                                 0x44 (size before relaxing)