Archive member included to satisfy reference by file (symbol)

C:/ST/STM32CubeIDE_2.0.0/STM32CubeIDE/plugins/com.st.stm32cube.ide.mcu.externaltools.gnu-tools-for-stm32.13.3.rel1.win32_1.0.100.202509120712/tools/bin/../lib/gcc/arm-none-eabi/13.3.1/../../../../arm-none-eabi/lib/thumb/v8-m.main+fp/hard\libc_nano.a(libc_a-exit.o)
                              C:/ST/STM32CubeIDE_2.0.0/STM32CubeIDE/plugins/com.st.stm32cube.ide.mcu.externaltools.gnu-tools-for-stm32.13.3.rel1.win32_1.0.100.202509120712/tools/bin/../lib/gcc/arm-none-eabi/13.3.1/../../../../arm-none-eabi/lib/thumb/v8-m.main+fp/hard/crt0.o (exit)
C:/ST/STM32CubeIDE_2.0.0/STM32CubeIDE/plugins/com.st.stm32cube.ide.mcu.externaltools.gnu-tools-for-stm32.13.3.rel1.win32_1.0.100.202509120712/tools/bin/../lib/gcc/arm-none-eabi/13.3.1/../../../../arm-none-eabi/lib/thumb/v8-m.main+fp/hard\libc_nano.a(libc_a-findfp.o)
                              C:/ST/STM32CubeIDE_2.0.0/STM32CubeIDE/plugins/com.st.stm32cube.ide.mcu.externaltools.gnu-tools-for-stm32.13.3.rel1.win32_1.0.100.202509120712/tools/bin/../lib/gcc/arm-none-eabi/13.3.1/../../../../arm-none-eabi/lib/thumb/v8-m.main+fp/hard\libc_nano.a(libc_a-exit.o) (__stdio_exit_handler)
C:/ST/STM32CubeIDE_2.0.0/STM32CubeIDE/plugins/com.st.stm32cube.ide.mcu.externaltools.gnu-tools-for-stm32.13.3.rel1.win32_1.0.100.202509120712/tools/bin/../lib/gcc/arm-none-eabi/13.3.1/../../../../arm-none-eabi/lib/thumb/v8-m.main+fp/hard\libc_nano.a(libc_a-fwalk.o)
                              C:/ST/STM32CubeIDE_2.0.0/STM32CubeIDE/plugins/com.st.stm32cube.ide.mcu.externaltools.gnu-tools-for-stm32.13.3.rel1.win32_1.0.100.202509120712/tools/bin/../lib/gcc/arm-none-eabi/13.3.1/../../../../arm-none-eabi/lib/thumb/v8-m.main+fp/hard\libc_nano.a(libc_a-findfp.o) (_fwalk_sglue)
C:/ST/STM32CubeIDE_2.0.0/STM32CubeIDE/plugins/com.st.stm32cube.ide.mcu.externaltools.gnu-tools-for-stm32.13.3.rel1.win32_1.0.100.202509120712/tools/bin/../lib/gcc/arm-none-eabi/13.3.1/../../../../arm-none-eabi/lib/thumb/v8-m.main+fp/hard\libc_nano.a(libc_a-snprintf.o)
                              ./Core/Src/main.o (snprintf)
C:/ST/STM32CubeIDE_2.0.0/STM32CubeIDE/plugins/com.st.stm32cube.ide.mcu.externaltools.gnu-tools-for-stm32.13.3.rel1.win32_1.0.100.202509120712/tools/bin/../lib/gcc/arm-none-eabi/13.3.1/../../../../arm-none-eabi/lib/thumb/v8-m.main+fp/hard\libc_nano.a(libc_a-stdio.o)
                              C:/ST/STM32CubeIDE_2.0.0/STM32CubeIDE/plugins/com.st.stm32cube.ide.mcu.externaltools.gnu-tools-for-stm32.13.3.rel1.win32_1.0.100.202509120712/tools/bin/../lib/gcc/arm-none-eabi/13.3.1/../../../../arm-none-eabi/lib/thumb/v8-m.main+fp/hard\libc_nano.a(libc_a-findfp.o) (__sread)
C:/ST/STM32CubeIDE_2.0.0/STM32CubeIDE/plugins/com.st.stm32cube.ide.mcu.externaltools.gnu-tools-for-stm32.13.3.rel1.win32_1.0.100.202509120712/tools/bin/../lib/gcc/arm-none-eabi/13.3.1/../../../../arm-none-eabi/lib/thumb/v8-m.main+fp/hard\libc_nano.a(libc_a-memset.o)
                              C:/ST/STM32CubeIDE_2.0.0/STM32CubeIDE/plugins/com.st.stm32cube.ide.mcu.externaltools.gnu-tools-for-stm32.13.3.rel1.win32_1.0.100.202509120712/tools/bin/../lib/gcc/arm-none-eabi/13.3.1/../../../../arm-none-eabi/lib/thumb/v8-m.main+fp/hard/crt0.o (memset)
C:/ST/STM32CubeIDE_2.0.0/STM32CubeIDE/plugins/com.st.stm32cube.ide.mcu.externaltools.gnu-tools-for-stm32.13.3.rel1.win32_1.0.100.202509120712/tools/bin/../lib/gcc/arm-none-eabi/13.3.1/../../../../arm-none-eabi/lib/thumb/v8-m.main+fp/hard\libc_nano.a(libc_a-closer.o)
                              C:/ST/STM32CubeIDE_2.0.0/STM32CubeIDE/plugins/com.st.stm32cube.ide.mcu.externaltools.gnu-tools-for-stm32.13.3.rel1.win32_1.0.100.202509120712/tools/bin/../lib/gcc/arm-none-eabi/13.3.1/../../../../arm-none-eabi/lib/thumb/v8-m.main+fp/hard\libc_nano.a(libc_a-stdio.o) (_close_r)
C:/ST/STM32CubeIDE_2.0.0/STM32CubeIDE/plugins/com.st.stm32cube.ide.mcu.externaltools.gnu-tools-for-stm32.13.3.rel1.win32_1.0.100.202509120712/tools/bin/../lib/gcc/arm-none-eabi/13.3.1/../../../../arm-none-eabi/lib/thumb/v8-m.main+fp/hard\libc_nano.a(libc_a-reent.o)
                              C:/ST/STM32CubeIDE_2.0.0/STM32CubeIDE/plugins/com.st.stm32cube.ide.mcu.externaltools.gnu-tools-for-stm32.13.3.rel1.win32_1.0.100.202509120712/tools/bin/../lib/gcc/arm-none-eabi/13.3.1/../../../../arm-none-eabi/lib/thumb/v8-m.main+fp/hard\libc_nano.a(libc_a-closer.o) (errno)
C:/ST/STM32CubeIDE_2.0.0/STM32CubeIDE/plugins/com.st.stm32cube.ide.mcu.externaltools.gnu-tools-for-stm32.13.3.rel1.win32_1.0.100.202509120712/tools/bin/../lib/gcc/arm-none-eabi/13.3.1/../../../../arm-none-eabi/lib/thumb/v8-m.main+fp/hard\libc_nano.a(libc_a-impure.o)
                              C:/ST/STM32CubeIDE_2.0.0/STM32CubeIDE/plugins/com.st.stm32cube.ide.mcu.externaltools.gnu-tools-for-stm32.13.3.rel1.win32_1.0.100.202509120712/tools/bin/../lib/gcc/arm-none-eabi/13.3.1/../../../../arm-none-eabi/lib/thumb/v8-m.main+fp/hard\libc_nano.a(libc_a-snprintf.o) (_impure_ptr)
[...]
Memory Configuration

Name             Origin             Length             Attributes
RAM              0x20000000         0x00030000         xrw
RAM2             0x20030000         0x00010000         xrw
FLASH            0x08000000         0x00040000         xr
*default*        0x00000000         0xffffffff

Linker script and memory map

LOAD C:/ST/STM32CubeIDE_2.0.0/STM32CubeIDE/plugins/com.st.stm32cube.ide.mcu.externaltools.gnu-tools-for-stm32.13.3.rel1.win32_1.0.100.202509120712/tools/bin/../lib/gcc/arm-none-eabi/13.3.1/thumb/v8-m.main+fp/hard/crti.o
LOAD C:/ST/STM32CubeIDE_2.0.0/STM32CubeIDE/plugins/com.st.stm32cube.ide.mcu.externaltools.gnu-tools-for-stm32.13.3.rel1.win32_1.0.100.202509120712/tools/bin/../lib/gcc/arm-none-eabi/13.3.1/thumb/v8-m.main+fp/hard/crtbegin.o
LOAD C:/ST/STM32CubeIDE_2.0.0/STM32CubeIDE/plugins/com.st.stm32cube.ide.mcu.externaltools.gnu-tools-for-stm32.13.3.rel1.win32_1.0.100.202509120712/tools/bin/../lib/gcc/arm-none-eabi/13.3.1/../../../../arm-none-eabi/lib/thumb/v8-m.main+fp/hard/crt0.o
LOAD ./Core/Src/can.o
LOAD ./Core/Src/fdcan.o
LOAD ./Core/Src/gpio.o
LOAD ./Core/Src/icache.o
LOAD ./Core/Src/main.o
LOAD ./Core/Src/stm32l5xx_hal_msp.o
LOAD ./Core/Src/stm32l5xx_it.o
LOAD ./Core/Src/syscalls.o
LOAD ./Core/Src/sysmem.o
LOAD ./Core/Src/system_stm32l5xx.o
LOAD ./Core/Startup/startup_stm32l552cctx.o
LOAD ./Drivers/BFR_Krill_Drivers/src/usb_driver.o
LOAD ./Drivers/STM32L5xx_HAL_Driver/Src/stm32l5xx_hal.o
LOAD ./Drivers/STM32L5xx_HAL_Driver/Src/stm32l5xx_hal_cortex.o
LOAD ./Drivers/STM32L5xx_HAL_Driver/Src/stm32l5xx_hal_dma.o
LOAD ./Drivers/STM32L5xx_HAL_Driver/Src/stm32l5xx_hal_dma_ex.o
LOAD ./Drivers/STM32L5xx_HAL_Driver/Src/stm32l5xx_hal_exti.o
LOAD ./Drivers/STM32L5xx_HAL_Driver/Src/stm32l5xx_hal_fdcan.o
LOAD ./Drivers/STM32L5xx_HAL_Driver/Src/stm32l5xx_hal_flash.o
LOAD ./Drivers/STM32L5xx_HAL_Driver/Src/stm32l5xx_hal_flash_ex.o
LOAD ./Drivers/STM32L5xx_HAL_Driver/Src/stm32l5xx_hal_flash_ramfunc.o
LOAD ./Drivers/STM32L5xx_HAL_Driver/Src/stm32l5xx_hal_gpio.o
LOAD ./Drivers/STM32L5xx_HAL_Driver/Src/stm32l5xx_hal_i2c.o
LOAD ./Drivers/STM32L5xx_HAL_Driver/Src/stm32l5xx_hal_i2c_ex.o
LOAD ./Drivers/STM32L5xx_HAL_Driver/Src/stm32l5xx_hal_icache.o
LOAD ./Drivers/STM32L5xx_HAL_Driver/Src/stm32l5xx_hal_pcd.o
LOAD ./Drivers/STM32L5xx_HAL_Driver/Src/stm32l5xx_hal_pcd_ex.o
LOAD ./Drivers/STM32L5xx_HAL_Driver/Src/stm32l5xx_hal_pwr.o
LOAD ./Drivers/STM32L5xx_HAL_Driver/Src/stm32l5xx_hal_pwr_ex.o
LOAD ./Drivers/STM32L5xx_HAL_Driver/Src/stm32l5xx_hal_rcc.o
LOAD ./Drivers/STM32L5xx_HAL_Driver/Src/stm32l5xx_hal_rcc_ex.o
LOAD ./Drivers/STM32L5xx_HAL_Driver/Src/stm32l5xx_ll_usb.o
LOAD ./Middlewares/ST/STM32_USB_Device_Library/Class/CDC/Src/usbd_cdc.o
LOAD ./Middlewares/ST/STM32_USB_Device_Library/Core/Src/usbd_core.o
LOAD ./Middlewares/ST/STM32_USB_Device_Library/Core/Src/usbd_ctlreq.o
LOAD ./Middlewares/ST/STM32_USB_Device_Library/Core/Src/usbd_ioreq.o
LOAD ./USB_Device/App/usb_device.o
LOAD ./USB_Device/App/usbd_cdc_if.o
LOAD ./USB_Device/App/usbd_desc.o
LOAD ./USB_Device/Target/usbd_conf.o
START GROUP
LOAD C:/ST/STM32CubeIDE_2.0.0/STM32CubeIDE/plugins/com.st.stm32cube.ide.mcu.externaltools.gnu-tools-for-stm32.13.3.rel1.win32_1.0.100.202509120712/tools/bin/../lib/gcc/arm-none-eabi/13.3.1/../../../../arm-none-eabi/lib/thumb/v8-m.main+fp/hard\libc_nano.a
LOAD C:/ST/STM32CubeIDE_2.0.0/STM32CubeIDE/plugins/com.st.stm32cube.ide.mcu.externaltools.gnu-tools-for-stm32.13.3.rel1.win32_1.0.100.202509120712/tools/bin/../lib/gcc/arm-none-eabi/13.3.1/../../../../arm-none-eabi/lib/thumb/v8-m.main+fp/hard\libm.a
END GROUP
START GROUP
LOAD C:/ST/STM32CubeIDE_2.0.0/STM32CubeIDE/plugins/com.st.stm32cube.ide.mcu.externaltools.gnu-tools-for-stm32.13.3.rel1.win32_1.0.100.202509120712/tools/bin/../lib/gcc/arm-none-eabi/13.3.1/thumb/v8-m.main+fp/hard\libgcc.a
LOAD C:/ST/STM32CubeIDE_2.0.0/STM32CubeIDE/plugins/com.st.stm32cube.ide.mcu.externaltools.gnu-tools-for-stm32.13.3.rel1.win32_1.0.100.202509120712/tools/bin/../lib/gcc/arm-none-eabi/13.3.1/../../../../arm-none-eabi/lib/thumb/v8-m.main+fp/hard\libc_nano.a
END GROUP
START GROUP
LOAD C:/ST/STM32CubeIDE_2.0.0/STM32CubeIDE/plugins/com.st.stm32cube.ide.mcu.externaltools.gnu-tools-for-stm32.13.3.rel1.win32_1.0.100.202509120712/tools/bin/../lib/gcc/arm-none-eabi/13.3.1/thumb/v8-m.main+fp/hard\libgcc.a
LOAD C:/ST/STM32CubeIDE_2.0.0/STM32CubeIDE/plugins/com.st.stm32cube.ide.mcu.externaltools.gnu-tools-for-stm32.13.3.rel1.win32_1.0.100.202509120712/tools/bin/../lib/gcc/arm-none-eabi/13.3.1/../../../../arm-none-eabi/lib/thumb/v8-m.main+fp/hard\libc_nano.a
LOAD C:/ST/STM32CubeIDE_2.0.0/STM32CubeIDE/plugins/com.st.stm32cube.ide.mcu.externaltools.gnu-tools-for-stm32.13.3.rel1.win32_1.0.100.202509120712/tools/bin/../lib/gcc/arm-none-eabi/13.3.1/../../../../arm-none-eabi/lib/thumb/v8-m.main+fp/hard\libnosys.a
END GROUP
START GROUP
LOAD C:/ST/STM32CubeIDE_2.0.0/STM32CubeIDE/plugins/com.st.stm32cube.ide.mcu.externaltools.gnu-tools-for-stm32.13.3.rel1.win32_1.0.100.202509120712/tools/bin/../lib/gcc/arm-none-eabi/13.3.1/thumb/v8-m.main+fp/hard\libgcc.a
LOAD C:/ST/STM32CubeIDE_2.0.0/STM32CubeIDE/plugins/com.st.stm32cube.ide.mcu.externaltools.gnu-tools-for-stm32.13.3.rel1.win32_1.0.100.202509120712/tools/bin/../lib/gcc/arm-none-eabi/13.3.1/../../../../arm-none-eabi/lib/thumb/v8-m.main+fp/hard\libc_nano.a
LOAD C:/ST/STM32CubeIDE_2.0.0/STM32CubeIDE/plugins/com.st.stm32cube.ide.mcu.externaltools.gnu-tools-for-stm32.13.3.rel1.win32_1.0.100.202509120712/tools/bin/../lib/gcc/arm-none-eabi/13.3.1/../../../../arm-none-eabi/lib/thumb/v8-m.main+fp/hard\libnosys.a
END GROUP
LOAD C:/ST/STM32CubeIDE_2.0.0/STM32CubeIDE/plugins/com.st.stm32cube.ide.mcu.externaltools.gnu-tools-for-stm32.13.3.rel1.win32_1.0.100.202509120712/tools/bin/../lib/gcc/arm-none-eabi/13.3.1/thumb/v8-m.main+fp/hard/crtend.o
LOAD C:/ST/STM32CubeIDE_2.0.0/STM32CubeIDE/plugins/com.st.stm32cube.ide.mcu.externaltools.gnu-tools-for-stm32.13.3.rel1.win32_1.0.100.202509120712/tools/bin/../lib/gcc/arm-none-eabi/13.3.1/thumb/v8-m.main+fp/hard/crtn.o
                0x20030000                        _estack = (ORIGIN (RAM) + LENGTH (RAM))
                0x00000200                        _Min_Heap_Size = 0x200
                0x00000400                        _Min_Stack_Size = 0x400

.isr_vector     0x08000000      0x1f4
                0x08000000                        . = ALIGN (0x4)
 *(.isr_vector)
 .isr_vector    0x08000000      0x1f4 ./Core/Startup/startup_stm32l552cctx.o
                0x08000000                g_pfnVectors
                0x080001f4                        . = ALIGN (0x4)

.text           0x080001f8     0x63a8
                0x080001f8                        . = ALIGN (0x4)
 *(.text)
 .text          0x080001f8       0x40 C:/ST/STM32CubeIDE_2.0.0/STM32CubeIDE/plugins/com.st.stm32cube.ide.mcu.externaltools.gnu-tools-for-stm32.13.3.rel1.win32_1.0.100.202509120712/tools/bin/../lib/gcc/arm-none-eabi/13.3.1/thumb/v8-m.main+fp/hard/crtbegin.o
 .text          0x08000238       0x10 C:/ST/STM32CubeIDE_2.0.0/STM32CubeIDE/plugins/com.st.stm32cube.ide.mcu.externaltools.gnu-tools-for-stm32.13.3.rel1.win32_1.0.100.202509120712/tools/bin/../lib/gcc/arm-none-eabi/13.3.1/../../../../arm-none-eabi/lib/thumb/v8-m.main+fp/hard\libc_nano.a(libc_a-strlen.o)
                0x08000238                strlen
 *(.text*)
 .text.CAN_To_USB_Process
                0x08000248      0x110 ./Core/Src/can.o
                0x08000248                CAN_To_USB_Process
 .text.MX_FDCAN1_Init
                0x08000358       0x54 ./Core/Src/fdcan.o
                0x08000358                MX_FDCAN1_Init
 *fill*         0x080003ac        0x4 
 .text.HAL_FDCAN_MspInit
                0x080003b0       0xc4 ./Core/Src/fdcan.o
                0x080003b0                HAL_FDCAN_MspInit
 .text.HAL_FDCAN_MspDeInit
                0x08000474       0x3c ./Core/Src/fdcan.o
                0x08000474                HAL_FDCAN_MspDeInit
 .text.FDCAN_App_Init
                0x080004b0       0x80 ./Core/Src/fdcan.o
                0x080004b0                FDCAN_App_Init
 .text.FDCAN_ApplyInitAndStart
                0x08000530       0x60 ./Core/Src/fdcan.o
                0x08000530                FDCAN_ApplyInitAndStart
 .text.MX_GPIO_Init
                0x08000590       0x8c ./Core/Src/gpio.o
                0x08000590                MX_GPIO_Init
 .text.MX_ICACHE_Init
                0x0800061c       0x14 ./Core/Src/icache.o
                0x0800061c                MX_ICACHE_Init
 .text.ShiftRegister_WriteByte
                0x08000630       0x5c ./Core/Src/main.o
 .text.Update_BaudStatus_LEDs
                0x0800068c       0x18 ./Core/Src/main.o
 .text.SystemClock_Config
                0x080006a4       0xa0 ./Core/Src/main.o
                0x080006a4                SystemClock_Config
 .text.startup.main
                0x08000744      0x1b8 ./Core/Src/main.o
                0x08000744                main
 .text.MDU_Get_Rx_Queue_State
                0x080008fc       0x2c ./Core/Src/main.o
                0x080008fc                MDU_Get_Rx_Queue_State
 .text.MDU_Get_Rx_Queue_Frame
                0x08000928       0x24 ./Core/Src/main.o
                0x08000928                MDU_Get_Rx_Queue_Frame
 .text.MDU_Advance_Rx_Queue_Head
                0x0800094c       0x18 ./Core/Src/main.o
                0x0800094c                MDU_Advance_Rx_Queue_Head
 .text.HAL_FDCAN_RxFifo0Callback
                0x08000964      0x144 ./Core/Src/main.o
                0x08000964                HAL_FDCAN_RxFifo0Callback
 .text.Error_Handler
                0x08000aa8        0x4 ./Core/Src/main.o
                0x08000aa8                Error_Handler
 .text.HAL_MspInit
                0x08000aac       0x34 ./Core/Src/stm32l5xx_hal_msp.o
                0x08000aac                HAL_MspInit
 .text.NMI_Handler
                0x08000ae0        0x4 ./Core/Src/stm32l5xx_it.o
                0x08000ae0                NMI_Handler
 .text.HardFault_Handler
                0x08000ae4        0x4 ./Core/Src/stm32l5xx_it.o
                0x08000ae4                HardFault_Handler
 .text.MemManage_Handler
                0x08000ae8        0x4 ./Core/Src/stm32l5xx_it.o
                0x08000ae8                MemManage_Handler
 .text.BusFault_Handler
                0x08000aec        0x4 ./Core/Src/stm32l5xx_it.o
                0x08000aec                BusFault_Handler
 .text.UsageFault_Handler
                0x08000af0        0x4 ./Core/Src/stm32l5xx_it.o
                0x08000af0                UsageFault_Handler
 .text.SVC_Handler
                0x08000af4        0x4 ./Core/Src/stm32l5xx_it.o
                0x08000af4                SVC_Handler
 .text.DebugMon_Handler
                0x08000af8        0x4 ./Core/Src/stm32l5xx_it.o
                0x08000af8                DebugMon_Handler
 .text.PendSV_Handler
                0x08000afc        0x4 ./Core/Src/stm32l5xx_it.o
                0x08000afc                PendSV_Handler
 .text.SysTick_Handler
                0x08000b00        0x4 ./Core/Src/stm32l5xx_it.o
                0x08000b00                SysTick_Handler
 .text.FDCAN1_IT0_IRQHandler
                0x08000b04        0xc ./Core/Src/stm32l5xx_it.o
                0x08000b04                FDCAN1_IT0_IRQHandler
 .text.FDCAN1_IT1_IRQHandler
                0x08000b10        0xc ./Core/Src/stm32l5xx_it.o
                0x08000b10                FDCAN1_IT1_IRQHandler
 .text.USB_FS_IRQHandler
                0x08000b1c       0x74 ./Core/Src/stm32l5xx_it.o
                0x08000b1c                USB_FS_IRQHandler
 .text._sbrk    0x08000b90       0x48 ./Core/Src/sysmem.o
                0x08000b90                _sbrk
 .text.SystemInit
                0x08000bd8       0x14 ./Core/Src/system_stm32l5xx.o
                0x08000bd8                SystemInit
 .text.SystemCoreClockUpdate
                0x08000bec       0xa4 ./Core/Src/system_stm32l5xx.o
                0x08000bec                SystemCoreClockUpdate
 .text.Reset_Handler
                0x08000c90       0x50 ./Core/Startup/startup_stm32l552cctx.o
                0x08000c90                Reset_Handler
 .text.Default_Handler
                0x08000ce0        0x2 ./Core/Startup/startup_stm32l552cctx.o
                0x08000ce0                EXTI2_IRQHandler
                0x08000ce0                TIM8_TRG_COM_IRQHandler
                0x08000ce0                TIM8_CC_IRQHandler
                0x08000ce0                EXTI5_IRQHandler
                0x08000ce0                FLASH_S_IRQHandler
                0x08000ce0                EXTI13_IRQHandler
                0x08000ce0                TIM1_CC_IRQHandler
                0x08000ce0                TSC_IRQHandler
                0x08000ce0                TAMP_IRQHandler
                0x08000ce0                TIM6_IRQHandler
                0x08000ce0                EXTI12_IRQHandler
                0x08000ce0                DMA2_Channel8_IRQHandler
                0x08000ce0                EXTI3_IRQHandler
                0x08000ce0                EXTI8_IRQHandler
                0x08000ce0                LPTIM2_IRQHandler
                0x08000ce0                DFSDM1_FLT1_IRQHandler
                0x08000ce0                I2C3_ER_IRQHandler
                0x08000ce0                DFSDM1_FLT2_IRQHandler
                0x08000ce0                DMAMUX1_IRQHandler
                0x08000ce0                LPTIM3_IRQHandler
                0x08000ce0                EXTI0_IRQHandler
                0x08000ce0                I2C2_EV_IRQHandler
                0x08000ce0                FPU_IRQHandler
                0x08000ce0                ADC1_2_IRQHandler
                0x08000ce0                SPI1_IRQHandler
                0x08000ce0                OCTOSPI1_IRQHandler
                0x08000ce0                TIM8_UP_IRQHandler
                0x08000ce0                RCC_S_IRQHandler
                0x08000ce0                DMA2_Channel2_IRQHandler
                0x08000ce0                DMA1_Channel4_IRQHandler
                0x08000ce0                SAI2_IRQHandler
                0x08000ce0                DFSDM1_FLT3_IRQHandler
                0x08000ce0                EXTI15_IRQHandler
                0x08000ce0                TIM17_IRQHandler
                0x08000ce0                USART3_IRQHandler
                0x08000ce0                RTC_IRQHandler
                0x08000ce0                EXTI9_IRQHandler
                0x08000ce0                DMA1_Channel7_IRQHandler
                0x08000ce0                UART5_IRQHandler
                0x08000ce0                TIM4_IRQHandler
                0x08000ce0                DMA2_Channel1_IRQHandler
                0x08000ce0                I2C1_EV_IRQHandler
                0x08000ce0                DMA1_Channel6_IRQHandler
                0x08000ce0                TIM16_IRQHandler
                0x08000ce0                UART4_IRQHandler
                0x08000ce0                DMA2_Channel4_IRQHandler
                0x08000ce0                SecureFault_Handler
                0x08000ce0                TIM3_IRQHandler
                0x08000ce0                RCC_IRQHandler
                0x08000ce0                TIM1_TRG_COM_IRQHandler
                0x08000ce0                DMA1_Channel1_IRQHandler
                0x08000ce0                Default_Handler
                0x08000ce0                DMA2_Channel7_IRQHandler
                0x08000ce0                DMA1_Channel8_IRQHandler
                0x08000ce0                TIM7_IRQHandler
                0x08000ce0                SDMMC1_IRQHandler
                0x08000ce0                TIM5_IRQHandler
                0x08000ce0                UCPD1_IRQHandler
                0x08000ce0                TIM15_IRQHandler
                0x08000ce0                I2C3_EV_IRQHandler
                0x08000ce0                PVD_PVM_IRQHandler
                0x08000ce0                SPI2_IRQHandler
                0x08000ce0                EXTI14_IRQHandler
                0x08000ce0                EXTI11_IRQHandler
                0x08000ce0                DMA2_Channel5_IRQHandler
                0x08000ce0                CRS_IRQHandler
                0x08000ce0                DMA1_Channel5_IRQHandler
                0x08000ce0                EXTI4_IRQHandler
                0x08000ce0                RTC_S_IRQHandler
                0x08000ce0                RNG_IRQHandler
                0x08000ce0                DMAMUX1_S_IRQHandler
                0x08000ce0                DMA1_Channel3_IRQHandler
                0x08000ce0                COMP_IRQHandler
                0x08000ce0                TIM1_UP_IRQHandler
                0x08000ce0                WWDG_IRQHandler
                0x08000ce0                I2C4_EV_IRQHandler
                0x08000ce0                LPUART1_IRQHandler
                0x08000ce0                DMA2_Channel6_IRQHandler
                0x08000ce0                TIM2_IRQHandler
                0x08000ce0                TAMP_S_IRQHandler
                0x08000ce0                EXTI7_IRQHandler
                0x08000ce0                TIM1_BRK_IRQHandler
                0x08000ce0                DAC_IRQHandler
                0x08000ce0                EXTI1_IRQHandler
                0x08000ce0                GTZC_IRQHandler
                0x08000ce0                USART2_IRQHandler
                0x08000ce0                DFSDM1_FLT0_IRQHandler
                0x08000ce0                I2C2_ER_IRQHandler
                0x08000ce0                DMA1_Channel2_IRQHandler
                0x08000ce0                TIM8_BRK_IRQHandler
                0x08000ce0                FLASH_IRQHandler
                0x08000ce0                USART1_IRQHandler
                0x08000ce0                EXTI10_IRQHandler
                0x08000ce0                SPI3_IRQHandler
                0x08000ce0                I2C1_ER_IRQHandler
                0x08000ce0                FMC_IRQHandler
                0x08000ce0                EXTI6_IRQHandler
                0x08000ce0                LPTIM1_IRQHandler
                0x08000ce0                I2C4_ER_IRQHandler
                0x08000ce0                ICACHE_IRQHandler
                0x08000ce0                SAI1_IRQHandler
                0x08000ce0                HASH_IRQHandler
                0x08000ce0                DMA2_Channel3_IRQHandler
 *fill*         0x08000ce2        0x2 
 .text.USB_Driver_Init
                0x08000ce4       0x2c ./Drivers/BFR_Krill_Drivers/src/usb_driver.o
                0x08000ce4                USB_Driver_Init
 .text.USB_Driver_SetConfigured
                0x08000d10        0xc ./Drivers/BFR_Krill_Drivers/src/usb_driver.o
                0x08000d10                USB_Driver_SetConfigured
 .text.USB_Driver_IsConfigured
                0x08000d1c        0xc ./Drivers/BFR_Krill_Drivers/src/usb_driver.o
                0x08000d1c                USB_Driver_IsConfigured
 .text.USB_Driver_RxHandler
                0x08000d28       0x48 ./Drivers/BFR_Krill_Drivers/src/usb_driver.o
                0x08000d28                USB_Driver_RxHandler
 .text.HAL_InitTick
                0x08000d70       0x4c ./Drivers/STM32L5xx_HAL_Driver/Src/stm32l5xx_hal.o
                0x08000d70                HAL_InitTick
 .text.HAL_Init
                0x08000dbc       0x24 ./Drivers/STM32L5xx_HAL_Driver/Src/stm32l5xx_hal.o
                0x08000dbc                HAL_Init
 .text.HAL_IncTick
                0x08000de0       0x18 ./Drivers/STM32L5xx_HAL_Driver/Src/stm32l5xx_hal.o
                0x08000de0                HAL_IncTick
 .text.HAL_GetTick
                0x08000df8        0xc ./Drivers/STM32L5xx_HAL_Driver/Src/stm32l5xx_hal.o
                0x08000df8                HAL_GetTick
 .text.HAL_Delay
                0x08000e04       0x24 ./Drivers/STM32L5xx_HAL_Driver/Src/stm32l5xx_hal.o
                0x08000e04                HAL_Delay
 .text.HAL_NVIC_SetPriorityGrouping
                0x08000e28       0x24 ./Drivers/STM32L5xx_HAL_Driver/Src/stm32l5xx_hal_cortex.o
                0x08000e28                HAL_NVIC_SetPriorityGrouping
 .text.HAL_NVIC_SetPriority
                0x08000e4c       0x78 ./Drivers/STM32L5xx_HAL_Driver/Src/stm32l5xx_hal_cortex.o
                0x08000e4c                HAL_NVIC_SetPriority
 .text.HAL_NVIC_EnableIRQ
                0x08000ec4       0x1c ./Drivers/STM32L5xx_HAL_Driver/Src/stm32l5xx_hal_cortex.o
                0x08000ec4                HAL_NVIC_EnableIRQ
 .text.HAL_NVIC_DisableIRQ
                0x08000ee0       0x24 ./Drivers/STM32L5xx_HAL_Driver/Src/stm32l5xx_hal_cortex.o
                0x08000ee0                HAL_NVIC_DisableIRQ
 .text.HAL_SYSTICK_Config
                0x08000f04       0x34 ./Drivers/STM32L5xx_HAL_Driver/Src/stm32l5xx_hal_cortex.o
                0x08000f04                HAL_SYSTICK_Config
 .text.HAL_FDCAN_Init
                0x08000f38      0x1d4 ./Drivers/STM32L5xx_HAL_Driver/Src/stm32l5xx_hal_fdcan.o
                0x08000f38                HAL_FDCAN_Init
 .text.HAL_FDCAN_ConfigFilter
                0x0800110c       0x58 ./Drivers/STM32L5xx_HAL_Driver/Src/stm32l5xx_hal_fdcan.o
                0x0800110c                HAL_FDCAN_ConfigFilter
 .text.HAL_FDCAN_ConfigGlobalFilter
                0x08001164       0x44 ./Drivers/STM32L5xx_HAL_Driver/Src/stm32l5xx_hal_fdcan.o
                0x08001164                HAL_FDCAN_ConfigGlobalFilter
 .text.HAL_FDCAN_Start
                0x080011a8       0x34 ./Drivers/STM32L5xx_HAL_Driver/Src/stm32l5xx_hal_fdcan.o
                0x080011a8                HAL_FDCAN_Start
 .text.HAL_FDCAN_Stop
                0x080011dc       0x84 ./Drivers/STM32L5xx_HAL_Driver/Src/stm32l5xx_hal_fdcan.o
                0x080011dc                HAL_FDCAN_Stop
 .text.HAL_FDCAN_DeInit
                0x08001260       0x2c ./Drivers/STM32L5xx_HAL_Driver/Src/stm32l5xx_hal_fdcan.o
                0x08001260                HAL_FDCAN_DeInit
 .text.HAL_FDCAN_GetRxMessage
                0x0800128c      0x134 ./Drivers/STM32L5xx_HAL_Driver/Src/stm32l5xx_hal_fdcan.o
                0x0800128c                HAL_FDCAN_GetRxMessage
 .text.HAL_FDCAN_ActivateNotification
                0x080013c0       0xf8 ./Drivers/STM32L5xx_HAL_Driver/Src/stm32l5xx_hal_fdcan.o
                0x080013c0                HAL_FDCAN_ActivateNotification
 .text.HAL_FDCAN_TxEventFifoCallback
                0x080014b8        0x4 ./Drivers/STM32L5xx_HAL_Driver/Src/stm32l5xx_hal_fdcan.o
                0x080014b8                HAL_FDCAN_TxEventFifoCallback
 .text.HAL_FDCAN_RxFifo1Callback
                0x080014bc        0x4 ./Drivers/STM32L5xx_HAL_Driver/Src/stm32l5xx_hal_fdcan.o
                0x080014bc                HAL_FDCAN_RxFifo1Callback
 .text.HAL_FDCAN_TxFifoEmptyCallback
                0x080014c0        0x4 ./Drivers/STM32L5xx_HAL_Driver/Src/stm32l5xx_hal_fdcan.o
                0x080014c0                HAL_FDCAN_TxFifoEmptyCallback
 .text.HAL_FDCAN_TxBufferCompleteCallback
                0x080014c4        0x4 ./Drivers/STM32L5xx_HAL_Driver/Src/stm32l5xx_hal_fdcan.o
                0x080014c4                HAL_FDCAN_TxBufferCompleteCallback
 .text.HAL_FDCAN_TxBufferAbortCallback
                0x080014c8        0x4 ./Drivers/STM32L5xx_HAL_Driver/Src/stm32l5xx_hal_fdcan.o
                0x080014c8                HAL_FDCAN_TxBufferAbortCallback
 .text.HAL_FDCAN_TimestampWraparoundCallback
                0x080014cc        0x4 ./Drivers/STM32L5xx_HAL_Driver/Src/stm32l5xx_hal_fdcan.o
                0x080014cc                HAL_FDCAN_TimestampWraparoundCallback
 .text.HAL_FDCAN_TimeoutOccurredCallback
                0x080014d0        0x4 ./Drivers/STM32L5xx_HAL_Driver/Src/stm32l5xx_hal_fdcan.o
                0x080014d0                HAL_FDCAN_TimeoutOccurredCallback
 .text.HAL_FDCAN_HighPriorityMessageCallback
                0x080014d4        0x4 ./Drivers/STM32L5xx_HAL_Driver/Src/stm32l5xx_hal_fdcan.o
                0x080014d4                HAL_FDCAN_HighPriorityMessageCallback
 .text.HAL_FDCAN_ErrorCallback
                0x080014d8        0x4 ./Drivers/STM32L5xx_HAL_Driver/Src/stm32l5xx_hal_fdcan.o
                0x080014d8                HAL_FDCAN_ErrorCallback
 .text.HAL_FDCAN_ErrorStatusCallback
                0x080014dc        0x4 ./Drivers/STM32L5xx_HAL_Driver/Src/stm32l5xx_hal_fdcan.o
                0x080014dc                HAL_FDCAN_ErrorStatusCallback
 .text.HAL_FDCAN_IRQHandler
                0x080014e0      0x18c ./Drivers/STM32L5xx_HAL_Driver/Src/stm32l5xx_hal_fdcan.o
                0x080014e0                HAL_FDCAN_IRQHandler
 .text.HAL_GPIO_Init
                0x0800166c      0x20c ./Drivers/STM32L5xx_HAL_Driver/Src/stm32l5xx_hal_gpio.o
                0x0800166c                HAL_GPIO_Init
 .text.HAL_GPIO_DeInit
                0x08001878      0x150 ./Drivers/STM32L5xx_HAL_Driver/Src/stm32l5xx_hal_gpio.o
                0x08001878                HAL_GPIO_DeInit
 .text.HAL_GPIO_ReadPin
                0x080019c8        0xc ./Drivers/STM32L5xx_HAL_Driver/Src/stm32l5xx_hal_gpio.o
                0x080019c8                HAL_GPIO_ReadPin
 .text.HAL_GPIO_WritePin
                0x080019d4        0xc ./Drivers/STM32L5xx_HAL_Driver/Src/stm32l5xx_hal_gpio.o
                0x080019d4                HAL_GPIO_WritePin
 .text.HAL_ICACHE_Enable
                0x080019e0       0x14 ./Drivers/STM32L5xx_HAL_Driver/Src/stm32l5xx_hal_icache.o
                0x080019e0                HAL_ICACHE_Enable
 .text.HAL_PCD_Init
                0x080019f4       0x9c ./Drivers/STM32L5xx_HAL_Driver/Src/stm32l5xx_hal_pcd.o
                0x080019f4                HAL_PCD_Init
 .text.HAL_PCD_Start
                0x08001a90       0x2c ./Drivers/STM32L5xx_HAL_Driver/Src/stm32l5xx_hal_pcd.o
                0x08001a90                HAL_PCD_Start
 .text.HAL_PCD_IRQHandler
                0x08001abc      0xba0 ./Drivers/STM32L5xx_HAL_Driver/Src/stm32l5xx_hal_pcd.o
                0x08001abc                HAL_PCD_IRQHandler
 .text.HAL_PCD_SetAddress
                0x0800265c       0x28 ./Drivers/STM32L5xx_HAL_Driver/Src/stm32l5xx_hal_pcd.o
                0x0800265c                HAL_PCD_SetAddress
 .text.HAL_PCD_EP_Open
                0x08002684       0x7c ./Drivers/STM32L5xx_HAL_Driver/Src/stm32l5xx_hal_pcd.o
                0x08002684                HAL_PCD_EP_Open
 .text.HAL_PCD_EP_Close
                0x08002700       0x74 ./Drivers/STM32L5xx_HAL_Driver/Src/stm32l5xx_hal_pcd.o
                0x08002700                HAL_PCD_EP_Close
 .text.HAL_PCD_EP_Receive
                0x08002774       0x34 ./Drivers/STM32L5xx_HAL_Driver/Src/stm32l5xx_hal_pcd.o
                0x08002774                HAL_PCD_EP_Receive
 .text.HAL_PCD_EP_GetRxCount
                0x080027a8       0x14 ./Drivers/STM32L5xx_HAL_Driver/Src/stm32l5xx_hal_pcd.o
                0x080027a8                HAL_PCD_EP_GetRxCount
 .text.HAL_PCD_EP_Transmit
                0x080027bc       0x3c ./Drivers/STM32L5xx_HAL_Driver/Src/stm32l5xx_hal_pcd.o
                0x080027bc                HAL_PCD_EP_Transmit
 .text.HAL_PCD_EP_SetStall
                0x080027f8       0x7c ./Drivers/STM32L5xx_HAL_Driver/Src/stm32l5xx_hal_pcd.o
                0x080027f8                HAL_PCD_EP_SetStall
 .text.HAL_PCD_EP_ClrStall
                0x08002874       0x80 ./Drivers/STM32L5xx_HAL_Driver/Src/stm32l5xx_hal_pcd.o
                0x08002874                HAL_PCD_EP_ClrStall
 .text.HAL_PCDEx_PMAConfig
                0x080028f4       0x3c ./Drivers/STM32L5xx_HAL_Driver/Src/stm32l5xx_hal_pcd_ex.o
                0x080028f4                HAL_PCDEx_PMAConfig
 .text.HAL_PCDEx_ActivateLPM
                0x08002930       0x34 ./Drivers/STM32L5xx_HAL_Driver/Src/stm32l5xx_hal_pcd_ex.o
                0x08002930                HAL_PCDEx_ActivateLPM
 .text.HAL_PWR_EnableBkUpAccess
                0x08002964       0x10 ./Drivers/STM32L5xx_HAL_Driver/Src/stm32l5xx_hal_pwr.o
                0x08002964                HAL_PWR_EnableBkUpAccess
 .text.HAL_PWREx_GetVoltageRange
                0x08002974       0x10 ./Drivers/STM32L5xx_HAL_Driver/Src/stm32l5xx_hal_pwr_ex.o
                0x08002974                HAL_PWREx_GetVoltageRange
 .text.HAL_PWREx_ControlVoltageScaling
                0x08002984       0x80 ./Drivers/STM32L5xx_HAL_Driver/Src/stm32l5xx_hal_pwr_ex.o
                0x08002984                HAL_PWREx_ControlVoltageScaling
 .text.HAL_PWREx_EnableVddUSB
                0x08002a04       0x10 ./Drivers/STM32L5xx_HAL_Driver/Src/stm32l5xx_hal_pwr_ex.o
                0x08002a04                HAL_PWREx_EnableVddUSB
 .text.HAL_PWREx_DisableUCPDDeadBattery
                0x08002a14       0x10 ./Drivers/STM32L5xx_HAL_Driver/Src/stm32l5xx_hal_pwr_ex.o
                0x08002a14                HAL_PWREx_DisableUCPDDeadBattery
 .text.RCC_SetFlashLatencyFromMSIRange
                0x08002a24       0x84 ./Drivers/STM32L5xx_HAL_Driver/Src/stm32l5xx_hal_rcc.o
 .text.HAL_RCC_GetSysClockFreq
                0x08002aa8       0xa8 ./Drivers/STM32L5xx_HAL_Driver/Src/stm32l5xx_hal_rcc.o
                0x08002aa8                HAL_RCC_GetSysClockFreq
 .text.HAL_RCC_ClockConfig
                0x08002b50      0x290 ./Drivers/STM32L5xx_HAL_Driver/Src/stm32l5xx_hal_rcc.o
                0x08002b50                HAL_RCC_ClockConfig
 .text.HAL_RCC_OscConfig
                0x08002de0      0x784 ./Drivers/STM32L5xx_HAL_Driver/Src/stm32l5xx_hal_rcc.o
                0x08002de0                HAL_RCC_OscConfig
 .text.RCCEx_PLLSAI1_Config
                0x08003564      0x10c ./Drivers/STM32L5xx_HAL_Driver/Src/stm32l5xx_hal_rcc_ex.o
 .text.RCCEx_PLLSAI2_Config.constprop.0
                0x08003670       0xc0 ./Drivers/STM32L5xx_HAL_Driver/Src/stm32l5xx_hal_rcc_ex.o
 .text.HAL_RCCEx_PeriphCLKConfig
                0x08003730      0x4f8 ./Drivers/STM32L5xx_HAL_Driver/Src/stm32l5xx_hal_rcc_ex.o
                0x08003730                HAL_RCCEx_PeriphCLKConfig
 .text.HAL_RCCEx_EnableMSIPLLMode
                0x08003c28       0x10 ./Drivers/STM32L5xx_HAL_Driver/Src/stm32l5xx_hal_rcc_ex.o
                0x08003c28                HAL_RCCEx_EnableMSIPLLMode
 .text.USB_EnableGlobalInt
                0x08003c38       0x14 ./Drivers/STM32L5xx_HAL_Driver/Src/stm32l5xx_ll_usb.o
                0x08003c38                USB_EnableGlobalInt
 .text.USB_DisableGlobalInt
                0x08003c4c       0x14 ./Drivers/STM32L5xx_HAL_Driver/Src/stm32l5xx_ll_usb.o
                0x08003c4c                USB_DisableGlobalInt
 .text.USB_DevInit
                0x08003c60       0x2c ./Drivers/STM32L5xx_HAL_Driver/Src/stm32l5xx_ll_usb.o
                0x08003c60                USB_DevInit
 .text.USB_ActivateEndpoint
                0x08003c8c      0x440 ./Drivers/STM32L5xx_HAL_Driver/Src/stm32l5xx_ll_usb.o
                0x08003c8c                USB_ActivateEndpoint
 .text.USB_DeactivateEndpoint
                0x080040cc      0x1cc ./Drivers/STM32L5xx_HAL_Driver/Src/stm32l5xx_ll_usb.o
                0x080040cc                USB_DeactivateEndpoint
 .text.USB_EPStartXfer
                0x08004298      0x368 ./Drivers/STM32L5xx_HAL_Driver/Src/stm32l5xx_ll_usb.o
                0x08004298                USB_EPStartXfer
 .text.USB_EPSetStall
                0x08004600       0x50 ./Drivers/STM32L5xx_HAL_Driver/Src/stm32l5xx_ll_usb.o
                0x08004600                USB_EPSetStall
 .text.USB_EPClearStall
                0x08004650       0x9c ./Drivers/STM32L5xx_HAL_Driver/Src/stm32l5xx_ll_usb.o
                0x08004650                USB_EPClearStall
 .text.USB_SetDevAddress
                0x080046ec        0xc ./Drivers/STM32L5xx_HAL_Driver/Src/stm32l5xx_ll_usb.o
                0x080046ec                USB_SetDevAddress
 .text.USB_DevConnect
                0x080046f8       0x18 ./Drivers/STM32L5xx_HAL_Driver/Src/stm32l5xx_ll_usb.o
                0x080046f8                USB_DevConnect
 .text.USB_ReadInterrupts
                0x08004710        0x8 ./Drivers/STM32L5xx_HAL_Driver/Src/stm32l5xx_ll_usb.o
                0x08004710                USB_ReadInterrupts
 .text.USB_WritePMA
                0x08004718       0x20 ./Drivers/STM32L5xx_HAL_Driver/Src/stm32l5xx_ll_usb.o
                0x08004718                USB_WritePMA
 .text.USB_ReadPMA
                0x08004738       0x58 ./Drivers/STM32L5xx_HAL_Driver/Src/stm32l5xx_ll_usb.o
                0x08004738                USB_ReadPMA
 .text.USBD_CDC_EP0_RxReady
                0x08004790       0x38 ./Middlewares/ST/STM32_USB_Device_Library/Class/CDC/Src/usbd_cdc.o
 .text.USBD_CDC_GetDeviceQualifierDescriptor
                0x080047c8       0x10 ./Middlewares/ST/STM32_USB_Device_Library/Class/CDC/Src/usbd_cdc.o
                0x080047c8                USBD_CDC_GetDeviceQualifierDescriptor
 .text.USBD_CDC_GetFSCfgDesc
                0x080047d8       0x48 ./Middlewares/ST/STM32_USB_Device_Library/Class/CDC/Src/usbd_cdc.o
 .text.USBD_CDC_GetOtherSpeedCfgDesc
                0x08004820        0x4 ./Middlewares/ST/STM32_USB_Device_Library/Class/CDC/Src/usbd_cdc.o
 .text.USBD_CDC_GetHSCfgDesc
                0x08004824       0x48 ./Middlewares/ST/STM32_USB_Device_Library/Class/CDC/Src/usbd_cdc.o
 .text.USBD_CDC_DataOut
                0x0800486c       0x38 ./Middlewares/ST/STM32_USB_Device_Library/Class/CDC/Src/usbd_cdc.o
 .text.USBD_CDC_DataIn
                0x080048a4       0x68 ./Middlewares/ST/STM32_USB_Device_Library/Class/CDC/Src/usbd_cdc.o
 .text.USBD_CDC_Setup
                0x0800490c       0xfc ./Middlewares/ST/STM32_USB_Device_Library/Class/CDC/Src/usbd_cdc.o
 .text.USBD_CDC_DeInit
                0x08004a08       0x60 ./Middlewares/ST/STM32_USB_Device_Library/Class/CDC/Src/usbd_cdc.o
 .text.USBD_CDC_Init
                0x08004a68       0xd8 ./Middlewares/ST/STM32_USB_Device_Library/Class/CDC/Src/usbd_cdc.o
 .text.USBD_CDC_RegisterInterface
                0x08004b40       0x18 ./Middlewares/ST/STM32_USB_Device_Library/Class/CDC/Src/usbd_cdc.o
                0x08004b40                USBD_CDC_RegisterInterface
 .text.USBD_CDC_SetTxBuffer
                0x08004b58       0x1c ./Middlewares/ST/STM32_USB_Device_Library/Class/CDC/Src/usbd_cdc.o
                0x08004b58                USBD_CDC_SetTxBuffer
 .text.USBD_CDC_SetRxBuffer
                0x08004b74       0x18 ./Middlewares/ST/STM32_USB_Device_Library/Class/CDC/Src/usbd_cdc.o
                0x08004b74                USBD_CDC_SetRxBuffer
 .text.USBD_CDC_TransmitPacket
                0x08004b8c       0x38 ./Middlewares/ST/STM32_USB_Device_Library/Class/CDC/Src/usbd_cdc.o
                0x08004b8c                USBD_CDC_TransmitPacket
 .text.USBD_CDC_ReceivePacket
                0x08004bc4       0x34 ./Middlewares/ST/STM32_USB_Device_Library/Class/CDC/Src/usbd_cdc.o
                0x08004bc4                USBD_CDC_ReceivePacket
 .text.USBD_Init
                0x08004bf8       0x28 ./Middlewares/ST/STM32_USB_Device_Library/Core/Src/usbd_core.o
                0x08004bf8                USBD_Init
 .text.USBD_RegisterClass
                0x08004c20       0x38 ./Middlewares/ST/STM32_USB_Device_Library/Core/Src/usbd_core.o
                0x08004c20                USBD_RegisterClass
 .text.USBD_Start
                0x08004c58        0x4 ./Middlewares/ST/STM32_USB_Device_Library/Core/Src/usbd_core.o
                0x08004c58                USBD_Start
 .text.USBD_SetClassConfig
                0x08004c5c       0x10 ./Middlewares/ST/STM32_USB_Device_Library/Core/Src/usbd_core.o
                0x08004c5c                USBD_SetClassConfig
 .text.USBD_ClrClassConfig
                0x08004c6c       0x14 ./Middlewares/ST/STM32_USB_Device_Library/Core/Src/usbd_core.o
                0x08004c6c                USBD_ClrClassConfig
 .text.USBD_LL_SetupStage
                0x08004c80       0x60 ./Middlewares/ST/STM32_USB_Device_Library/Core/Src/usbd_core.o
                0x08004c80                USBD_LL_SetupStage
 .text.USBD_LL_DataOutStage
                0x08004ce0       0x80 ./Middlewares/ST/STM32_USB_Device_Library/Core/Src/usbd_core.o
                0x08004ce0                USBD_LL_DataOutStage
 .text.USBD_LL_DataInStage
                0x08004d60       0xc0 ./Middlewares/ST/STM32_USB_Device_Library/Core/Src/usbd_core.o
                0x08004d60                USBD_LL_DataInStage
 .text.USBD_LL_Reset
                0x08004e20       0x5c ./Middlewares/ST/STM32_USB_Device_Library/Core/Src/usbd_core.o
                0x08004e20                USBD_LL_Reset
 .text.USBD_LL_SetSpeed
                0x08004e7c        0x8 ./Middlewares/ST/STM32_USB_Device_Library/Core/Src/usbd_core.o
                0x08004e7c                USBD_LL_SetSpeed
 .text.USBD_LL_Suspend
                0x08004e84       0x20 ./Middlewares/ST/STM32_USB_Device_Library/Core/Src/usbd_core.o
                0x08004e84                USBD_LL_Suspend
 .text.USBD_LL_Resume
                0x08004ea4       0x18 ./Middlewares/ST/STM32_USB_Device_Library/Core/Src/usbd_core.o
                0x08004ea4                USBD_LL_Resume
 .text.USBD_LL_SOF
                0x08004ebc       0x20 ./Middlewares/ST/STM32_USB_Device_Library/Core/Src/usbd_core.o
                0x08004ebc                USBD_LL_SOF
 .text.USBD_CoreFindIF
                0x08004edc        0x4 ./Middlewares/ST/STM32_USB_Device_Library/Core/Src/usbd_core.o
                0x08004edc                USBD_CoreFindIF
 .text.USBD_CoreFindEP
                0x08004ee0        0x4 ./Middlewares/ST/STM32_USB_Device_Library/Core/Src/usbd_core.o
                0x08004ee0                USBD_CoreFindEP
 .text.USBD_GetEpDesc
                0x08004ee4       0x38 ./Middlewares/ST/STM32_USB_Device_Library/Core/Src/usbd_core.o
                0x08004ee4                USBD_GetEpDesc
 .text.USBD_StdDevReq
                0x08004f1c      0x37c ./Middlewares/ST/STM32_USB_Device_Library/Core/Src/usbd_ctlreq.o
                0x08004f1c                USBD_StdDevReq
 .text.USBD_StdItfReq
                0x08005298       0x80 ./Middlewares/ST/STM32_USB_Device_Library/Core/Src/usbd_ctlreq.o
                0x08005298                USBD_StdItfReq
 .text.USBD_StdEPReq
                0x08005318      0x164 ./Middlewares/ST/STM32_USB_Device_Library/Core/Src/usbd_ctlreq.o
                0x08005318                USBD_StdEPReq
 .text.USBD_ParseSetupRequest
                0x0800547c       0x18 ./Middlewares/ST/STM32_USB_Device_Library/Core/Src/usbd_ctlreq.o
                0x0800547c                USBD_ParseSetupRequest
 .text.USBD_CtlError
                0x08005494       0x18 ./Middlewares/ST/STM32_USB_Device_Library/Core/Src/usbd_ctlreq.o
                0x08005494                USBD_CtlError
 .text.USBD_GetString
                0x080054ac       0x58 ./Middlewares/ST/STM32_USB_Device_Library/Core/Src/usbd_ctlreq.o
                0x080054ac                USBD_GetString
 .text.USBD_CtlSendData
                0x08005504       0x20 ./Middlewares/ST/STM32_USB_Device_Library/Core/Src/usbd_ioreq.o
                0x08005504                USBD_CtlSendData
 .text.USBD_CtlContinueSendData
                0x08005524       0x14 ./Middlewares/ST/STM32_USB_Device_Library/Core/Src/usbd_ioreq.o
                0x08005524                USBD_CtlContinueSendData
 .text.USBD_CtlPrepareRx
                0x08005538       0x20 ./Middlewares/ST/STM32_USB_Device_Library/Core/Src/usbd_ioreq.o
                0x08005538                USBD_CtlPrepareRx
 .text.USBD_CtlContinueRx
                0x08005558       0x14 ./Middlewares/ST/STM32_USB_Device_Library/Core/Src/usbd_ioreq.o
                0x08005558                USBD_CtlContinueRx
 .text.USBD_CtlSendStatus
                0x0800556c       0x18 ./Middlewares/ST/STM32_USB_Device_Library/Core/Src/usbd_ioreq.o
                0x0800556c                USBD_CtlSendStatus
 .text.USBD_CtlReceiveStatus
                0x08005584       0x18 ./Middlewares/ST/STM32_USB_Device_Library/Core/Src/usbd_ioreq.o
                0x08005584                USBD_CtlReceiveStatus
 .text.MX_USB_Device_Init
                0x0800559c       0x74 ./USB_Device/App/usb_device.o
                0x0800559c                MX_USB_Device_Init
 .text.CDC_Control_FS
                0x08005610        0x4 ./USB_Device/App/usbd_cdc_if.o
 .text.CDC_TransmitCplt_FS
                0x08005614        0x4 ./USB_Device/App/usbd_cdc_if.o
 .text.CDC_Receive_FS
                0x08005618       0x24 ./USB_Device/App/usbd_cdc_if.o
 .text.CDC_DeInit_FS
                0x0800563c        0xc ./USB_Device/App/usbd_cdc_if.o
 .text.CDC_Init_FS
                0x08005648       0x30 ./USB_Device/App/usbd_cdc_if.o
 .text.CDC_Transmit_FS
                0x08005678       0x58 ./USB_Device/App/usbd_cdc_if.o
                0x08005678                CDC_Transmit_FS
 .text.USBD_CDC_DeviceDescriptor
                0x080056d0        0xc ./USB_Device/App/usbd_desc.o
                0x080056d0                USBD_CDC_DeviceDescriptor
 .text.USBD_CDC_LangIDStrDescriptor
                0x080056dc        0xc ./USB_Device/App/usbd_desc.o
                0x080056dc                USBD_CDC_LangIDStrDescriptor
 .text.USBD_CDC_ManufacturerStrDescriptor
                0x080056e8       0x1c ./USB_Device/App/usbd_desc.o
                0x080056e8                USBD_CDC_ManufacturerStrDescriptor
 .text.USBD_CDC_ProductStrDescriptor
                0x08005704       0x1c ./USB_Device/App/usbd_desc.o
                0x08005704                USBD_CDC_ProductStrDescriptor
 .text.USBD_CDC_ConfigStrDescriptor
                0x08005720       0x1c ./USB_Device/App/usbd_desc.o
                0x08005720                USBD_CDC_ConfigStrDescriptor
 .text.USBD_CDC_InterfaceStrDescriptor
                0x0800573c       0x1c ./USB_Device/App/usbd_desc.o
                0x0800573c                USBD_CDC_InterfaceStrDescriptor
 .text.USBD_CDC_SerialStrDescriptor
                0x08005758       0x78 ./USB_Device/App/usbd_desc.o
                0x08005758                USBD_CDC_SerialStrDescriptor
 .text.HAL_PCD_MspInit
                0x080057d0       0xdc ./USB_Device/Target/usbd_conf.o
                0x080057d0                HAL_PCD_MspInit
 .text.HAL_PCD_SetupStageCallback
                0x080058ac       0x50 ./USB_Device/Target/usbd_conf.o
                0x080058ac                HAL_PCD_SetupStageCallback
 .text.HAL_PCD_DataOutStageCallback
                0x080058fc       0x34 ./USB_Device/Target/usbd_conf.o
                0x080058fc                HAL_PCD_DataOutStageCallback
 .text.HAL_PCD_DataInStageCallback
                0x08005930       0x34 ./USB_Device/Target/usbd_conf.o
                0x08005930                HAL_PCD_DataInStageCallback
 .text.HAL_PCD_SOFCallback
                0x08005964        0x8 ./USB_Device/Target/usbd_conf.o
                0x08005964                HAL_PCD_SOFCallback
 .text.HAL_PCD_ResetCallback
                0x0800596c       0x38 ./USB_Device/Target/usbd_conf.o
                0x0800596c                HAL_PCD_ResetCallback
 .text.HAL_PCD_SuspendCallback
                0x080059a4       0x34 ./USB_Device/Target/usbd_conf.o
                0x080059a4                HAL_PCD_SuspendCallback
 .text.HAL_PCD_ResumeCallback
                0x080059d8       0x44 ./USB_Device/Target/usbd_conf.o
                0x080059d8                HAL_PCD_ResumeCallback
 .text.USBD_LL_Init
                0x08005a1c       0x8c ./USB_Device/Target/usbd_conf.o
                0x08005a1c                USBD_LL_Init
 .text.USBD_LL_Start
                0x08005aa8       0x18 ./USB_Device/Target/usbd_conf.o
                0x08005aa8                USBD_LL_Start
 .text.USBD_LL_OpenEP
                0x08005ac0       0x1c ./USB_Device/Target/usbd_conf.o
                0x08005ac0                USBD_LL_OpenEP
 .text.USBD_LL_CloseEP
                0x08005adc       0x18 ./USB_Device/Target/usbd_conf.o
                0x08005adc                USBD_LL_CloseEP
 .text.USBD_LL_StallEP
                0x08005af4       0x18 ./USB_Device/Target/usbd_conf.o
                0x08005af4                USBD_LL_StallEP
 .text.USBD_LL_ClearStallEP
                0x08005b0c       0x18 ./USB_Device/Target/usbd_conf.o
                0x08005b0c                USBD_LL_ClearStallEP
 .text.USBD_LL_IsStallEP
                0x08005b24       0x28 ./USB_Device/Target/usbd_conf.o
                0x08005b24                USBD_LL_IsStallEP
 .text.USBD_LL_SetUSBAddress
                0x08005b4c       0x18 ./USB_Device/Target/usbd_conf.o
                0x08005b4c                USBD_LL_SetUSBAddress
 .text.USBD_LL_Transmit
                0x08005b64       0x18 ./USB_Device/Target/usbd_conf.o
                0x08005b64                USBD_LL_Transmit
 .text.USBD_LL_PrepareReceive
                0x08005b7c       0x18 ./USB_Device/Target/usbd_conf.o
                0x08005b7c                USBD_LL_PrepareReceive
 .text.USBD_LL_GetRxDataSize
                0x08005b94        0x8 ./USB_Device/Target/usbd_conf.o
                0x08005b94                USBD_LL_GetRxDataSize
 .text.HAL_PCDEx_LPM_Callback
                0x08005b9c       0x54 ./USB_Device/Target/usbd_conf.o
                0x08005b9c                HAL_PCDEx_LPM_Callback
 .text.USBD_static_malloc
                0x08005bf0        0x8 ./USB_Device/Target/usbd_conf.o
                0x08005bf0                USBD_static_malloc
 .text.USBD_static_free
                0x08005bf8        0x4 ./USB_Device/Target/usbd_conf.o
                0x08005bf8                USBD_static_free
 .text.snprintf
                0x08005bfc       0x6c C:/ST/STM32CubeIDE_2.0.0/STM32CubeIDE/plugins/com.st.stm32cube.ide.mcu.externaltools.gnu-tools-for-stm32.13.3.rel1.win32_1.0.100.202509120712/tools/bin/../lib/gcc/arm-none-eabi/13.3.1/../../../../arm-none-eabi/lib/thumb/v8-m.main+fp/hard\libc_nano.a(libc_a-snprintf.o)
                0x08005bfc                sniprintf
                0x08005bfc                snprintf
 .text.memset   0x08005c68       0x10 C:/ST/STM32CubeIDE_2.0.0/STM32CubeIDE/plugins/com.st.stm32cube.ide.mcu.externaltools.gnu-tools-for-stm32.13.3.rel1.win32_1.0.100.202509120712/tools/bin/../lib/gcc/arm-none-eabi/13.3.1/../../../../arm-none-eabi/lib/thumb/v8-m.main+fp/hard\libc_nano.a(libc_a-memset.o)
                0x08005c68                memset
 .text.__errno  0x08005c78        0xc C:/ST/STM32CubeIDE_2.0.0/STM32CubeIDE/plugins/com.st.stm32cube.ide.mcu.externaltools.gnu-tools-for-stm32.13.3.rel1.win32_1.0.100.202509120712/tools/bin/../lib/gcc/arm-none-eabi/13.3.1/../../../../arm-none-eabi/lib/thumb/v8-m.main+fp/hard\libc_nano.a(libc_a-errno.o)
                0x08005c78                __errno
 .text.__libc_init_array
                0x08005c84       0x48 C:/ST/STM32CubeIDE_2.0.0/STM32CubeIDE/plugins/com.st.stm32cube.ide.mcu.externaltools.gnu-tools-for-stm32.13.3.rel1.win32_1.0.100.202509120712/tools/bin/../lib/gcc/arm-none-eabi/13.3.1/../../../../arm-none-eabi/lib/thumb/v8-m.main+fp/hard\libc_nano.a(libc_a-init.o)
                0x08005c84                __libc_init_array
 .text.__retarget_lock_acquire_recursive
                0x08005ccc        0x2 C:/ST/STM32CubeIDE_2.0.0/STM32CubeIDE/plugins/com.st.stm32cube.ide.mcu.externaltools.gnu-tools-for-stm32.13.3.rel1.win32_1.0.100.202509120712/tools/bin/../lib/gcc/arm-none-eabi/13.3.1/../../../../arm-none-eabi/lib/thumb/v8-m.main+fp/hard\libc_nano.a(libc_a-lock.o)
                0x08005ccc                __retarget_lock_acquire_recursive
 .text.__retarget_lock_release_recursive
                0x08005cce        0x2 C:/ST/STM32CubeIDE_2.0.0/STM32CubeIDE/plugins/com.st.stm32cube.ide.mcu.externaltools.gnu-tools-for-stm32.13.3.rel1.win32_1.0.100.202509120712/tools/bin/../lib/gcc/arm-none-eabi/13.3.1/../../../../arm-none-eabi/lib/thumb/v8-m.main+fp/hard\libc_nano.a(libc_a-lock.o)
                0x08005cce                __retarget_lock_release_recursive
 .text.memcpy   0x08005cd0       0x1a C:/ST/STM32CubeIDE_2.0.0/STM32CubeIDE/plugins/com.st.stm32cube.ide.mcu.externaltools.gnu-tools-for-stm32.13.3.rel1.win32_1.0.100.202509120712/tools/bin/../lib/gcc/arm-none-eabi/13.3.1/../../../../arm-none-eabi/lib/thumb/v8-m.main+fp/hard\libc_nano.a(libc_a-memcpy-stub.o)
                0x08005cd0                memcpy
 *fill*         0x08005cea        0x2 
 .text._free_r  0x08005cec       0x94 C:/ST/STM32CubeIDE_2.0.0/STM32CubeIDE/plugins/com.st.stm32cube.ide.mcu.externaltools.gnu-tools-for-stm32.13.3.rel1.win32_1.0.100.202509120712/tools/bin/../lib/gcc/arm-none-eabi/13.3.1/../../../../arm-none-eabi/lib/thumb/v8-m.main+fp/hard\libc_nano.a(libc_a-freer.o)
                0x08005cec                _free_r
 .text.sbrk_aligned
                0x08005d80       0x44 C:/ST/STM32CubeIDE_2.0.0/STM32CubeIDE/plugins/com.st.stm32cube.ide.mcu.externaltools.gnu-tools-for-stm32.13.3.rel1.win32_1.0.100.202509120712/tools/bin/../lib/gcc/arm-none-eabi/13.3.1/../../../../arm-none-eabi/lib/thumb/v8-m.main+fp/hard\libc_nano.a(libc_a-mallocr.o)
 .text._malloc_r
                0x08005dc4      0x100 C:/ST/STM32CubeIDE_2.0.0/STM32CubeIDE/plugins/com.st.stm32cube.ide.mcu.externaltools.gnu-tools-for-stm32.13.3.rel1.win32_1.0.100.202509120712/tools/bin/../lib/gcc/arm-none-eabi/13.3.1/../../../../arm-none-eabi/lib/thumb/v8-m.main+fp/hard\libc_nano.a(libc_a-mallocr.o)
                0x08005dc4                _malloc_r
 .text.__malloc_lock
                0x08005ec4        0xc C:/ST/STM32CubeIDE_2.0.0/STM32CubeIDE/plugins/com.st.stm32cube.ide.mcu.externaltools.gnu-tools-for-stm32.13.3.rel1.win32_1.0.100.202509120712/tools/bin/../lib/gcc/arm-none-eabi/13.3.1/../../../../arm-none-eabi/lib/thumb/v8-m.main+fp/hard\libc_nano.a(libc_a-mlock.o)
                0x08005ec4                __malloc_lock
 .text.__malloc_unlock
                0x08005ed0        0xc C:/ST/STM32CubeIDE_2.0.0/STM32CubeIDE/plugins/com.st.stm32cube.ide.mcu.externaltools.gnu-tools-for-stm32.13.3.rel1.win32_1.0.100.202509120712/tools/bin/../lib/gcc/arm-none-eabi/13.3.1/../../../../arm-none-eabi/lib/thumb/v8-m.main+fp/hard\libc_nano.a(libc_a-mlock.o)
                0x08005ed0                __malloc_unlock
 .text.__ssputs_r
                0x08005edc       0xb6 C:/ST/STM32CubeIDE_2.0.0/STM32CubeIDE/plugins/com.st.stm32cube.ide.mcu.externaltools.gnu-tools-for-stm32.13.3.rel1.win32_1.0.100.202509120712/tools/bin/../lib/gcc/arm-none-eabi/13.3.1/../../../../arm-none-eabi/lib/thumb/v8-m.main+fp/hard\libc_nano.a(libc_a-nano-svfprintf.o)
                0x08005edc                __ssputs_r
 *fill*         0x08005f92        0x2 
 .text._svfprintf_r
                0x08005f94      0x1f8 C:/ST/STM32CubeIDE_2.0.0/STM32CubeIDE/plugins/com.st.stm32cube.ide.mcu.externaltools.gnu-tools-for-stm32.13.3.rel1.win32_1.0.100.202509120712/tools/bin/../lib/gcc/arm-none-eabi/13.3.1/../../../../arm-none-eabi/lib/thumb/v8-m.main+fp/hard\libc_nano.a(libc_a-nano-svfprintf.o)
                0x08005f94                _svfiprintf_r
                0x08005f94                _svfprintf_r
 .text._printf_common
                0x0800618c       0xe4 C:/ST/STM32CubeIDE_2.0.0/STM32CubeIDE/plugins/com.st.stm32cube.ide.mcu.externaltools.gnu-tools-for-stm32.13.3.rel1.win32_1.0.100.202509120712/tools/bin/../lib/gcc/arm-none-eabi/13.3.1/../../../../arm-none-eabi/lib/thumb/v8-m.main+fp/hard\libc_nano.a(libc_a-nano-vfprintf_i.o)
                0x0800618c                _printf_common
 .text._printf_i
                0x08006270      0x23c C:/ST/STM32CubeIDE_2.0.0/STM32CubeIDE/plugins/com.st.stm32cube.ide.mcu.externaltools.gnu-tools-for-stm32.13.3.rel1.win32_1.0.100.202509120712/tools/bin/../lib/gcc/arm-none-eabi/13.3.1/../../../../arm-none-eabi/lib/thumb/v8-m.main+fp/hard\libc_nano.a(libc_a-nano-vfprintf_i.o)
                0x08006270                _printf_i
 .text.memmove  0x080064ac       0x34 C:/ST/STM32CubeIDE_2.0.0/STM32CubeIDE/plugins/com.st.stm32cube.ide.mcu.externaltools.gnu-tools-for-stm32.13.3.rel1.win32_1.0.100.202509120712/tools/bin/../lib/gcc/arm-none-eabi/13.3.1/../../../../arm-none-eabi/lib/thumb/v8-m.main+fp/hard\libc_nano.a(libc_a-memmove.o)
                0x080064ac                memmove
 .text._sbrk_r  0x080064e0       0x20 C:/ST/STM32CubeIDE_2.0.0/STM32CubeIDE/plugins/com.st.stm32cube.ide.mcu.externaltools.gnu-tools-for-stm32.13.3.rel1.win32_1.0.100.202509120712/tools/bin/../lib/gcc/arm-none-eabi/13.3.1/../../../../arm-none-eabi/lib/thumb/v8-m.main+fp/hard\libc_nano.a(libc_a-sbrkr.o)
                0x080064e0                _sbrk_r
 .text.memchr   0x08006500       0x1c C:/ST/STM32CubeIDE_2.0.0/STM32CubeIDE/plugins/com.st.stm32cube.ide.mcu.externaltools.gnu-tools-for-stm32.13.3.rel1.win32_1.0.100.202509120712/tools/bin/../lib/gcc/arm-none-eabi/13.3.1/../../../../arm-none-eabi/lib/thumb/v8-m.main+fp/hard\libc_nano.a(libc_a-memchr-stub.o)
                0x08006500                memchr
 .text._realloc_r
                0x0800651c       0x5c C:/ST/STM32CubeIDE_2.0.0/STM32CubeIDE/plugins/com.st.stm32cube.ide.mcu.externaltools.gnu-tools-for-stm32.13.3.rel1.win32_1.0.100.202509120712/tools/bin/../lib/gcc/arm-none-eabi/13.3.1/../../../../arm-none-eabi/lib/thumb/v8-m.main+fp/hard\libc_nano.a(libc_a-reallocr.o)
                0x0800651c                _realloc_r
 .text._malloc_usable_size_r
                0x08006578       0x10 C:/ST/STM32CubeIDE_2.0.0/STM32CubeIDE/plugins/com.st.stm32cube.ide.mcu.externaltools.gnu-tools-for-stm32.13.3.rel1.win32_1.0.100.202509120712/tools/bin/../lib/gcc/arm-none-eabi/13.3.1/../../../../arm-none-eabi/lib/thumb/v8-m.main+fp/hard\libc_nano.a(libc_a-msizer.o)
                0x08006578                _malloc_usable_size_r
 *(.glue_7)
 .glue_7        0x08006588        0x0 linker stubs
 *(.glue_7t)
 .glue_7t       0x08006588        0x0 linker stubs
 *(.eh_frame)
 .eh_frame      0x08006588        0x0 C:/ST/STM32CubeIDE_2.0.0/STM32CubeIDE/plugins/com.st.stm32cube.ide.mcu.externaltools.gnu-tools-for-stm32.13.3.rel1.win32_1.0.100.202509120712/tools/bin/../lib/gcc/arm-none-eabi/13.3.1/thumb/v8-m.main+fp/hard/crtbegin.o
 *(.init)
 .init          0x08006588        0x4 C:/ST/STM32CubeIDE_2.0.0/STM32CubeIDE/plugins/com.st.stm32cube.ide.mcu.externaltools.gnu-tools-for-stm32.13.3.rel1.win32_1.0.100.202509120712/tools/bin/../lib/gcc/arm-none-eabi/13.3.1/thumb/v8-m.main+fp/hard/crti.o
                0x08006588                _init
 .init          0x0800658c        0x8 C:/ST/STM32CubeIDE_2.0.0/STM32CubeIDE/plugins/com.st.stm32cube.ide.mcu.externaltools.gnu-tools-for-stm32.13.3.rel1.win32_1.0.100.202509120712/tools/bin/../lib/gcc/arm-none-eabi/13.3.1/thumb/v8-m.main+fp/hard/crtn.o
 *(.fini)
 .fini          0x08006594        0x4 C:/ST/STM32CubeIDE_2.0.0/STM32CubeIDE/plugins/com.st.stm32cube.ide.mcu.externaltools.gnu-tools-for-stm32.13.3.rel1.win32_1.0.100.202509120712/tools/bin/../lib/gcc/arm-none-eabi/13.3.1/thumb/v8-m.main+fp/hard/crti.o
                0x08006594                _fini
 .fini          0x08006598        0x8 C:/ST/STM32CubeIDE_2.0.0/STM32CubeIDE/plugins/com.st.stm32cube.ide.mcu.externaltools.gnu-tools-for-stm32.13.3.rel1.win32_1.0.100.202509120712/tools/bin/../lib/gcc/arm-none-eabi/13.3.1/thumb/v8-m.main+fp/hard/crtn.o
                0x080065a0                        . = ALIGN (0x4)
                0x080065a0                        _etext = .

.vfp11_veneer   0x080065a0        0x0
 .vfp11_veneer  0x080065a0        0x0 linker stubs

.v4_bx          0x080065a0        0x0
 .v4_bx         0x080065a0        0x0 linker stubs

.iplt           0x080065a0        0x0
 .iplt          0x080065a0        0x0 C:/ST/STM32CubeIDE_2.0.0/STM32CubeIDE/plugins/com.st.stm32cube.ide.mcu.externaltools.gnu-tools-for-stm32.13.3.rel1.win32_1.0.100.202509120712/tools/bin/../lib/gcc/arm-none-eabi/13.3.1/thumb/v8-m.main+fp/hard/crtbegin.o

.rodata         0x080065a0      0x13c
                0x080065a0                        . = ALIGN (0x4)
 *(.rodata)
 *(.rodata*)
 .rodata.CSWTCH.15
                0x080065a0       0x3c ./Core/Src/can.o
 .rodata.main.str1.4
                0x080065dc       0x5a ./Core/Src/main.o
                                 0x12 (size before relaxing)
 *fill*         0x08006636        0x2 
 .rodata.CSWTCH.26
                0x08006638        0xf ./Core/Src/main.o
 *fill*         0x08006647        0x1 
 .rodata.MSIRangeTable
                0x08006648       0x40 ./Core/Src/system_stm32l5xx.o
                0x08006648                MSIRangeTable
 .rodata.AHBPrescTable
                0x08006688       0x10 ./Core/Src/system_stm32l5xx.o
                0x08006688                AHBPrescTable
 .rodata.DLCtoBytes
                0x08006698       0x10 ./Drivers/STM32L5xx_HAL_Driver/Src/stm32l5xx_hal_fdcan.o
 .rodata.USBD_CDC_ManufacturerStrDescriptor.str1.4
                0x080066a8        0x0 ./USB_Device/App/usbd_desc.o
                                 0x13 (size before relaxing)
 .rodata.USBD_CDC_ProductStrDescriptor.str1.4
                0x080066a8        0x0 ./USB_Device/App/usbd_desc.o
                                 0x16 (size before relaxing)
 .rodata.USBD_CDC_ConfigStrDescriptor.str1.4
                0x080066a8        0x0 ./USB_Device/App/usbd_desc.o
                                  0xb (size before relaxing)
 .rodata.USBD_CDC_InterfaceStrDescriptor.str1.4
                0x080066a8        0x0 ./USB_Device/App/usbd_desc.o
                                  0xe (size before relaxing)
 .rodata._svfprintf_r.str1.1
                0x080066a8       0x33 C:/ST/STM32CubeIDE_2.0.0/STM32CubeIDE/plugins/com.st.stm32cube.ide.mcu.externaltools.gnu-tools-for-stm32.13.3.rel1.win32_1.0.100.202509120712/tools/bin/../lib/gcc/arm-none-eabi/13.3.1/../../../../arm-none-eabi/lib/thumb/v8-m.main+fp/hard\libc_nano.a(libc_a-nano-svfprintf.o)
                                 0x11 (size before relaxing)
 .rodata._printf_i.str1.1
                0x080066db        0x0 C:/ST/STM32CubeIDE_2.0.0/STM32CubeIDE/plugins/com.st.stm32cube.ide.mcu.externaltools.gnu-tools-for-stm32.13.3.rel1.win32_1.0.100.202509120712/tools/bin/../lib/gcc/arm-none-eabi/13.3.1/../../../../arm-none-eabi/lib/thumb/v8-m.main+fp/hard\libc_nano.a(libc_a-nano-vfprintf_i.o)
                                 0x22 (size before relaxing)
                0x080066dc                        . = ALIGN (0x4)
 *fill*         0x080066db        0x1 

.ARM.extab      0x080066dc        0x0
                0x080066dc                        . = ALIGN (0x4)
 *(.ARM.extab* .gnu.linkonce.armextab.*)
                0x080066dc                        . = ALIGN (0x4)

.ARM            0x080066dc        0x8
                0x080066dc                        . = ALIGN (0x4)
                0x080066dc                        __exidx_start = .
 *(.ARM.exidx*)
 .ARM.exidx     0x080066dc        0x8 C:/ST/STM32CubeIDE_2.0.0/STM32CubeIDE/plugins/com.st.stm32cube.ide.mcu.externaltools.gnu-tools-for-stm32.13.3.rel1.win32_1.0.100.202509120712/tools/bin/../lib/gcc/arm-none-eabi/13.3.1/../../../../arm-none-eabi/lib/thumb/v8-m.main+fp/hard\libc_nano.a(libc_a-strlen.o)
                0x080066e4                        __exidx_end = .
                0x080066e4                        . = ALIGN (0x4)

.preinit_array  0x080066e4        0x0
                0x080066e4                        . = ALIGN (0x4)
                0x080066e4                        PROVIDE (__preinit_array_start = .)
 *(.preinit_array*)
                0x080066e4                        PROVIDE (__preinit_array_end = .)
                0x080066e4                        . = ALIGN (0x4)

.init_array     0x080066e4        0x4
                0x080066e4                        . = ALIGN (0x4)
                0x080066e4                        PROVIDE (__init_array_start = .)
 *(SORT_BY_NAME(.init_array.*))
 *(.init_array*)
 .init_array    0x080066e4        0x4 C:/ST/STM32CubeIDE_2.0.0/STM32CubeIDE/plugins/com.st.stm32cube.ide.mcu.externaltools.gnu-tools-for-stm32.13.3.rel1.win32_1.0.100.202509120712/tools/bin/../lib/gcc/arm-none-eabi/13.3.1/thumb/v8-m.main+fp/hard/crtbegin.o
                0x080066e8                        PROVIDE (__init_array_end = .)
                0x080066e8                        . = ALIGN (0x4)

.fini_array     0x080066e8        0x4
                0x080066e8                        . = ALIGN (0x4)
                [!provide]                        PROVIDE (__fini_array_start = .)
 *(SORT_BY_NAME(.fini_array.*))
 *(.fini_array*)
 .fini_array    0x080066e8        0x4 C:/ST/STM32CubeIDE_2.0.0/STM32CubeIDE/plugins/com.st.stm32cube.ide.mcu.externaltools.gnu-tools-for-stm32.13.3.rel1.win32_1.0.100.202509120712/tools/bin/../lib/gcc/arm-none-eabi/13.3.1/thumb/v8-m.main+fp/hard/crtbegin.o
                [!provide]                        PROVIDE (__fini_array_end = .)
                0x080066ec                        . = ALIGN (0x4)
                0x080066ec                        _sidata = LOADADDR (.data)

.rel.dyn        0x080066ec        0x0
 .rel.iplt      0x080066ec        0x0 C:/ST/STM32CubeIDE_2.0.0/STM32CubeIDE/plugins/com.st.stm32cube.ide.mcu.externaltools.gnu-tools-for-stm32.13.3.rel1.win32_1.0.100.202509120712/tools/bin/../lib/gcc/arm-none-eabi/13.3.1/thumb/v8-m.main+fp/hard/crtbegin.o

.data           0x20000000      0x14c load address 0x080066ec
                0x20000000                        . = ALIGN (0x4)
                0x20000000                        _sdata = .
 *(.data)
 *(.data*)
 .data.SystemCoreClock
                0x20000000        0x4 ./Core/Src/system_stm32l5xx.o
                0x20000000                SystemCoreClock
 .data.uwTickFreq
                0x20000004        0x1 ./Drivers/STM32L5xx_HAL_Driver/Src/stm32l5xx_hal.o
                0x20000004                uwTickFreq
 *fill*         0x20000005        0x3 
 .data.uwTickPrio
                0x20000008        0x4 ./Drivers/STM32L5xx_HAL_Driver/Src/stm32l5xx_hal.o
                0x20000008                uwTickPrio
 .data.USBD_CDC_CfgDesc
                0x2000000c       0x43 ./Middlewares/ST/STM32_USB_Device_Library/Class/CDC/Src/usbd_cdc.o
 *fill*         0x2000004f        0x1 
 .data.USBD_CDC
                0x20000050       0x38 ./Middlewares/ST/STM32_USB_Device_Library/Class/CDC/Src/usbd_cdc.o
                0x20000050                USBD_CDC
 .data.USBD_CDC_DeviceQualifierDesc
                0x20000088        0xa ./Middlewares/ST/STM32_USB_Device_Library/Class/CDC/Src/usbd_cdc.o
 *fill*         0x20000092        0x2 
 .data.USBD_Interface_fops_FS
                0x20000094       0x14 ./USB_Device/App/usbd_cdc_if.o
                0x20000094                USBD_Interface_fops_FS
 .data.USBD_StringSerial
                0x200000a8       0x1a ./USB_Device/App/usbd_desc.o
                0x200000a8                USBD_StringSerial
 *fill*         0x200000c2        0x2 
 .data.USBD_LangIDDesc
                0x200000c4        0x4 ./USB_Device/App/usbd_desc.o
                0x200000c4                USBD_LangIDDesc
 .data.USBD_CDC_DeviceDesc
                0x200000c8       0x12 ./USB_Device/App/usbd_desc.o
                0x200000c8                USBD_CDC_DeviceDesc
 *fill*         0x200000da        0x2 
 .data.CDC_Desc
                0x200000dc       0x20 ./USB_Device/App/usbd_desc.o
                0x200000dc                CDC_Desc
 .data._impure_ptr
                0x200000fc        0x4 C:/ST/STM32CubeIDE_2.0.0/STM32CubeIDE/plugins/com.st.stm32cube.ide.mcu.externaltools.gnu-tools-for-stm32.13.3.rel1.win32_1.0.100.202509120712/tools/bin/../lib/gcc/arm-none-eabi/13.3.1/../../../../arm-none-eabi/lib/thumb/v8-m.main+fp/hard\libc_nano.a(libc_a-impure.o)
                0x200000fc                _impure_ptr
 .data._impure_data
                0x20000100       0x4c C:/ST/STM32CubeIDE_2.0.0/STM32CubeIDE/plugins/com.st.stm32cube.ide.mcu.externaltools.gnu-tools-for-stm32.13.3.rel1.win32_1.0.100.202509120712/tools/bin/../lib/gcc/arm-none-eabi/13.3.1/../../../../arm-none-eabi/lib/thumb/v8-m.main+fp/hard\libc_nano.a(libc_a-impure.o)
                0x20000100                _impure_data
 *(.RamFunc)
 *(.RamFunc*)
                0x2000014c                        . = ALIGN (0x4)
                0x2000014c                        _edata = .

.igot.plt       0x2000014c        0x0 load address 0x08006838
 .igot.plt      0x2000014c        0x0 C:/ST/STM32CubeIDE_2.0.0/STM32CubeIDE/plugins/com.st.stm32cube.ide.mcu.externaltools.gnu-tools-for-stm32.13.3.rel1.win32_1.0.100.202509120712/tools/bin/../lib/gcc/arm-none-eabi/13.3.1/thumb/v8-m.main+fp/hard/crtbegin.o
                0x2000014c                        . = ALIGN (0x4)

.bss            0x2000014c     0xc8e4 load address 0x08006838
                0x2000014c                        _sbss = .
                0x2000014c                        __bss_start__ = _sbss
 *(.bss)
 .bss           0x2000014c       0x1c C:/ST/STM32CubeIDE_2.0.0/STM32CubeIDE/plugins/com.st.stm32cube.ide.mcu.externaltools.gnu-tools-for-stm32.13.3.rel1.win32_1.0.100.202509120712/tools/bin/../lib/gcc/arm-none-eabi/13.3.1/thumb/v8-m.main+fp/hard/crtbegin.o
 *(.bss*)
 .bss.batch.0   0x20000168     0x4000 ./Core/Src/can.o
 .bss.hfdcan1   0x20004168       0x64 ./Core/Src/fdcan.o
                0x20004168                hfdcan1
 .bss.s_fdcan_rx_tail
                0x200041cc        0x1 ./Core/Src/fdcan.o
 .bss.s_fdcan_rx_head
                0x200041cd        0x1 ./Core/Src/fdcan.o
 *fill*         0x200041ce        0x2 
 .bss.fdcan1_debug_cb
                0x200041d0        0x4 ./Core/Src/fdcan.o
                0x200041d0                fdcan1_debug_cb
 .bss.fdcan_rx_error_count
                0x200041d4        0x4 ./Core/Src/fdcan.o
                0x200041d4                fdcan_rx_error_count
 .bss.fdcan_rx_count
                0x200041d8        0x4 ./Core/Src/fdcan.o
                0x200041d8                fdcan_rx_count
 .bss.fdcan_tx_count
                0x200041dc        0x4 ./Core/Src/fdcan.o
                0x200041dc                fdcan_tx_count
 .bss.last_recovery_tick.0
                0x200041e0        0x4 ./Core/Src/main.o
 .bss.sr_pin_test_result
                0x200041e4        0x1 ./Core/Src/main.o
                0x200041e4                sr_pin_test_result
 .bss.g_detected_baud
                0x200041e5        0x1 ./Core/Src/main.o
                0x200041e5                g_detected_baud
 .bss.sr_test_reported
                0x200041e6        0x1 ./Core/Src/main.o
                0x200041e6                sr_test_reported
 .bss.fdcan_rx_tail
                0x200041e7        0x1 ./Core/Src/main.o
 .bss.fdcan_rx_head
                0x200041e8        0x1 ./Core/Src/main.o
 *fill*         0x200041e9        0x3 
 .bss.fdcan_rx_queue
                0x200041ec     0x3400 ./Core/Src/main.o
 .bss.fdcan_first_seq_seen
                0x200075ec        0x1 ./Core/Src/main.o
                0x200075ec                fdcan_first_seq_seen
 .bss.fdcan_expected_seq
                0x200075ed        0x1 ./Core/Src/main.o
                0x200075ed                fdcan_expected_seq
 *fill*         0x200075ee        0x2 
 .bss.fdcan_seq_skip_count
                0x200075f0        0x4 ./Core/Src/main.o
                0x200075f0                fdcan_seq_skip_count
 .bss.fdcan_rx_last_len
                0x200075f4        0x1 ./Core/Src/main.o
                0x200075f4                fdcan_rx_last_len
 *fill*         0x200075f5        0x3 
 .bss.fdcan_rx_last_id
                0x200075f8        0x4 ./Core/Src/main.o
                0x200075f8                fdcan_rx_last_id
 .bss.fdcan_notif_err_count
                0x200075fc        0x4 ./Core/Src/main.o
                0x200075fc                fdcan_notif_err_count
 .bss.fdcan_rx_err_count
                0x20007600        0x4 ./Core/Src/main.o
                0x20007600                fdcan_rx_err_count
 .bss.fdcan_rx_msg_count
                0x20007604        0x4 ./Core/Src/main.o
                0x20007604                fdcan_rx_msg_count
 .bss.__sbrk_heap_end
                0x20007608        0x4 ./Core/Src/sysmem.o
 .bss.s_rx_buffer
                0x2000760c       0x80 ./Drivers/BFR_Krill_Drivers/src/usb_driver.o
 .bss.s_rx_tail
                0x2000768c        0x2 ./Drivers/BFR_Krill_Drivers/src/usb_driver.o
 .bss.s_rx_head
                0x2000768e        0x2 ./Drivers/BFR_Krill_Drivers/src/usb_driver.o
 .bss.s_usb_configured
                0x20007690        0x1 ./Drivers/BFR_Krill_Drivers/src/usb_driver.o
 *fill*         0x20007691        0x3 
 .bss.uwTick    0x20007694        0x4 ./Drivers/STM32L5xx_HAL_Driver/Src/stm32l5xx_hal.o
                0x20007694                uwTick
 .bss.cfgidx.0  0x20007698        0x1 ./Middlewares/ST/STM32_USB_Device_Library/Core/Src/usbd_ctlreq.o
 *fill*         0x20007699        0x3 
 .bss.hUsbDeviceFS
                0x2000769c      0x2dc ./USB_Device/App/usb_device.o
                0x2000769c                hUsbDeviceFS
 .bss.UserTxBufferFS
                0x20007978     0x4000 ./USB_Device/App/usbd_cdc_if.o
                0x20007978                UserTxBufferFS
 .bss.UserRxBufferFS
                0x2000b978      0x800 ./USB_Device/App/usbd_cdc_if.o
                0x2000b978                UserRxBufferFS
 .bss.USBD_StrDesc
                0x2000c178      0x200 ./USB_Device/App/usbd_desc.o
                0x2000c178                USBD_StrDesc
 .bss.mem.0     0x2000c378      0x220 ./USB_Device/Target/usbd_conf.o
 .bss.usbdiag   0x2000c598       0x74 ./USB_Device/Target/usbd_conf.o
                0x2000c598                usbdiag
 .bss.hpcd_USB_FS
                0x2000c60c      0x2dc ./USB_Device/Target/usbd_conf.o
                0x2000c60c                hpcd_USB_FS
 .bss.__sf      0x2000c8e8      0x138 C:/ST/STM32CubeIDE_2.0.0/STM32CubeIDE/plugins/com.st.stm32cube.ide.mcu.externaltools.gnu-tools-for-stm32.13.3.rel1.win32_1.0.100.202509120712/tools/bin/../lib/gcc/arm-none-eabi/13.3.1/../../../../arm-none-eabi/lib/thumb/v8-m.main+fp/hard\libc_nano.a(libc_a-findfp.o)
                0x2000c8e8                __sf
 .bss.errno     0x2000ca20        0x4 C:/ST/STM32CubeIDE_2.0.0/STM32CubeIDE/plugins/com.st.stm32cube.ide.mcu.externaltools.gnu-tools-for-stm32.13.3.rel1.win32_1.0.100.202509120712/tools/bin/../lib/gcc/arm-none-eabi/13.3.1/../../../../arm-none-eabi/lib/thumb/v8-m.main+fp/hard\libc_nano.a(libc_a-reent.o)
                0x2000ca20                errno
 .bss.__lock___malloc_recursive_mutex
                0x2000ca24        0x1 C:/ST/STM32CubeIDE_2.0.0/STM32CubeIDE/plugins/com.st.stm32cube.ide.mcu.externaltools.gnu-tools-for-stm32.13.3.rel1.win32_1.0.100.202509120712/tools/bin/../lib/gcc/arm-none-eabi/13.3.1/../../../../arm-none-eabi/lib/thumb/v8-m.main+fp/hard\libc_nano.a(libc_a-lock.o)
                0x2000ca24                __lock___malloc_recursive_mutex
 *fill*         0x2000ca25        0x3 
 .bss.__malloc_sbrk_start
                0x2000ca28        0x4 C:/ST/STM32CubeIDE_2.0.0/STM32CubeIDE/plugins/com.st.stm32cube.ide.mcu.externaltools.gnu-tools-for-stm32.13.3.rel1.win32_1.0.100.202509120712/tools/bin/../lib/gcc/arm-none-eabi/13.3.1/../../../../arm-none-eabi/lib/thumb/v8-m.main+fp/hard\libc_nano.a(libc_a-mallocr.o)
                0x2000ca28                __malloc_sbrk_start
 .bss.__malloc_free_list
                0x2000ca2c        0x4 C:/ST/STM32CubeIDE_2.0.0/STM32CubeIDE/plugins/com.st.stm32cube.ide.mcu.externaltools.gnu-tools-for-stm32.13.3.rel1.win32_1.0.100.202509120712/tools/bin/../lib/gcc/arm-none-eabi/13.3.1/../../../../arm-none-eabi/lib/thumb/v8-m.main+fp/hard\libc_nano.a(libc_a-mallocr.o)
                0x2000ca2c                __malloc_free_list
 *(COMMON)
                0x2000ca30                        . = ALIGN (0x4)
                0x2000ca30                        _ebss = .
                0x2000ca30                        __bss_end__ = _ebss

._user_heap_stack
                0x2000ca30      0x600 load address 0x08006838
                0x2000ca30                        . = ALIGN (0x8)
                [!provide]                        PROVIDE (end = .)
                0x2000ca30                        PROVIDE (_end = .)
                0x2000cc30                        . = (. + _Min_Heap_Size)
 *fill*         0x2000ca30      0x200 
                0x2000d030                        . = (. + _Min_Stack_Size)
 *fill*         0x2000cc30      0x400 
                0x2000d030                        . = ALIGN (0x8)

/DISCARD/
 libc.a(*)
 libm.a(*)
 libgcc.a(*)

.ARM.attributes
                0x00000000       0x36
 *(.ARM.attributes)
 .ARM.attributes
                0x00000000       0x26 C:/ST/STM32CubeIDE_2.0.0/STM32CubeIDE/plugins/com.st.stm32cube.ide.mcu.externaltools.gnu-tools-for-stm32.13.3.rel1.win32_1.0.100.202509120712/tools/bin/../lib/gcc/arm-none-eabi/13.3.1/thumb/v8-m.main+fp/hard/crti.o
 .ARM.attributes
                0x00000026       0x38 C:/ST/STM32CubeIDE_2.0.0/STM32CubeIDE/plugins/com.st.stm32cube.ide.mcu.externaltools.gnu-tools-for-stm32.13.3.rel1.win32_1.0.100.202509120712/tools/bin/../lib/gcc/arm-none-eabi/13.3.1/thumb/v8-m.main+fp/hard/crtbegin.o
 .ARM.attributes
                0x0000005e       0x3a ./Core/Src/can.o
 .ARM.attributes
                0x00000098       0x3a ./Core/Src/fdcan.o
 .ARM.attributes
                0x000000d2       0x3a ./Core/Src/gpio.o
 .ARM.attributes
                0x0000010c       0x3a ./Core/Src/icache.o
 .ARM.attributes
                0x00000146       0x3a ./Core/Src/main.o
 .ARM.attributes
                0x00000180       0x3a ./Core/Src/stm32l5xx_hal_msp.o
 .ARM.attributes
                0x000001ba       0x3a ./Core/Src/stm32l5xx_it.o
 .ARM.attributes
                0x000001f4       0x3a ./Core/Src/sysmem.o
 .ARM.attributes
                0x0000022e       0x3a ./Core/Src/system_stm32l5xx.o
 .ARM.attributes
                0x00000268       0x24 ./Core/Startup/startup_stm32l552cctx.o
 .ARM.attributes
                0x0000028c       0x3a ./Drivers/BFR_Krill_Drivers/src/usb_driver.o
 .ARM.attributes
                0x000002c6       0x3a ./Drivers/STM32L5xx_HAL_Driver/Src/stm32l5xx_hal.o
 .ARM.attributes
                0x00000300       0x3a ./Drivers/STM32L5xx_HAL_Driver/Src/stm32l5xx_hal_cortex.o
 .ARM.attributes
                0x0000033a       0x3a ./Drivers/STM32L5xx_HAL_Driver/Src/stm32l5xx_hal_fdcan.o
 .ARM.attributes
                0x00000374       0x3a ./Drivers/STM32L5xx_HAL_Driver/Src/stm32l5xx_hal_gpio.o
 .ARM.attributes
                0x000003ae       0x3a ./Drivers/STM32L5xx_HAL_Driver/Src/stm32l5xx_hal_icache.o
 .ARM.attributes
                0x000003e8       0x3a ./Drivers/STM32L5xx_HAL_Driver/Src/stm32l5xx_hal_pcd.o
 .ARM.attributes
                0x00000422       0x3a ./Drivers/STM32L5xx_HAL_Driver/Src/stm32l5xx_hal_pcd_ex.o
 .ARM.attributes
                0x0000045c       0x3a ./Drivers/STM32L5xx_HAL_Driver/Src/stm32l5xx_hal_pwr.o
 .ARM.attributes
                0x00000496       0x3a ./Drivers/STM32L5xx_HAL_Driver/Src/stm32l5xx_hal_pwr_ex.o
 .ARM.attributes
                0x000004d0       0x3a ./Drivers/STM32L5xx_HAL_Driver/Src/stm32l5xx_hal_rcc.o
 .ARM.attributes
                0x0000050a       0x3a ./Drivers/STM32L5xx_HAL_Driver/Src/stm32l5xx_hal_rcc_ex.o
 .ARM.attributes
                0x00000544       0x3a ./Drivers/STM32L5xx_HAL_Driver/Src/stm32l5xx_ll_usb.o
 .ARM.attributes
                0x0000057e       0x3a ./Middlewares/ST/STM32_USB_Device_Library/Class/CDC/Src/usbd_cdc.o
 .ARM.attributes
                0x000005b8       0x3a ./Middlewares/ST/STM32_USB_Device_Library/Core/Src/usbd_core.o
 .ARM.attributes
                0x000005f2       0x3a ./Middlewares/ST/STM32_USB_Device_Library/Core/Src/usbd_ctlreq.o
 .ARM.attributes
                0x0000062c       0x3a ./Middlewares/ST/STM32_USB_Device_Library/Core/Src/usbd_ioreq.o
 .ARM.attributes
                0x00000666       0x3a ./USB_Device/App/usb_device.o
 .ARM.attributes
                0x000006a0       0x3a ./USB_Device/App/usbd_cdc_if.o
 .ARM.attributes
                0x000006da       0x3a ./USB_Device/App/usbd_desc.o
 .ARM.attributes
                0x00000714       0x3a ./USB_Device/Target/usbd_conf.o
 .ARM.attributes
                0x0000074e       0x38 C:/ST/STM32CubeIDE_2.0.0/STM32CubeIDE/plugins/com.st.stm32cube.ide.mcu.externaltools.gnu-tools-for-stm32.13.3.rel1.win32_1.0.100.202509120712/tools/bin/../lib/gcc/arm-none-eabi/13.3.1/../../../../arm-none-eabi/lib/thumb/v8-m.main+fp/hard\libc_nano.a(libc_a-findfp.o)
 .ARM.attributes
                0x00000786       0x38 C:/ST/STM32CubeIDE_2.0.0/STM32CubeIDE/plugins/com.st.stm32cube.ide.mcu.externaltools.gnu-tools-for-stm32.13.3.rel1.win32_1.0.100.202509120712/tools/bin/../lib/gcc/arm-none-eabi/13.3.1/../../../../arm-none-eabi/lib/thumb/v8-m.main+fp/hard\libc_nano.a(libc_a-snprintf.o)
 .ARM.attributes
                0x000007be       0x38 C:/ST/STM32CubeIDE_2.0.0/STM32CubeIDE/plugins/com.st.stm32cube.ide.mcu.externaltools.gnu-tools-for-stm32.13.3.rel1.win32_1.0.100.202509120712/tools/bin/../lib/gcc/arm-none-eabi/13.3.1/../../../../arm-none-eabi/lib/thumb/v8-m.main+fp/hard\libc_nano.a(libc_a-memset.o)
 .ARM.attributes
                0x000007f6       0x38 C:/ST/STM32CubeIDE_2.0.0/STM32CubeIDE/plugins/com.st.stm32cube.ide.mcu.externaltools.gnu-tools-for-stm32.13.3.rel1.win32_1.0.100.202509120712/tools/bin/../lib/gcc/arm-none-eabi/13.3.1/../../../../arm-none-eabi/lib/thumb/v8-m.main+fp/hard\libc_nano.a(libc_a-reent.o)
 .ARM.attributes
                0x0000082e       0x38 C:/ST/STM32CubeIDE_2.0.0/STM32CubeIDE/plugins/com.st.stm32cube.ide.mcu.externaltools.gnu-tools-for-stm32.13.3.rel1.win32_1.0.100.202509120712/tools/bin/../lib/gcc/arm-none-eabi/13.3.1/../../../../arm-none-eabi/lib/thumb/v8-m.main+fp/hard\libc_nano.a(libc_a-impure.o)
 .ARM.attributes
                0x00000866       0x38 C:/ST/STM32CubeIDE_2.0.0/STM32CubeIDE/plugins/com.st.stm32cube.ide.mcu.externaltools.gnu-tools-for-stm32.13.3.rel1.win32_1.0.100.202509120712/tools/bin/../lib/gcc/arm-none-eabi/13.3.1/../../../../arm-none-eabi/lib/thumb/v8-m.main+fp/hard\libc_nano.a(libc_a-errno.o)
 .ARM.attributes
                0x0000089e       0x38 C:/ST/STM32CubeIDE_2.0.0/STM32CubeIDE/plugins/com.st.stm32cube.ide.mcu.externaltools.gnu-tools-for-stm32.13.3.rel1.win32_1.0.100.202509120712/tools/bin/../lib/gcc/arm-none-eabi/13.3.1/../../../../arm-none-eabi/lib/thumb/v8-m.main+fp/hard\libc_nano.a(libc_a-init.o)
 .ARM.attributes
                0x000008d6       0x38 C:/ST/STM32CubeIDE_2.0.0/STM32CubeIDE/plugins/com.st.stm32cube.ide.mcu.externaltools.gnu-tools-for-stm32.13.3.rel1.win32_1.0.100.202509120712/tools/bin/../lib/gcc/arm-none-eabi/13.3.1/../../../../arm-none-eabi/lib/thumb/v8-m.main+fp/hard\libc_nano.a(libc_a-lock.o)
 .ARM.attributes
                0x0000090e       0x38 C:/ST/STM32CubeIDE_2.0.0/STM32CubeIDE/plugins/com.st.stm32cube.ide.mcu.externaltools.gnu-tools-for-stm32.13.3.rel1.win32_1.0.100.202509120712/tools/bin/../lib/gcc/arm-none-eabi/13.3.1/../../../../arm-none-eabi/lib/thumb/v8-m.main+fp/hard\libc_nano.a(libc_a-memcpy-stub.o)
 .ARM.attributes
                0x00000946       0x24 C:/ST/STM32CubeIDE_2.0.0/STM32CubeIDE/plugins/com.st.stm32cube.ide.mcu.externaltools.gnu-tools-for-stm32.13.3.rel1.win32_1.0.100.202509120712/tools/bin/../lib/gcc/arm-none-eabi/13.3.1/../../../../arm-none-eabi/lib/thumb/v8-m.main+fp/hard\libc_nano.a(libc_a-strlen.o)
 .ARM.attributes
                0x0000096a       0x38 C:/ST/STM32CubeIDE_2.0.0/STM32CubeIDE/plugins/com.st.stm32cube.ide.mcu.externaltools.gnu-tools-for-stm32.13.3.rel1.win32_1.0.100.202509120712/tools/bin/../lib/gcc/arm-none-eabi/13.3.1/../../../../arm-none-eabi/lib/thumb/v8-m.main+fp/hard\libc_nano.a(libc_a-freer.o)
 .ARM.attributes
                0x000009a2       0x38 C:/ST/STM32CubeIDE_2.0.0/STM32CubeIDE/plugins/com.st.stm32cube.ide.mcu.externaltools.gnu-tools-for-stm32.13.3.rel1.win32_1.0.100.202509120712/tools/bin/../lib/gcc/arm-none-eabi/13.3.1/../../../../arm-none-eabi/lib/thumb/v8-m.main+fp/hard\libc_nano.a(libc_a-mallocr.o)
 .ARM.attributes
                0x000009da       0x38 C:/ST/STM32CubeIDE_2.0.0/STM32CubeIDE/plugins/com.st.stm32cube.ide.mcu.externaltools.gnu-tools-for-stm32.13.3.rel1.win32_1.0.100.202509120712/tools/bin/../lib/gcc/arm-none-eabi/13.3.1/../../../../arm-none-eabi/lib/thumb/v8-m.main+fp/hard\libc_nano.a(libc_a-mlock.o)
 .ARM.attributes
                0x00000a12       0x38 C:/ST/STM32CubeIDE_2.0.0/STM32CubeIDE/plugins/com.st.stm32cube.ide.mcu.externaltools.gnu-tools-for-stm32.13.3.rel1.win32_1.0.100.202509120712/tools/bin/../lib/gcc/arm-none-eabi/13.3.1/../../../../arm-none-eabi/lib/thumb/v8-m.main+fp/hard\libc_nano.a(libc_a-nano-svfprintf.o)
 .ARM.attributes
                0x00000a4a       0x38 C:/ST/STM32CubeIDE_2.0.0/STM32CubeIDE/plugins/com.st.stm32cube.ide.mcu.externaltools.gnu-tools-for-stm32.13.3.rel1.win32_1.0.100.202509120712/tools/bin/../lib/gcc/arm-none-eabi/13.3.1/../../../../arm-none-eabi/lib/thumb/v8-m.main+fp/hard\libc_nano.a(libc_a-nano-vfprintf_i.o)
 .ARM.attributes
                0x00000a82       0x38 C:/ST/STM32CubeIDE_2.0.0/STM32CubeIDE/plugins/com.st.stm32cube.ide.mcu.externaltools.gnu-tools-for-stm32.13.3.rel1.win32_1.0.100.202509120712/tools/bin/../lib/gcc/arm-none-eabi/13.3.1/../../../../arm-none-eabi/lib/thumb/v8-m.main+fp/hard\libc_nano.a(libc_a-memmove.o)
 .ARM.attributes
                0x00000aba       0x38 C:/ST/STM32CubeIDE_2.0.0/STM32CubeIDE/plugins/com.st.stm32cube.ide.mcu.externaltools.gnu-tools-for-stm32.13.3.rel1.win32_1.0.100.202509120712/tools/bin/../lib/gcc/arm-none-eabi/13.3.1/../../../../arm-none-eabi/lib/thumb/v8-m.main+fp/hard\libc_nano.a(libc_a-sbrkr.o)
 .ARM.attributes
                0x00000af2       0x38 C:/ST/STM32CubeIDE_2.0.0/STM32CubeIDE/plugins/com.st.stm32cube.ide.mcu.externaltools.gnu-tools-for-stm32.13.3.rel1.win32_1.0.100.202509120712/tools/bin/../lib/gcc/arm-none-eabi/13.3.1/../../../../arm-none-eabi/lib/thumb/v8-m.main+fp/hard\libc_nano.a(libc_a-memchr-stub.o)
 .ARM.attributes
                0x00000b2a       0x38 C:/ST/STM32CubeIDE_2.0.0/STM32CubeIDE/plugins/com.st.stm32cube.ide.mcu.externaltools.gnu-tools-for-stm32.13.3.rel1.win32_1.0.100.202509120712/tools/bin/../lib/gcc/arm-none-eabi/13.3.1/../../../../arm-none-eabi/lib/thumb/v8-m.main+fp/hard\libc_nano.a(libc_a-reallocr.o)
 .ARM.attributes
                0x00000b62       0x38 C:/ST/STM32CubeIDE_2.0.0/STM32CubeIDE/plugins/com.st.stm32cube.ide.mcu.externaltools.gnu-tools-for-stm32.13.3.rel1.win32_1.0.100.202509120712/tools/bin/../lib/gcc/arm-none-eabi/13.3.1/../../../../arm-none-eabi/lib/thumb/v8-m.main+fp/hard\libc_nano.a(libc_a-msizer.o)
 .ARM.attributes
                0x00000b9a       0x26 C:/ST/STM32CubeIDE_2.0.0/STM32CubeIDE/plugins/com.st.stm32cube.ide.mcu.externaltools.gnu-tools-for-stm32.13.3.rel1.win32_1.0.100.202509120712/tools/bin/../lib/gcc/arm-none-eabi/13.3.1/thumb/v8-m.main+fp/hard/crtn.o
OUTPUT(mk11-mdu-code.elf elf32-littlearm)
LOAD linker stubs
LOAD C:/ST/STM32CubeIDE_2.0.0/STM32CubeIDE/plugins/com.st.stm32cube.ide.mcu.externaltools.gnu-tools-for-stm32.13.3.rel1.win32_1.0.100.202509120712/tools/bin/../lib/gcc/arm-none-eabi/13.3.1/../../../../arm-none-eabi/lib/thumb/v8-m.main+fp/hard\libc.a
LOAD C:/ST/STM32CubeIDE_2.0.0/STM32CubeIDE/plugins/com.st.stm32cube.ide.mcu.externaltools.gnu-tools-for-stm32.13.3.rel1.win32_1.0.100.202509120712/tools/bin/../lib/gcc/arm-none-eabi/13.3.1/../../../../arm-none-eabi/lib/thumb/v8-m.main+fp/hard\libm.a
LOAD C:/ST/STM32CubeIDE_2.0.0/STM32CubeIDE/plugins/com.st.stm32cube.ide.mcu.externaltools.gnu-tools-for-stm32.13.3.rel1.win32_1.0.100.202509120712/tools/bin/../lib/gcc/arm-none-eabi/13.3.1/thumb/v8-m.main+fp/hard\libgcc.a

.debug_info     0x00000000    0x1c97c
 .debug_info    0x00000000      0xf67 ./Core/Src/can.o
 .debug_info    0x00000f67     0x1b97 ./Core/Src/fdcan.o
 .debug_info    0x00002afe      0x57a ./Core/Src/gpio.o
 .debug_info    0x00003078       0xe4 ./Core/Src/icache.o
 .debug_info    0x0000315c     0x1b72 ./Core/Src/main.o
 .debug_info    0x00004cce      0x38b ./Core/Src/stm32l5xx_hal_msp.o
 .debug_info    0x00005059      0xd49 ./Core/Src/stm32l5xx_it.o
 .debug_info    0x00005da2      0x186 ./Core/Src/sysmem.o
 .debug_info    0x00005f28      0x800 ./Core/Src/system_stm32l5xx.o
 .debug_info    0x00006728       0x30 ./Core/Startup/startup_stm32l552cctx.o
 .debug_info    0x00006758      0x48f ./Drivers/BFR_Krill_Drivers/src/usb_driver.o
 .debug_info    0x00006be7      0xe50 ./Drivers/STM32L5xx_HAL_Driver/Src/stm32l5xx_hal.o
 .debug_info    0x00007a37     0x1422 ./Drivers/STM32L5xx_HAL_Driver/Src/stm32l5xx_hal_cortex.o
 .debug_info    0x00008e59     0x1c3d ./Drivers/STM32L5xx_HAL_Driver/Src/stm32l5xx_hal_fdcan.o
 .debug_info    0x0000aa96      0x636 ./Drivers/STM32L5xx_HAL_Driver/Src/stm32l5xx_hal_gpio.o
 .debug_info    0x0000b0cc      0x564 ./Drivers/STM32L5xx_HAL_Driver/Src/stm32l5xx_hal_icache.o
 .debug_info    0x0000b630     0x1e7f ./Drivers/STM32L5xx_HAL_Driver/Src/stm32l5xx_hal_pcd.o
 .debug_info    0x0000d4af      0x944 ./Drivers/STM32L5xx_HAL_Driver/Src/stm32l5xx_hal_pcd_ex.o
 .debug_info    0x0000ddf3      0xd37 ./Drivers/STM32L5xx_HAL_Driver/Src/stm32l5xx_hal_pwr.o
 .debug_info    0x0000eb2a      0xf28 ./Drivers/STM32L5xx_HAL_Driver/Src/stm32l5xx_hal_pwr_ex.o
 .debug_info    0x0000fa52     0x12ff ./Drivers/STM32L5xx_HAL_Driver/Src/stm32l5xx_hal_rcc.o
 .debug_info    0x00010d51     0x157a ./Drivers/STM32L5xx_HAL_Driver/Src/stm32l5xx_hal_rcc_ex.o
 .debug_info    0x000122cb     0x1b81 ./Drivers/STM32L5xx_HAL_Driver/Src/stm32l5xx_ll_usb.o
 .debug_info    0x00013e4c     0x16d3 ./Middlewares/ST/STM32_USB_Device_Library/Class/CDC/Src/usbd_cdc.o
 .debug_info    0x0001551f     0x1283 ./Middlewares/ST/STM32_USB_Device_Library/Core/Src/usbd_core.o
 .debug_info    0x000167a2     0x12e8 ./Middlewares/ST/STM32_USB_Device_Library/Core/Src/usbd_ctlreq.o
 .debug_info    0x00017a8a      0x907 ./Middlewares/ST/STM32_USB_Device_Library/Core/Src/usbd_ioreq.o
 .debug_info    0x00018391      0x7e6 ./USB_Device/App/usb_device.o
 .debug_info    0x00018b77      0xab1 ./USB_Device/App/usbd_cdc_if.o
 .debug_info    0x00019628      0x670 ./USB_Device/App/usbd_desc.o
 .debug_info    0x00019c98     0x2ce4 ./USB_Device/Target/usbd_conf.o

.debug_abbrev   0x00000000     0x53d8
 .debug_abbrev  0x00000000      0x31f ./Core/Src/can.o
 .debug_abbrev  0x0000031f      0x478 ./Core/Src/fdcan.o
 .debug_abbrev  0x00000797      0x194 ./Core/Src/gpio.o
 .debug_abbrev  0x0000092b       0xad ./Core/Src/icache.o
 .debug_abbrev  0x000009d8      0x47a ./Core/Src/main.o
 .debug_abbrev  0x00000e52      0x108 ./Core/Src/stm32l5xx_hal_msp.o
 .debug_abbrev  0x00000f5a      0x1fb ./Core/Src/stm32l5xx_it.o
 .debug_abbrev  0x00001155       0xdc ./Core/Src/sysmem.o
 .debug_abbrev  0x00001231      0x131 ./Core/Src/system_stm32l5xx.o
 .debug_abbrev  0x00001362       0x24 ./Core/Startup/startup_stm32l552cctx.o
 .debug_abbrev  0x00001386      0x259 ./Drivers/BFR_Krill_Drivers/src/usb_driver.o
 .debug_abbrev  0x000015df      0x36d ./Drivers/STM32L5xx_HAL_Driver/Src/stm32l5xx_hal.o
 .debug_abbrev  0x0000194c      0x3a7 ./Drivers/STM32L5xx_HAL_Driver/Src/stm32l5xx_hal_cortex.o
 .debug_abbrev  0x00001cf3      0x2ac ./Drivers/STM32L5xx_HAL_Driver/Src/stm32l5xx_hal_fdcan.o
 .debug_abbrev  0x00001f9f      0x25e ./Drivers/STM32L5xx_HAL_Driver/Src/stm32l5xx_hal_gpio.o
 .debug_abbrev  0x000021fd      0x238 ./Drivers/STM32L5xx_HAL_Driver/Src/stm32l5xx_hal_icache.o
 .debug_abbrev  0x00002435      0x3f9 ./Drivers/STM32L5xx_HAL_Driver/Src/stm32l5xx_hal_pcd.o
 .debug_abbrev  0x0000282e      0x315 ./Drivers/STM32L5xx_HAL_Driver/Src/stm32l5xx_hal_pcd_ex.o
 .debug_abbrev  0x00002b43      0x231 ./Drivers/STM32L5xx_HAL_Driver/Src/stm32l5xx_hal_pwr.o
 .debug_abbrev  0x00002d74      0x38e ./Drivers/STM32L5xx_HAL_Driver/Src/stm32l5xx_hal_pwr_ex.o
 .debug_abbrev  0x00003102      0x361 ./Drivers/STM32L5xx_HAL_Driver/Src/stm32l5xx_hal_rcc.o
 .debug_abbrev  0x00003463      0x3b6 ./Drivers/STM32L5xx_HAL_Driver/Src/stm32l5xx_hal_rcc_ex.o
 .debug_abbrev  0x00003819      0x34b ./Drivers/STM32L5xx_HAL_Driver/Src/stm32l5xx_ll_usb.o
 .debug_abbrev  0x00003b64      0x351 ./Middlewares/ST/STM32_USB_Device_Library/Class/CDC/Src/usbd_cdc.o
 .debug_abbrev  0x00003eb5      0x3a8 ./Middlewares/ST/STM32_USB_Device_Library/Core/Src/usbd_core.o
 .debug_abbrev  0x0000425d      0x412 ./Middlewares/ST/STM32_USB_Device_Library/Core/Src/usbd_ctlreq.o
 .debug_abbrev  0x0000466f      0x1be ./Middlewares/ST/STM32_USB_Device_Library/Core/Src/usbd_ioreq.o
 .debug_abbrev  0x0000482d      0x1be ./USB_Device/App/usb_device.o
 .debug_abbrev  0x000049eb      0x30e ./USB_Device/App/usbd_cdc_if.o
 .debug_abbrev  0x00004cf9      0x2c4 ./USB_Device/App/usbd_desc.o
 .debug_abbrev  0x00004fbd      0x41b ./USB_Device/Target/usbd_conf.o

.debug_loclists
                0x00000000     0x9b83
 .debug_loclists
                0x00000000      0x1a8 ./Core/Src/can.o
 .debug_loclists
                0x000001a8      0x346 ./Core/Src/fdcan.o
 .debug_loclists
                0x000004ee      0x255 ./Core/Src/main.o
 .debug_loclists
                0x00000743       0x17 ./Core/Src/stm32l5xx_it.o
 .debug_loclists
                0x0000075a       0x61 ./Core/Src/sysmem.o
 .debug_loclists
                0x000007bb       0xad ./Core/Src/system_stm32l5xx.o
 .debug_loclists
                0x00000868      0x2ba ./Drivers/BFR_Krill_Drivers/src/usb_driver.o
 .debug_loclists
                0x00000b22      0x1dc ./Drivers/STM32L5xx_HAL_Driver/Src/stm32l5xx_hal.o
 .debug_loclists
                0x00000cfe      0x626 ./Drivers/STM32L5xx_HAL_Driver/Src/stm32l5xx_hal_cortex.o
 .debug_loclists
                0x00001324      0xfb9 ./Drivers/STM32L5xx_HAL_Driver/Src/stm32l5xx_hal_fdcan.o
 .debug_loclists
                0x000022dd      0x2c4 ./Drivers/STM32L5xx_HAL_Driver/Src/stm32l5xx_hal_gpio.o
 .debug_loclists
                0x000025a1      0x28d ./Drivers/STM32L5xx_HAL_Driver/Src/stm32l5xx_hal_icache.o
 .debug_loclists
                0x0000282e     0x10dd ./Drivers/STM32L5xx_HAL_Driver/Src/stm32l5xx_hal_pcd.o
 .debug_loclists
                0x0000390b      0x189 ./Drivers/STM32L5xx_HAL_Driver/Src/stm32l5xx_hal_pcd_ex.o
 .debug_loclists
                0x00003a94      0x17f ./Drivers/STM32L5xx_HAL_Driver/Src/stm32l5xx_hal_pwr.o
 .debug_loclists
                0x00003c13      0x51f ./Drivers/STM32L5xx_HAL_Driver/Src/stm32l5xx_hal_pwr_ex.o
 .debug_loclists
                0x00004132      0x751 ./Drivers/STM32L5xx_HAL_Driver/Src/stm32l5xx_hal_rcc.o
 .debug_loclists
                0x00004883      0xf59 ./Drivers/STM32L5xx_HAL_Driver/Src/stm32l5xx_hal_rcc_ex.o
 .debug_loclists
                0x000057dc     0x1963 ./Drivers/STM32L5xx_HAL_Driver/Src/stm32l5xx_ll_usb.o
 .debug_loclists
                0x0000713f      0x58b ./Middlewares/ST/STM32_USB_Device_Library/Class/CDC/Src/usbd_cdc.o
 .debug_loclists
                0x000076ca      0x8b9 ./Middlewares/ST/STM32_USB_Device_Library/Core/Src/usbd_core.o
 .debug_loclists
                0x00007f83      0xb57 ./Middlewares/ST/STM32_USB_Device_Library/Core/Src/usbd_ctlreq.o
 .debug_loclists
                0x00008ada      0x214 ./Middlewares/ST/STM32_USB_Device_Library/Core/Src/usbd_ioreq.o
 .debug_loclists
                0x00008cee      0x113 ./USB_Device/App/usbd_cdc_if.o
 .debug_loclists
                0x00008e01      0x2b8 ./USB_Device/App/usbd_desc.o
 .debug_loclists
                0x000090b9      0xaca ./USB_Device/Target/usbd_conf.o

.debug_aranges  0x00000000     0x1198
 .debug_aranges
                0x00000000       0x30 ./Core/Src/can.o
 .debug_aranges
                0x00000030       0x58 ./Core/Src/fdcan.o
 .debug_aranges
                0x00000088       0x20 ./Core/Src/gpio.o
 .debug_aranges
                0x000000a8       0x20 ./Core/Src/icache.o
 .debug_aranges
                0x000000c8       0x68 ./Core/Src/main.o
 .debug_aranges
                0x00000130       0x20 ./Core/Src/stm32l5xx_hal_msp.o
 .debug_aranges
                0x00000150       0x78 ./Core/Src/stm32l5xx_it.o
 .debug_aranges
                0x000001c8       0x20 ./Core/Src/sysmem.o
 .debug_aranges
                0x000001e8       0x28 ./Core/Src/system_stm32l5xx.o
 .debug_aranges
                0x00000210       0x28 ./Core/Startup/startup_stm32l552cctx.o
 .debug_aranges
                0x00000238       0x58 ./Drivers/BFR_Krill_Drivers/src/usb_driver.o
 .debug_aranges
                0x00000290      0x130 ./Drivers/STM32L5xx_HAL_Driver/Src/stm32l5xx_hal.o
 .debug_aranges
                0x000003c0       0xc0 ./Drivers/STM32L5xx_HAL_Driver/Src/stm32l5xx_hal_cortex.o
 .debug_aranges
                0x00000480      0x1f8 ./Drivers/STM32L5xx_HAL_Driver/Src/stm32l5xx_hal_fdcan.o
 .debug_aranges
                0x00000678       0x60 ./Drivers/STM32L5xx_HAL_Driver/Src/stm32l5xx_hal_gpio.o
 .debug_aranges
                0x000006d8       0xa8 ./Drivers/STM32L5xx_HAL_Driver/Src/stm32l5xx_hal_icache.o
 .debug_aranges
                0x00000780      0x120 ./Drivers/STM32L5xx_HAL_Driver/Src/stm32l5xx_hal_pcd.o
 .debug_aranges
                0x000008a0       0x58 ./Drivers/STM32L5xx_HAL_Driver/Src/stm32l5xx_hal_pcd_ex.o
 .debug_aranges
                0x000008f8       0xa8 ./Drivers/STM32L5xx_HAL_Driver/Src/stm32l5xx_hal_pwr.o
 .debug_aranges
                0x000009a0      0x1b8 ./Drivers/STM32L5xx_HAL_Driver/Src/stm32l5xx_hal_pwr_ex.o
 .debug_aranges
                0x00000b58       0xa0 ./Drivers/STM32L5xx_HAL_Driver/Src/stm32l5xx_hal_rcc.o
 .debug_aranges
                0x00000bf8      0x110 ./Drivers/STM32L5xx_HAL_Driver/Src/stm32l5xx_hal_rcc_ex.o
 .debug_aranges
                0x00000d08       0xc8 ./Drivers/STM32L5xx_HAL_Driver/Src/stm32l5xx_ll_usb.o
 .debug_aranges
                0x00000dd0       0x90 ./Middlewares/ST/STM32_USB_Device_Library/Class/CDC/Src/usbd_cdc.o
 .debug_aranges
                0x00000e60       0xd8 ./Middlewares/ST/STM32_USB_Device_Library/Core/Src/usbd_core.o
 .debug_aranges
                0x00000f38       0x48 ./Middlewares/ST/STM32_USB_Device_Library/Core/Src/usbd_ctlreq.o
 .debug_aranges
                0x00000f80       0x50 ./Middlewares/ST/STM32_USB_Device_Library/Core/Src/usbd_ioreq.o
 .debug_aranges
                0x00000fd0       0x20 ./USB_Device/App/usb_device.o
 .debug_aranges
                0x00000ff0       0x48 ./USB_Device/App/usbd_cdc_if.o
 .debug_aranges
                0x00001038       0x50 ./USB_Device/App/usbd_desc.o
 .debug_aranges
                0x00001088      0x110 ./USB_Device/Target/usbd_conf.o

.debug_rnglists
                0x00000000     0x14e5
 .debug_rnglists
                0x00000000       0x46 ./Core/Src/can.o
 .debug_rnglists
                0x00000046       0xa7 ./Core/Src/fdcan.o
 .debug_rnglists
                0x000000ed       0x32 ./Core/Src/gpio.o
 .debug_rnglists
                0x0000011f       0x13 ./Core/Src/icache.o
 .debug_rnglists
                0x00000132       0xd0 ./Core/Src/main.o
 .debug_rnglists
                0x00000202       0x1f ./Core/Src/stm32l5xx_hal_msp.o