../Drivers/BFR_Krill_Drivers/src/usb_driver.c:17:6:USB_Driver_Init	8	static
../Drivers/BFR_Krill_Drivers/src/usb_driver.c:24:6:USB_Driver_SetConfigured	0	static
../Drivers/BFR_Krill_Drivers/src/usb_driver.c:28:6:USB_Driver_IsConfigured	0	static
../Drivers/BFR_Krill_Drivers/src/usb_driver.c:30:6:USB_Driver_Write	8	static
../Drivers/BFR_Krill_Drivers/src/usb_driver.c:42:6:USB_Driver_WriteString	8	static
../Drivers/BFR_Krill_Drivers/src/usb_driver.c:56:6:USB_Driver_RxHandler	12	static
../Drivers/BFR_Krill_Drivers/src/usb_driver.c:73:10:USB_Driver_Available	0	static
../Drivers/BFR_Krill_Drivers/src/usb_driver.c:81:10:USB_Driver_Read	16	static
