../Drivers/BFR_Krill_Drivers/src/usb_driver.c:13:17:USB_Driver_NextIndex	16	static
../Drivers/BFR_Krill_Drivers/src/usb_driver.c:17:6:USB_Driver_Init	8	static
../Drivers/BFR_Krill_Drivers/src/usb_driver.c:24:6:USB_Driver_SetConfigured	16	static
../Drivers/BFR_Krill_Drivers/src/usb_driver.c:28:6:USB_Driver_IsConfigured	4	static
../Drivers/BFR_Krill_Drivers/src/usb_driver.c:30:6:USB_Driver_Write	16	static
../Drivers/BFR_Krill_Drivers/src/usb_driver.c:42:6:USB_Driver_WriteString	24	static
../Drivers/BFR_Krill_Drivers/src/usb_driver.c:56:6:USB_Driver_RxHandler	24	static
../Drivers/BFR_Krill_Drivers/src/usb_driver.c:73:10:USB_Driver_Available	4	static
../Drivers/BFR_Krill_Drivers/src/usb_driver.c:81:10:USB_Driver_Read	24	static
