../USB_Device/Target/usbd_conf.c:813:20:USBD_Get_USB_Status	0	static
../USB_Device/Target/usbd_conf.c:71:6:HAL_PCD_MspInit	192	static
../USB_Device/Target/usbd_conf.c:121:6:HAL_PCD_MspDeInit	8	static
../USB_Device/Target/usbd_conf.c:154:6:HAL_PCD_SetupStageCallback	16	static
../USB_Device/Target/usbd_conf.c:184:6:HAL_PCD_DataOutStageCallback	16	static
../USB_Device/Target/usbd_conf.c:207:6:HAL_PCD_DataInStageCallback	16	static
../USB_Device/Target/usbd_conf.c:229:6:HAL_PCD_SOFCallback	0	static
../USB_Device/Target/usbd_conf.c:249:6:HAL_PCD_ResetCallback	16	static
../USB_Device/Target/usbd_conf.c:282:6:HAL_PCD_SuspendCallback	16	static
../USB_Device/Target/usbd_conf.c:314:6:HAL_PCD_ResumeCallback	16	static
../USB_Device/Target/usbd_conf.c:347:6:HAL_PCD_ISOOUTIncompleteCallback	0	static
../USB_Device/Target/usbd_conf.c:368:6:HAL_PCD_ISOINIncompleteCallback	0	static
../USB_Device/Target/usbd_conf.c:388:6:HAL_PCD_ConnectCallback	16	static
../USB_Device/Target/usbd_conf.c:410:6:HAL_PCD_DisconnectCallback	16	static
../USB_Device/Target/usbd_conf.c:437:20:USBD_LL_Init	16	static
../USB_Device/Target/usbd_conf.c:497:20:USBD_LL_DeInit	8	static
../USB_Device/Target/usbd_conf.c:514:20:USBD_LL_Start	8	static
../USB_Device/Target/usbd_conf.c:531:20:USBD_LL_Stop	8	static
../USB_Device/Target/usbd_conf.c:551:20:USBD_LL_OpenEP	8	static
../USB_Device/Target/usbd_conf.c:569:20:USBD_LL_CloseEP	8	static
../USB_Device/Target/usbd_conf.c:587:20:USBD_LL_FlushEP	8	static
../USB_Device/Target/usbd_conf.c:605:20:USBD_LL_StallEP	8	static
../USB_Device/Target/usbd_conf.c:623:20:USBD_LL_ClearStallEP	8	static
../USB_Device/Target/usbd_conf.c:641:9:USBD_LL_IsStallEP	0	static
../USB_Device/Target/usbd_conf.c:661:20:USBD_LL_SetUSBAddress	8	static
../USB_Device/Target/usbd_conf.c:681:20:USBD_LL_Transmit	8	static
../USB_Device/Target/usbd_conf.c:701:20:USBD_LL_PrepareReceive	8	static
../USB_Device/Target/usbd_conf.c:719:10:USBD_LL_GetRxDataSize	0	static
../USB_Device/Target/usbd_conf.c:733:6:HAL_PCDEx_LPM_Callback	8	static
../USB_Device/Target/usbd_conf.c:769:6:USBD_LL_Delay	0	static
../USB_Device/Target/usbd_conf.c:779:7:USBD_static_malloc	0	static
../USB_Device/Target/usbd_conf.c:791:6:USBD_static_free	0	static
