../Core/Src/fdcan.c:34:17:FDCAN_EncodeDlc	16	static
../Core/Src/fdcan.c:66:16:FDCAN_DecodeDlc	16	static
../Core/Src/fdcan.c:90:13:FDCAN_ResetQueue	16	static,ignoring_inline_asm
../Core/Src/fdcan.c:103:26:FDCAN_PushRxMessage	32	static,ignoring_inline_asm
../Core/Src/fdcan.c:133:6:MX_FDCAN1_Init	8	static
../Core/Src/fdcan.c:171:6:HAL_FDCAN_MspInit	192	static
../Core/Src/fdcan.c:217:6:HAL_FDCAN_MspDeInit	16	static
../Core/Src/fdcan.c:244:19:FDCAN_App_Init	64	static
../Core/Src/fdcan.c:291:19:FDCAN_Send_Message	128	static
../Core/Src/fdcan.c:330:6:FDCAN_Receive_Callback	192	static
../Core/Src/fdcan.c:357:6:FDCAN_GetRxMessage	24	static,ignoring_inline_asm
