../Core/Src/fdcan.c:34:17:FDCAN_EncodeDlc	16	static
../Core/Src/fdcan.c:50:16:FDCAN_DecodeDlc	16	static
../Core/Src/fdcan.c:67:13:FDCAN_ResetQueue	16	static,ignoring_inline_asm
../Core/Src/fdcan.c:80:26:FDCAN_PushRxMessage	32	static,ignoring_inline_asm
../Core/Src/fdcan.c:110:6:MX_FDCAN1_Init	8	static
../Core/Src/fdcan.c:148:6:HAL_FDCAN_MspInit	192	static
../Core/Src/fdcan.c:194:6:HAL_FDCAN_MspDeInit	16	static
../Core/Src/fdcan.c:221:19:FDCAN_App_Init	40	static
../Core/Src/fdcan.c:255:19:FDCAN_Send_Message	72	static
../Core/Src/fdcan.c:294:6:FDCAN_Receive_Callback	80	static
../Core/Src/fdcan.c:321:6:FDCAN_GetRxMessage	24	static,ignoring_inline_asm
