../Core/Src/main.c:96:16:FDCAN_DlcToBytes	16	static
../Core/Src/main.c:120:13:usb_ring_push	24	static
../Core/Src/main.c:312:5:main	8	static
../Core/Src/main.c:400:6:SystemClock_Config	104	static
../Core/Src/main.c:464:9:MDU_Get_Rx_Queue_State	16	static
../Core/Src/main.c:470:6:MDU_Get_Rx_Queue_Data	32	static
../Core/Src/main.c:475:6:MDU_Advance_Rx_Queue_Head	4	static,ignoring_inline_asm
../Core/Src/main.c:482:6:HAL_FDCAN_RxFifo0Callback	144	static
../Core/Src/main.c:526:6:Error_Handler	4	static,ignoring_inline_asm
