../Core/Src/main.c:187:13:ShiftRegister_WriteByte	16	static,ignoring_inline_asm
../Core/Src/main.c:204:13:Update_BaudStatus_LEDs	0	static
../Core/Src/main.c:552:6:SystemClock_Config	104	static,ignoring_inline_asm
../Core/Src/main.c:435:5:main	64	static,ignoring_inline_asm
../Core/Src/main.c:613:9:MDU_Get_Rx_Queue_State	8	static
../Core/Src/main.c:620:6:MDU_Get_Rx_Queue_Data	16	static
../Core/Src/main.c:626:6:MDU_Get_Rx_Queue_Frame	4	static
../Core/Src/main.c:632:6:MDU_Advance_Rx_Queue_Head	0	static,ignoring_inline_asm
../Core/Src/main.c:639:6:HAL_FDCAN_RxFifo0Callback	144	static
../Core/Src/main.c:704:6:Error_Handler	0	static,ignoring_inline_asm
