Archive member included to satisfy reference by file (symbol)

C:/ST/STM32CubeIDE_2.0.0/STM32CubeIDE/plugins/com.st.stm32cube.ide.mcu.externaltools.gnu-tools-for-stm32.13.3.rel1.win32_1.0.100.202509120712/tools/bin/../lib/gcc/arm-none-eabi/13.3.1/../../../../arm-none-eabi/lib/thumb/v8-m.main+fp/hard\libc_nano.a(libc_a-exit.o)
                              C:/ST/STM32CubeIDE_2.0.0/STM32CubeIDE/plugins/com.st.stm32cube.ide.mcu.externaltools.gnu-tools-for-stm32.13.3.rel1.win32_1.0.100.202509120712/tools/bin/../lib/gcc/arm-none-eabi/13.3.1/../../../../arm-none-eabi/lib/thumb/v8-m.main+fp/hard/crt0.o (exit)
C:/ST/STM32CubeIDE_2.0.0/STM32CubeIDE/plugins/com.st.stm32cube.ide.mcu.externaltools.gnu-tools-for-stm32.13.3.rel1.win32_1.0.100.202509120712/tools/bin/../lib/gcc/arm-none-eabi/13.3.1/../../../../arm-none-eabi/lib/thumb/v8-m.main+fp/hard\libc_nano.a(libc_a-findfp.o)
                              C:/ST/STM32CubeIDE_2.0.0/STM32CubeIDE/plugins/com.st.stm32cube.ide.mcu.externaltools.gnu-tools-for-stm32.13.3.rel1.win32_1.0.100.202509120712/tools/bin/../lib/gcc/arm-none-eabi/13.3.1/../../../../arm-none-eabi/lib/thumb/v8-m.main+fp/hard\libc_nano.a(libc_a-exit.o) (__stdio_exit_handler)
C:/ST/STM32CubeIDE_2.0.0/STM32CubeIDE/plugins/com.st.stm32cube.ide.mcu.externaltools.gnu-tools-for-stm32.13.3.rel1.win32_1.0.100.202509120712/tools/bin/../lib/gcc/arm-none-eabi/13.3.1/../../../../arm-none-eabi/lib/thumb/v8-m.main+fp/hard\libc_nano.a(libc_a-fwalk.o)
                              C:/ST/STM32CubeIDE_2.0.0/STM32CubeIDE/plugins/com.st.stm32cube.ide.mcu.externaltools.gnu-tools-for-stm32.13.3.rel1.win32_1.0.100.202509120712/tools/bin/../lib/gcc/arm-none-eabi/13.3.1/../../../../arm-none-eabi/lib/thumb/v8-m.main+fp/hard\libc_nano.a(libc_a-findfp.o) (_fwalk_sglue)
C:/ST/STM32CubeIDE_2.0.0/STM32CubeIDE/plugins/com.st.stm32cube.ide.mcu.externaltools.gnu-tools-for-stm32.13.3.rel1.win32_1.0.100.202509120712/tools/bin/../lib/gcc/arm-none-eabi/13.3.1/../../../../arm-none-eabi/lib/thumb/v8-m.main+fp/hard\libc_nano.a(libc_a-snprintf.o)
                              ./Core/Src/main.o (snprintf)
C:/ST/STM32CubeIDE_2.0.0/STM32CubeIDE/plugins/com.st.stm32cube.ide.mcu.externaltools.gnu-tools-for-stm32.13.3.rel1.win32_1.0.100.202509120712/tools/bin/../lib/gcc/arm-none-eabi/13.3.1/../../../../arm-none-eabi/lib/thumb/v8-m.main+fp/hard\libc_nano.a(libc_a-stdio.o)
                              C:/ST/STM32CubeIDE_2.0.0/STM32CubeIDE/plugins/com.st.stm32cube.ide.mcu.externaltools.gnu-tools-for-stm32.13.3.rel1.win32_1.0.100.202509120712/tools/bin/../lib/gcc/arm-none-eabi/13.3.1/../../../../arm-none-eabi/lib/thumb/v8-m.main+fp/hard\libc_nano.a(libc_a-findfp.o) (__sread)
C:/ST/STM32CubeIDE_2.0.0/STM32CubeIDE/plugins/com.st.stm32cube.ide.mcu.externaltools.gnu-tools-for-stm32.13.3.rel1.win32_1.0.100.202509120712/tools/bin/../lib/gcc/arm-none-eabi/13.3.1/../../../../arm-none-eabi/lib/thumb/v8-m.main+fp/hard\libc_nano.a(libc_a-memset.o)
                              C:/ST/STM32CubeIDE_2.0.0/STM32CubeIDE/plugins/com.st.stm32cube.ide.mcu.externaltools.gnu-tools-for-stm32.13.3.rel1.win32_1.0.100.202509120712/tools/bin/../lib/gcc/arm-none-eabi/13.3.1/../../../../arm-none-eabi/lib/thumb/v8-m.main+fp/hard/crt0.o (memset)
C:/ST/STM32CubeIDE_2.0.0/STM32CubeIDE/plugins/com.st.stm32cube.ide.mcu.externaltools.gnu-tools-for-stm32.13.3.rel1.win32_1.0.100.202509120712/tools/bin/../lib/gcc/arm-none-eabi/13.3.1/../../../../arm-none-eabi/lib/thumb/v8-m.main+fp/hard\libc_nano.a(libc_a-closer.o)
                              C:/ST/STM32CubeIDE_2.0.0/STM32CubeIDE/plugins/com.st.stm32cube.ide.mcu.externaltools.gnu-tools-for-stm32.13.3.rel1.win32_1.0.100.202509120712/tools/bin/../lib/gcc/arm-none-eabi/13.3.1/../../../../arm-none-eabi/lib/thumb/v8-m.main+fp/hard\libc_nano.a(libc_a-stdio.o) (_close_r)
C:/ST/STM32CubeIDE_2.0.0/STM32CubeIDE/plugins/com.st.stm32cube.ide.mcu.externaltools.gnu-tools-for-stm32.13.3.rel1.win32_1.0.100.202509120712/tools/bin/../lib/gcc/arm-none-eabi/13.3.1/../../../../arm-none-eabi/lib/thumb/v8-m.main+fp/hard\libc_nano.a(libc_a-reent.o)
                              C:/ST/STM32CubeIDE_2.0.0/STM32CubeIDE/plugins/com.st.stm32cube.ide.mcu.externaltools.gnu-tools-for-stm32.13.3.rel1.win32_1.0.100.202509120712/tools/bin/../lib/gcc/arm-none-eabi/13.3.1/../../../../arm-none-eabi/lib/thumb/v8-m.main+fp/hard\libc_nano.a(libc_a-closer.o) (errno)
C:/ST/STM32CubeIDE_2.0.0/STM32CubeIDE/plugins/com.st.stm32cube.ide.mcu.externaltools.gnu-tools-for-stm32.13.3.rel1.win32_1.0.100.202509120712/tools/bin/../lib/gcc/arm-none-eabi/13.3.1/../../../../arm-none-eabi/lib/thumb/v8-m.main+fp/hard\libc_nano.a(libc_a-impure.o)
                              C:/ST/STM32CubeIDE_2.0.0/STM32CubeIDE/plugins/com.st.stm32cube.ide.mcu.externaltools.gnu-tools-for-stm32.13.3.rel1.win32_1.0.100.202509120712/tools/bin/../lib/gcc/arm-none-eabi/13.3.1/../../../../arm-none-eabi/lib/thumb/v8-m.main+fp/hard\libc_nano.a(libc_a-snprintf.o) (_impure_ptr)
[...]
Memory Configuration

Name             Origin             Length             Attributes
RAM              0x20000000         0x00030000         xrw
RAM2             0x20030000         0x00010000         xrw
FLASH            0x08000000         0x00040000         xr
*default*        0x00000000         0xffffffff

Linker script and memory map

LOAD C:/ST/STM32CubeIDE_2.0.0/STM32CubeIDE/plugins/com.st.stm32cube.ide.mcu.externaltools.gnu-tools-for-stm32.13.3.rel1.win32_1.0.100.202509120712/tools/bin/../lib/gcc/arm-none-eabi/13.3.1/thumb/v8-m.main+fp/hard/crti.o
LOAD C:/ST/STM32CubeIDE_2.0.0/STM32CubeIDE/plugins/com.st.stm32cube.ide.mcu.externaltools.gnu-tools-for-stm32.13.3.rel1.win32_1.0.100.202509120712/tools/bin/../lib/gcc/arm-none-eabi/13.3.1/thumb/v8-m.main+fp/hard/crtbegin.o
LOAD C:/ST/STM32CubeIDE_2.0.0/STM32CubeIDE/plugins/com.st.stm32cube.ide.mcu.externaltools.gnu-tools-for-stm32.13.3.rel1.win32_1.0.100.202509120712/tools/bin/../lib/gcc/arm-none-eabi/13.3.1/../../../../arm-none-eabi/lib/thumb/v8-m.main+fp/hard/crt0.o
LOAD ./Core/Src/can.o
LOAD ./Core/Src/fdcan.o
LOAD ./Core/Src/gpio.o
LOAD ./Core/Src/icache.o
LOAD ./Core/Src/main.o
LOAD ./Core/Src/stm32l5xx_hal_msp.o
LOAD ./Core/Src/stm32l5xx_it.o
LOAD ./Core/Src/syscalls.o
LOAD ./Core/Src/sysmem.o
LOAD ./Core/Src/system_stm32l5xx.o
LOAD ./Core/Startup/startup_stm32l552cctx.o
LOAD ./Drivers/BFR_Krill_Drivers/src/usb_driver.o
LOAD ./Drivers/STM32L5xx_HAL_Driver/Src/stm32l5xx_hal.o
LOAD ./Drivers/STM32L5xx_HAL_Driver/Src/stm32l5xx_hal_cortex.o
LOAD ./Drivers/STM32L5xx_HAL_Driver/Src/stm32l5xx_hal_dma.o
LOAD ./Drivers/STM32L5xx_HAL_Driver/Src/stm32l5xx_hal_dma_ex.o
LOAD ./Drivers/STM32L5xx_HAL_Driver/Src/stm32l5xx_hal_exti.o
LOAD ./Drivers/STM32L5xx_HAL_Driver/Src/stm32l5xx_hal_fdcan.o
LOAD ./Drivers/STM32L5xx_HAL_Driver/Src/stm32l5xx_hal_flash.o
LOAD ./Drivers/STM32L5xx_HAL_Driver/Src/stm32l5xx_hal_flash_ex.o
LOAD ./Drivers/STM32L5xx_HAL_Driver/Src/stm32l5xx_hal_flash_ramfunc.o
LOAD ./Drivers/STM32L5xx_HAL_Driver/Src/stm32l5xx_hal_gpio.o
LOAD ./Drivers/STM32L5xx_HAL_Driver/Src/stm32l5xx_hal_i2c.o
LOAD ./Drivers/STM32L5xx_HAL_Driver/Src/stm32l5xx_hal_i2c_ex.o
LOAD ./Drivers/STM32L5xx_HAL_Driver/Src/stm32l5xx_hal_icache.o
LOAD ./Drivers/STM32L5xx_HAL_Driver/Src/stm32l5xx_hal_pcd.o
LOAD ./Drivers/STM32L5xx_HAL_Driver/Src/stm32l5xx_hal_pcd_ex.o
LOAD ./Drivers/STM32L5xx_HAL_Driver/Src/stm32l5xx_hal_pwr.o
LOAD ./Drivers/STM32L5xx_HAL_Driver/Src/stm32l5xx_hal_pwr_ex.o
LOAD ./Drivers/STM32L5xx_HAL_Driver/Src/stm32l5xx_hal_rcc.o
LOAD ./Drivers/STM32L5xx_HAL_Driver/Src/stm32l5xx_hal_rcc_ex.o
LOAD ./Drivers/STM32L5xx_HAL_Driver/Src/stm32l5xx_ll_usb.o
LOAD ./Middlewares/ST/STM32_USB_Device_Library/Class/CDC/Src/usbd_cdc.o
LOAD ./Middlewares/ST/STM32_USB_Device_Library/Core/Src/usbd_core.o
LOAD ./Middlewares/ST/STM32_USB_Device_Library/Core/Src/usbd_ctlreq.o
LOAD ./Middlewares/ST/STM32_USB_Device_Library/Core/Src/usbd_ioreq.o
LOAD ./USB_Device/App/usb_device.o
LOAD ./USB_Device/App/usbd_cdc_if.o
LOAD ./USB_Device/App/usbd_desc.o
LOAD ./USB_Device/Target/usbd_conf.o
START GROUP
LOAD C:/ST/STM32CubeIDE_2.0.0/STM32CubeIDE/plugins/com.st.stm32cube.ide.mcu.externaltools.gnu-tools-for-stm32.13.3.rel1.win32_1.0.100.202509120712/tools/bin/../lib/gcc/arm-none-eabi/13.3.1/../../../../arm-none-eabi/lib/thumb/v8-m.main+fp/hard\libc_nano.a
LOAD C:/ST/STM32CubeIDE_2.0.0/STM32CubeIDE/plugins/com.st.stm32cube.ide.mcu.externaltools.gnu-tools-for-stm32.13.3.rel1.win32_1.0.100.202509120712/tools/bin/../lib/gcc/arm-none-eabi/13.3.1/../../../../arm-none-eabi/lib/thumb/v8-m.main+fp/hard\libm.a
END GROUP
START GROUP
LOAD C:/ST/STM32CubeIDE_2.0.0/STM32CubeIDE/plugins/com.st.stm32cube.ide.mcu.externaltools.gnu-tools-for-stm32.13.3.rel1.win32_1.0.100.202509120712/tools/bin/../lib/gcc/arm-none-eabi/13.3.1/thumb/v8-m.main+fp/hard\libgcc.a
LOAD C:/ST/STM32CubeIDE_2.0.0/STM32CubeIDE/plugins/com.st.stm32cube.ide.mcu.externaltools.gnu-tools-for-stm32.13.3.rel1.win32_1.0.100.202509120712/tools/bin/../lib/gcc/arm-none-eabi/13.3.1/../../../../arm-none-eabi/lib/thumb/v8-m.main+fp/hard\libc_nano.a
END GROUP
START GROUP
LOAD C:/ST/STM32CubeIDE_2.0.0/STM32CubeIDE/plugins/com.st.stm32cube.ide.mcu.externaltools.gnu-tools-for-stm32.13.3.rel1.win32_1.0.100.202509120712/tools/bin/../lib/gcc/arm-none-eabi/13.3.1/thumb/v8-m.main+fp/hard\libgcc.a
LOAD C:/ST/STM32CubeIDE_2.0.0/STM32CubeIDE/plugins/com.st.stm32cube.ide.mcu.externaltools.gnu-tools-for-stm32.13.3.rel1.win32_1.0.100.202509120712/tools/bin/../lib/gcc/arm-none-eabi/13.3.1/../../../../arm-none-eabi/lib/thumb/v8-m.main+fp/hard\libc_nano.a
LOAD C:/ST/STM32CubeIDE_2.0.0/STM32CubeIDE/plugins/com.st.stm32cube.ide.mcu.externaltools.gnu-tools-for-stm32.13.3.rel1.win32_1.0.100.202509120712/tools/bin/../lib/gcc/arm-none-eabi/13.3.1/../../../../arm-none-eabi/lib/thumb/v8-m.main+fp/hard\libnosys.a
END GROUP
START GROUP
LOAD C:/ST/STM32CubeIDE_2.0.0/STM32CubeIDE/plugins/com.st.stm32cube.ide.mcu.externaltools.gnu-tools-for-stm32.13.3.rel1.win32_1.0.100.202509120712/tools/bin/../lib/gcc/arm-none-eabi/13.3.1/thumb/v8-m.main+fp/hard\libgcc.a
LOAD C:/ST/STM32CubeIDE_2.0.0/STM32CubeIDE/plugins/com.st.stm32cube.ide.mcu.externaltools.gnu-tools-for-stm32.13.3.rel1.win32_1.0.100.202509120712/tools/bin/../lib/gcc/arm-none-eabi/13.3.1/../../../../arm-none-eabi/lib/thumb/v8-m.main+fp/hard\libc_nano.a
LOAD C:/ST/STM32CubeIDE_2.0.0/STM32CubeIDE/plugins/com.st.stm32cube.ide.mcu.externaltools.gnu-tools-for-stm32.13.3.rel1.win32_1.0.100.202509120712/tools/bin/../lib/gcc/arm-none-eabi/13.3.1/../../../../arm-none-eabi/lib/thumb/v8-m.main+fp/hard\libnosys.a
END GROUP
LOAD C:/ST/STM32CubeIDE_2.0.0/STM32CubeIDE/plugins/com.st.stm32cube.ide.mcu.externaltools.gnu-tools-for-stm32.13.3.rel1.win32_1.0.100.202509120712/tools/bin/../lib/gcc/arm-none-eabi/13.3.1/thumb/v8-m.main+fp/hard/crtend.o
LOAD C:/ST/STM32CubeIDE_2.0.0/STM32CubeIDE/plugins/com.st.stm32cube.ide.mcu.externaltools.gnu-tools-for-stm32.13.3.rel1.win32_1.0.100.202509120712/tools/bin/../lib/gcc/arm-none-eabi/13.3.1/thumb/v8-m.main+fp/hard/crtn.o
                0x20030000                        _estack = (ORIGIN (RAM) + LENGTH (RAM))
                0x00000200                        _Min_Heap_Size = 0x200
                0x00000400                        _Min_Stack_Size = 0x400

.isr_vector     0x08000000      0x1f4
                0x08000000                        . = ALIGN (0x4)
 *(.isr_vector)
 .isr_vector    0x08000000      0x1f4 ./Core/Startup/startup_stm32l552cctx.o
                0x08000000                g_pfnVectors
                0x080001f4                        . = ALIGN (0x4)

.text           0x080001f4     0x5930
                0x080001f4                        . = ALIGN (0x4)
 *(.text)
 .text          0x080001f4       0x40 C:/ST/STM32CubeIDE_2.0.0/STM32CubeIDE/plugins/com.st.stm32cube.ide.mcu.externaltools.gnu-tools-for-stm32.13.3.rel1.win32_1.0.100.202509120712/tools/bin/../lib/gcc/arm-none-eabi/13.3.1/thumb/v8-m.main+fp/hard/crtbegin.o
 .text          0x08000234       0x10 C:/ST/STM32CubeIDE_2.0.0/STM32CubeIDE/plugins/com.st.stm32cube.ide.mcu.externaltools.gnu-tools-for-stm32.13.3.rel1.win32_1.0.100.202509120712/tools/bin/../lib/gcc/arm-none-eabi/13.3.1/../../../../arm-none-eabi/lib/thumb/v8-m.main+fp/hard\libc_nano.a(libc_a-strlen.o)
                0x08000234                strlen
 *(.text*)
 .text.CAN_To_USB_Process
                0x08000244       0xc8 ./Core/Src/can.o
                0x08000244                CAN_To_USB_Process
 .text.MX_FDCAN1_Init
                0x0800030c       0x54 ./Core/Src/fdcan.o
                0x0800030c                MX_FDCAN1_Init
 .text.HAL_FDCAN_MspInit
                0x08000360       0xb0 ./Core/Src/fdcan.o
                0x08000360                HAL_FDCAN_MspInit
 .text.HAL_FDCAN_MspDeInit
                0x08000410       0x3c ./Core/Src/fdcan.o
                0x08000410                HAL_FDCAN_MspDeInit
 .text.FDCAN_App_Init
                0x0800044c       0x7c ./Core/Src/fdcan.o
                0x0800044c                FDCAN_App_Init
 .text.FDCAN_ApplyInitAndStart
                0x080004c8       0x58 ./Core/Src/fdcan.o
                0x080004c8                FDCAN_ApplyInitAndStart
 .text.MX_GPIO_Init
                0x08000520       0x8c ./Core/Src/gpio.o
                0x08000520                MX_GPIO_Init
 .text.MX_ICACHE_Init
                0x080005ac       0x12 ./Core/Src/icache.o
                0x080005ac                MX_ICACHE_Init
 *fill*         0x080005be        0x2 
 .text.ShiftRegister_WriteByte
                0x080005c0       0x5c ./Core/Src/main.o
 .text.Update_BaudStatus_LEDs
                0x0800061c       0x16 ./Core/Src/main.o
 *fill*         0x08000632        0x2 
 .text.SystemClock_Config
                0x08000634       0xa0 ./Core/Src/main.o
                0x08000634                SystemClock_Config
 .text.startup.main
                0x080006d4      0x1ac ./Core/Src/main.o
                0x080006d4                main
 .text.MDU_Get_Rx_Queue_State
                0x08000880       0x20 ./Core/Src/main.o
                0x08000880                MDU_Get_Rx_Queue_State
 .text.MDU_Get_Rx_Queue_Frame
                0x080008a0       0x18 ./Core/Src/main.o
                0x080008a0                MDU_Get_Rx_Queue_Frame
 .text.MDU_Advance_Rx_Queue_Head
                0x080008b8       0x18 ./Core/Src/main.o
                0x080008b8                MDU_Advance_Rx_Queue_Head
 .text.HAL_FDCAN_RxFifo0Callback
                0x080008d0      0x12c ./Core/Src/main.o
                0x080008d0                HAL_FDCAN_RxFifo0Callback
 .text.Error_Handler
                0x080009fc        0x4 ./Core/Src/main.o
                0x080009fc                Error_Handler
 .text.HAL_MspInit
                0x08000a00       0x34 ./Core/Src/stm32l5xx_hal_msp.o
                0x08000a00                HAL_MspInit
 .text.NMI_Handler
                0x08000a34        0x2 ./Core/Src/stm32l5xx_it.o
                0x08000a34                NMI_Handler
 .text.HardFault_Handler
                0x08000a36        0x2 ./Core/Src/stm32l5xx_it.o
                0x08000a36                HardFault_Handler
 .text.MemManage_Handler
                0x08000a38        0x2 ./Core/Src/stm32l5xx_it.o
                0x08000a38                MemManage_Handler
 .text.BusFault_Handler
                0x08000a3a        0x2 ./Core/Src/stm32l5xx_it.o
                0x08000a3a                BusFault_Handler
 .text.UsageFault_Handler
                0x08000a3c        0x2 ./Core/Src/stm32l5xx_it.o
                0x08000a3c                UsageFault_Handler
 .text.SVC_Handler
                0x08000a3e        0x2 ./Core/Src/stm32l5xx_it.o
                0x08000a3e                SVC_Handler
 .text.DebugMon_Handler
                0x08000a40        0x2 ./Core/Src/stm32l5xx_it.o
                0x08000a40                DebugMon_Handler
 .text.PendSV_Handler
                0x08000a42        0x2 ./Core/Src/stm32l5xx_it.o
                0x08000a42                PendSV_Handler
 .text.SysTick_Handler
                0x08000a44        0x4 ./Core/Src/stm32l5xx_it.o
                0x08000a44                SysTick_Handler
 .text.FDCAN1_IT0_IRQHandler
                0x08000a48        0xc ./Core/Src/stm32l5xx_it.o
                0x08000a48                FDCAN1_IT0_IRQHandler
 .text.FDCAN1_IT1_IRQHandler
                0x08000a54        0x4 ./Core/Src/stm32l5xx_it.o
                0x08000a54                FDCAN1_IT1_IRQHandler
 .text.USB_FS_IRQHandler
                0x08000a58       0x74 ./Core/Src/stm32l5xx_it.o
                0x08000a58                USB_FS_IRQHandler
 .text._sbrk    0x08000acc       0x40 ./Core/Src/sysmem.o
                0x08000acc                _sbrk
 .text.SystemInit
                0x08000b0c       0x14 ./Core/Src/system_stm32l5xx.o
                0x08000b0c                SystemInit
 .text.SystemCoreClockUpdate
                0x08000b20       0x90 ./Core/Src/system_stm32l5xx.o
                0x08000b20                SystemCoreClockUpdate
 .text.Reset_Handler
                0x08000bb0       0x50 ./Core/Startup/startup_stm32l552cctx.o
                0x08000bb0                Reset_Handler
 .text.Default_Handler
                0x08000c00        0x2 ./Core/Startup/startup_stm32l552cctx.o
                0x08000c00                EXTI2_IRQHandler
                0x08000c00                TIM8_TRG_COM_IRQHandler
                0x08000c00                TIM8_CC_IRQHandler
                0x08000c00                EXTI5_IRQHandler
                0x08000c00                FLASH_S_IRQHandler
                0x08000c00                EXTI13_IRQHandler
                0x08000c00                TIM1_CC_IRQHandler
                0x08000c00                TSC_IRQHandler
                0x08000c00                TAMP_IRQHandler
                0x08000c00                TIM6_IRQHandler
                0x08000c00                EXTI12_IRQHandler
                0x08000c00                DMA2_Channel8_IRQHandler
                0x08000c00                EXTI3_IRQHandler
                0x08000c00                EXTI8_IRQHandler
                0x08000c00                LPTIM2_IRQHandler
                0x08000c00                DFSDM1_FLT1_IRQHandler
                0x08000c00                I2C3_ER_IRQHandler
                0x08000c00                DFSDM1_FLT2_IRQHandler
                0x08000c00                DMAMUX1_IRQHandler
                0x08000c00                LPTIM3_IRQHandler
                0x08000c00                EXTI0_IRQHandler
                0x08000c00                I2C2_EV_IRQHandler
                0x08000c00                FPU_IRQHandler
                0x08000c00                ADC1_2_IRQHandler
                0x08000c00                SPI1_IRQHandler
                0x08000c00                OCTOSPI1_IRQHandler
                0x08000c00                TIM8_UP_IRQHandler
                0x08000c00                RCC_S_IRQHandler
                0x08000c00                DMA2_Channel2_IRQHandler
                0x08000c00                DMA1_Channel4_IRQHandler
                0x08000c00                SAI2_IRQHandler
                0x08000c00                DFSDM1_FLT3_IRQHandler
                0x08000c00                EXTI15_IRQHandler
                0x08000c00                TIM17_IRQHandler
                0x08000c00                USART3_IRQHandler
                0x08000c00                RTC_IRQHandler
                0x08000c00                EXTI9_IRQHandler
                0x08000c00                DMA1_Channel7_IRQHandler
                0x08000c00                UART5_IRQHandler
                0x08000c00                TIM4_IRQHandler
                0x08000c00                DMA2_Channel1_IRQHandler
                0x08000c00                I2C1_EV_IRQHandler
                0x08000c00                DMA1_Channel6_IRQHandler
                0x08000c00                TIM16_IRQHandler
                0x08000c00                UART4_IRQHandler
                0x08000c00                DMA2_Channel4_IRQHandler
                0x08000c00                SecureFault_Handler
                0x08000c00                TIM3_IRQHandler
                0x08000c00                RCC_IRQHandler
                0x08000c00                TIM1_TRG_COM_IRQHandler
                0x08000c00                DMA1_Channel1_IRQHandler
                0x08000c00                Default_Handler
                0x08000c00                DMA2_Channel7_IRQHandler
                0x08000c00                DMA1_Channel8_IRQHandler
                0x08000c00                TIM7_IRQHandler
                0x08000c00                SDMMC1_IRQHandler
                0x08000c00                TIM5_IRQHandler
                0x08000c00                UCPD1_IRQHandler
                0x08000c00                TIM15_IRQHandler
                0x08000c00                I2C3_EV_IRQHandler
                0x08000c00                PVD_PVM_IRQHandler
                0x08000c00                SPI2_IRQHandler
                0x08000c00                EXTI14_IRQHandler
                0x08000c00                EXTI11_IRQHandler
                0x08000c00                DMA2_Channel5_IRQHandler
                0x08000c00                CRS_IRQHandler
                0x08000c00                DMA1_Channel5_IRQHandler
                0x08000c00                EXTI4_IRQHandler
                0x08000c00                RTC_S_IRQHandler
                0x08000c00                RNG_IRQHandler
                0x08000c00                DMAMUX1_S_IRQHandler
                0x08000c00                DMA1_Channel3_IRQHandler
                0x08000c00                COMP_IRQHandler
                0x08000c00                TIM1_UP_IRQHandler
                0x08000c00                WWDG_IRQHandler
                0x08000c00                I2C4_EV_IRQHandler
                0x08000c00                LPUART1_IRQHandler
                0x08000c00                DMA2_Channel6_IRQHandler
                0x08000c00                TIM2_IRQHandler
                0x08000c00                TAMP_S_IRQHandler
                0x08000c00                EXTI7_IRQHandler
                0x08000c00                TIM1_BRK_IRQHandler
                0x08000c00                DAC_IRQHandler
                0x08000c00                EXTI1_IRQHandler
                0x08000c00                GTZC_IRQHandler
                0x08000c00                USART2_IRQHandler
                0x08000c00                DFSDM1_FLT0_IRQHandler
                0x08000c00                I2C2_ER_IRQHandler
                0x08000c00                DMA1_Channel2_IRQHandler
                0x08000c00                TIM8_BRK_IRQHandler
                0x08000c00                FLASH_IRQHandler
                0x08000c00                USART1_IRQHandler
                0x08000c00                EXTI10_IRQHandler
                0x08000c00                SPI3_IRQHandler
                0x08000c00                I2C1_ER_IRQHandler
                0x08000c00                FMC_IRQHandler
                0x08000c00                EXTI6_IRQHandler
                0x08000c00                LPTIM1_IRQHandler
                0x08000c00                I2C4_ER_IRQHandler
                0x08000c00                ICACHE_IRQHandler
                0x08000c00                SAI1_IRQHandler
                0x08000c00                HASH_IRQHandler
                0x08000c00                DMA2_Channel3_IRQHandler
 *fill*         0x08000c02        0x2 
 .text.USB_Driver_Init
                0x08000c04       0x28 ./Drivers/BFR_Krill_Drivers/src/usb_driver.o
                0x08000c04                USB_Driver_Init
 .text.USB_Driver_SetConfigured
                0x08000c2c        0xc ./Drivers/BFR_Krill_Drivers/src/usb_driver.o
                0x08000c2c                USB_Driver_SetConfigured
 .text.USB_Driver_IsConfigured
                0x08000c38        0xc ./Drivers/BFR_Krill_Drivers/src/usb_driver.o
                0x08000c38                USB_Driver_IsConfigured
 .text.USB_Driver_RxHandler
                0x08000c44       0x3c ./Drivers/BFR_Krill_Drivers/src/usb_driver.o
                0x08000c44                USB_Driver_RxHandler
 .text.HAL_InitTick
                0x08000c80       0x4c ./Drivers/STM32L5xx_HAL_Driver/Src/stm32l5xx_hal.o
                0x08000c80                HAL_InitTick
 .text.HAL_Init
                0x08000ccc       0x22 ./Drivers/STM32L5xx_HAL_Driver/Src/stm32l5xx_hal.o
                0x08000ccc                HAL_Init
 *fill*         0x08000cee        0x2 
 .text.HAL_IncTick
                0x08000cf0       0x18 ./Drivers/STM32L5xx_HAL_Driver/Src/stm32l5xx_hal.o
                0x08000cf0                HAL_IncTick
 .text.HAL_GetTick
                0x08000d08        0xc ./Drivers/STM32L5xx_HAL_Driver/Src/stm32l5xx_hal.o
                0x08000d08                HAL_GetTick
 .text.HAL_Delay
                0x08000d14       0x24 ./Drivers/STM32L5xx_HAL_Driver/Src/stm32l5xx_hal.o
                0x08000d14                HAL_Delay
 .text.HAL_NVIC_SetPriorityGrouping
                0x08000d38       0x24 ./Drivers/STM32L5xx_HAL_Driver/Src/stm32l5xx_hal_cortex.o
                0x08000d38                HAL_NVIC_SetPriorityGrouping
 .text.HAL_NVIC_SetPriority
                0x08000d5c       0x60 ./Drivers/STM32L5xx_HAL_Driver/Src/stm32l5xx_hal_cortex.o
                0x08000d5c                HAL_NVIC_SetPriority
 .text.HAL_NVIC_EnableIRQ
                0x08000dbc       0x1c ./Drivers/STM32L5xx_HAL_Driver/Src/stm32l5xx_hal_cortex.o
                0x08000dbc                HAL_NVIC_EnableIRQ
 .text.HAL_NVIC_DisableIRQ
                0x08000dd8       0x24 ./Drivers/STM32L5xx_HAL_Driver/Src/stm32l5xx_hal_cortex.o
                0x08000dd8                HAL_NVIC_DisableIRQ
 .text.HAL_SYSTICK_Config
                0x08000dfc       0x28 ./Drivers/STM32L5xx_HAL_Driver/Src/stm32l5xx_hal_cortex.o
                0x08000dfc                HAL_SYSTICK_Config
 .text.HAL_FDCAN_Init
                0x08000e24      0x1cc ./Drivers/STM32L5xx_HAL_Driver/Src/stm32l5xx_hal_fdcan.o
                0x08000e24                HAL_FDCAN_Init
 .text.HAL_FDCAN_ConfigFilter
                0x08000ff0       0x50 ./Drivers/STM32L5xx_HAL_Driver/Src/stm32l5xx_hal_fdcan.o
                0x08000ff0                HAL_FDCAN_ConfigFilter
 .text.HAL_FDCAN_ConfigGlobalFilter
                0x08001040       0x38 ./Drivers/STM32L5xx_HAL_Driver/Src/stm32l5xx_hal_fdcan.o
                0x08001040                HAL_FDCAN_ConfigGlobalFilter
 .text.HAL_FDCAN_Start
                0x08001078       0x2c ./Drivers/STM32L5xx_HAL_Driver/Src/stm32l5xx_hal_fdcan.o
                0x08001078                HAL_FDCAN_Start
 .text.HAL_FDCAN_Stop
                0x080010a4       0x66 ./Drivers/STM32L5xx_HAL_Driver/Src/stm32l5xx_hal_fdcan.o
                0x080010a4                HAL_FDCAN_Stop
 .text.HAL_FDCAN_DeInit
                0x0800110a       0x28 ./Drivers/STM32L5xx_HAL_Driver/Src/stm32l5xx_hal_fdcan.o
                0x0800110a                HAL_FDCAN_DeInit
 *fill*         0x08001132        0x2 
 .text.HAL_FDCAN_GetRxMessage
                0x08001134      0x110 ./Drivers/STM32L5xx_HAL_Driver/Src/stm32l5xx_hal_fdcan.o
                0x08001134                HAL_FDCAN_GetRxMessage
 .text.HAL_FDCAN_ActivateNotification
                0x08001244       0xda ./Drivers/STM32L5xx_HAL_Driver/Src/stm32l5xx_hal_fdcan.o
                0x08001244                HAL_FDCAN_ActivateNotification
 .text.HAL_FDCAN_TxEventFifoCallback
                0x0800131e        0x2 ./Drivers/STM32L5xx_HAL_Driver/Src/stm32l5xx_hal_fdcan.o
                0x0800131e                HAL_FDCAN_TxEventFifoCallback
 .text.HAL_FDCAN_RxFifo1Callback
                0x08001320        0x2 ./Drivers/STM32L5xx_HAL_Driver/Src/stm32l5xx_hal_fdcan.o
                0x08001320                HAL_FDCAN_RxFifo1Callback
 .text.HAL_FDCAN_TxFifoEmptyCallback
                0x08001322        0x2 ./Drivers/STM32L5xx_HAL_Driver/Src/stm32l5xx_hal_fdcan.o
                0x08001322                HAL_FDCAN_TxFifoEmptyCallback
 .text.HAL_FDCAN_TxBufferCompleteCallback
                0x08001324        0x2 ./Drivers/STM32L5xx_HAL_Driver/Src/stm32l5xx_hal_fdcan.o
                0x08001324                HAL_FDCAN_TxBufferCompleteCallback
 .text.HAL_FDCAN_TxBufferAbortCallback
                0x08001326        0x2 ./Drivers/STM32L5xx_HAL_Driver/Src/stm32l5xx_hal_fdcan.o
                0x08001326                HAL_FDCAN_TxBufferAbortCallback
 .text.HAL_FDCAN_TimestampWraparoundCallback
                0x08001328        0x2 ./Drivers/STM32L5xx_HAL_Driver/Src/stm32l5xx_hal_fdcan.o
                0x08001328                HAL_FDCAN_TimestampWraparoundCallback
 .text.HAL_FDCAN_TimeoutOccurredCallback
                0x0800132a        0x2 ./Drivers/STM32L5xx_HAL_Driver/Src/stm32l5xx_hal_fdcan.o
                0x0800132a                HAL_FDCAN_TimeoutOccurredCallback
 .text.HAL_FDCAN_HighPriorityMessageCallback
                0x0800132c        0x2 ./Drivers/STM32L5xx_HAL_Driver/Src/stm32l5xx_hal_fdcan.o
                0x0800132c                HAL_FDCAN_HighPriorityMessageCallback
 .text.HAL_FDCAN_ErrorCallback
                0x0800132e        0x2 ./Drivers/STM32L5xx_HAL_Driver/Src/stm32l5xx_hal_fdcan.o
                0x0800132e                HAL_FDCAN_ErrorCallback
 .text.HAL_FDCAN_ErrorStatusCallback
                0x08001330        0x2 ./Drivers/STM32L5xx_HAL_Driver/Src/stm32l5xx_hal_fdcan.o
                0x08001330                HAL_FDCAN_ErrorStatusCallback
 .text.HAL_FDCAN_IRQHandler
                0x08001332      0x160 ./Drivers/STM32L5xx_HAL_Driver/Src/stm32l5xx_hal_fdcan.o
                0x08001332                HAL_FDCAN_IRQHandler
 *fill*         0x08001492        0x2 
 .text.HAL_GPIO_Init
                0x08001494      0x18c ./Drivers/STM32L5xx_HAL_Driver/Src/stm32l5xx_hal_gpio.o
                0x08001494                HAL_GPIO_Init
 .text.HAL_GPIO_DeInit
                0x08001620      0x114 ./Drivers/STM32L5xx_HAL_Driver/Src/stm32l5xx_hal_gpio.o
                0x08001620                HAL_GPIO_DeInit
 .text.HAL_GPIO_ReadPin
                0x08001734        0xc ./Drivers/STM32L5xx_HAL_Driver/Src/stm32l5xx_hal_gpio.o
                0x08001734                HAL_GPIO_ReadPin
 .text.HAL_GPIO_WritePin
                0x08001740        0xa ./Drivers/STM32L5xx_HAL_Driver/Src/stm32l5xx_hal_gpio.o
                0x08001740                HAL_GPIO_WritePin
 *fill*         0x0800174a        0x2 
 .text.HAL_ICACHE_Enable
                0x0800174c       0x14 ./Drivers/STM32L5xx_HAL_Driver/Src/stm32l5xx_hal_icache.o
                0x0800174c                HAL_ICACHE_Enable
 .text.HAL_PCD_Init
                0x08001760       0xa8 ./Drivers/STM32L5xx_HAL_Driver/Src/stm32l5xx_hal_pcd.o
                0x08001760                HAL_PCD_Init
 .text.HAL_PCD_Start
                0x08001808       0x2a ./Drivers/STM32L5xx_HAL_Driver/Src/stm32l5xx_hal_pcd.o
                0x08001808                HAL_PCD_Start
 .text.HAL_PCD_SetAddress
                0x08001832       0x26 ./Drivers/STM32L5xx_HAL_Driver/Src/stm32l5xx_hal_pcd.o
                0x08001832                HAL_PCD_SetAddress
 .text.HAL_PCD_IRQHandler
                0x08001858      0xa04 ./Drivers/STM32L5xx_HAL_Driver/Src/stm32l5xx_hal_pcd.o
                0x08001858                HAL_PCD_IRQHandler
 .text.HAL_PCD_EP_Open
                0x0800225c       0x6e ./Drivers/STM32L5xx_HAL_Driver/Src/stm32l5xx_hal_pcd.o
                0x0800225c                HAL_PCD_EP_Open
 .text.HAL_PCD_EP_Close
                0x080022ca       0x5c ./Drivers/STM32L5xx_HAL_Driver/Src/stm32l5xx_hal_pcd.o
                0x080022ca                HAL_PCD_EP_Close
 .text.HAL_PCD_EP_Receive
                0x08002326       0x2c ./Drivers/STM32L5xx_HAL_Driver/Src/stm32l5xx_hal_pcd.o
                0x08002326                HAL_PCD_EP_Receive
 .text.HAL_PCD_EP_GetRxCount
                0x08002352       0x10 ./Drivers/STM32L5xx_HAL_Driver/Src/stm32l5xx_hal_pcd.o
                0x08002352                HAL_PCD_EP_GetRxCount
 .text.HAL_PCD_EP_Transmit
                0x08002362       0x36 ./Drivers/STM32L5xx_HAL_Driver/Src/stm32l5xx_hal_pcd.o
                0x08002362                HAL_PCD_EP_Transmit
 .text.HAL_PCD_EP_SetStall
                0x08002398       0x60 ./Drivers/STM32L5xx_HAL_Driver/Src/stm32l5xx_hal_pcd.o
                0x08002398                HAL_PCD_EP_SetStall
 .text.HAL_PCD_EP_ClrStall
                0x080023f8       0x6e ./Drivers/STM32L5xx_HAL_Driver/Src/stm32l5xx_hal_pcd.o
                0x080023f8                HAL_PCD_EP_ClrStall
 .text.HAL_PCDEx_PMAConfig
                0x08002466       0x32 ./Drivers/STM32L5xx_HAL_Driver/Src/stm32l5xx_hal_pcd_ex.o
                0x08002466                HAL_PCDEx_PMAConfig
 .text.HAL_PCDEx_ActivateLPM
                0x08002498       0x2c ./Drivers/STM32L5xx_HAL_Driver/Src/stm32l5xx_hal_pcd_ex.o
                0x08002498                HAL_PCDEx_ActivateLPM
 .text.HAL_PWR_EnableBkUpAccess
                0x080024c4       0x10 ./Drivers/STM32L5xx_HAL_Driver/Src/stm32l5xx_hal_pwr.o
                0x080024c4                HAL_PWR_EnableBkUpAccess
 .text.HAL_PWREx_GetVoltageRange
                0x080024d4       0x10 ./Drivers/STM32L5xx_HAL_Driver/Src/stm32l5xx_hal_pwr_ex.o
                0x080024d4                HAL_PWREx_GetVoltageRange
 .text.HAL_PWREx_EnableVddUSB
                0x080024e4       0x10 ./Drivers/STM32L5xx_HAL_Driver/Src/stm32l5xx_hal_pwr_ex.o
                0x080024e4                HAL_PWREx_EnableVddUSB
 .text.HAL_PWREx_DisableUCPDDeadBattery
                0x080024f4       0x10 ./Drivers/STM32L5xx_HAL_Driver/Src/stm32l5xx_hal_pwr_ex.o
                0x080024f4                HAL_PWREx_DisableUCPDDeadBattery
 .text.HAL_PWREx_SMPS_GetEffectiveMode
                0x08002504       0x1c ./Drivers/STM32L5xx_HAL_Driver/Src/stm32l5xx_hal_pwr_ex.o
                0x08002504                HAL_PWREx_SMPS_GetEffectiveMode
 .text.HAL_PWREx_ControlVoltageScaling
                0x08002520       0x6c ./Drivers/STM32L5xx_HAL_Driver/Src/stm32l5xx_hal_pwr_ex.o
                0x08002520                HAL_PWREx_ControlVoltageScaling
 .text.RCC_SetFlashLatencyFromMSIRange
                0x0800258c       0x80 ./Drivers/STM32L5xx_HAL_Driver/Src/stm32l5xx_hal_rcc.o
 .text.HAL_RCC_GetSysClockFreq
                0x0800260c       0x9c ./Drivers/STM32L5xx_HAL_Driver/Src/stm32l5xx_hal_rcc.o
                0x0800260c                HAL_RCC_GetSysClockFreq
 .text.HAL_RCC_GetHCLKFreq
                0x080026a8       0x20 ./Drivers/STM32L5xx_HAL_Driver/Src/stm32l5xx_hal_rcc.o
                0x080026a8                HAL_RCC_GetHCLKFreq
 .text.HAL_RCC_OscConfig
                0x080026c8      0x638 ./Drivers/STM32L5xx_HAL_Driver/Src/stm32l5xx_hal_rcc.o
                0x080026c8                HAL_RCC_OscConfig
 .text.HAL_RCC_ClockConfig
                0x08002d00      0x1ec ./Drivers/STM32L5xx_HAL_Driver/Src/stm32l5xx_hal_rcc.o
                0x08002d00                HAL_RCC_ClockConfig
 .text.RCCEx_PLLSAI1_Config
                0x08002eec       0xf4 ./Drivers/STM32L5xx_HAL_Driver/Src/stm32l5xx_hal_rcc_ex.o
 .text.RCCEx_PLLSAI2_Config.constprop.0
                0x08002fe0       0xb4 ./Drivers/STM32L5xx_HAL_Driver/Src/stm32l5xx_hal_rcc_ex.o
 .text.HAL_RCCEx_PeriphCLKConfig
                0x08003094      0x4bc ./Drivers/STM32L5xx_HAL_Driver/Src/stm32l5xx_hal_rcc_ex.o
                0x08003094                HAL_RCCEx_PeriphCLKConfig
 .text.HAL_RCCEx_EnableMSIPLLMode
                0x08003550       0x10 ./Drivers/STM32L5xx_HAL_Driver/Src/stm32l5xx_hal_rcc_ex.o
                0x08003550                HAL_RCCEx_EnableMSIPLLMode
 .text.USB_EnableGlobalInt
                0x08003560       0x12 ./Drivers/STM32L5xx_HAL_Driver/Src/stm32l5xx_ll_usb.o
                0x08003560                USB_EnableGlobalInt
 .text.USB_DisableGlobalInt
                0x08003572       0x14 ./Drivers/STM32L5xx_HAL_Driver/Src/stm32l5xx_ll_usb.o
                0x08003572                USB_DisableGlobalInt
 .text.USB_DevInit
                0x08003586       0x22 ./Drivers/STM32L5xx_HAL_Driver/Src/stm32l5xx_ll_usb.o
                0x08003586                USB_DevInit
 .text.USB_ActivateEndpoint
                0x080035a8      0x37c ./Drivers/STM32L5xx_HAL_Driver/Src/stm32l5xx_ll_usb.o
                0x080035a8                USB_ActivateEndpoint
 .text.USB_DeactivateEndpoint
                0x08003924      0x1a6 ./Drivers/STM32L5xx_HAL_Driver/Src/stm32l5xx_ll_usb.o
                0x08003924                USB_DeactivateEndpoint
 .text.USB_EPSetStall
                0x08003aca       0x40 ./Drivers/STM32L5xx_HAL_Driver/Src/stm32l5xx_ll_usb.o
                0x08003aca                USB_EPSetStall
 .text.USB_EPClearStall
                0x08003b0a       0x8e ./Drivers/STM32L5xx_HAL_Driver/Src/stm32l5xx_ll_usb.o
                0x08003b0a                USB_EPClearStall
 .text.USB_SetDevAddress
                0x08003b98        0xc ./Drivers/STM32L5xx_HAL_Driver/Src/stm32l5xx_ll_usb.o
                0x08003b98                USB_SetDevAddress
 .text.USB_DevConnect
                0x08003ba4       0x16 ./Drivers/STM32L5xx_HAL_Driver/Src/stm32l5xx_ll_usb.o
                0x08003ba4                USB_DevConnect
 .text.USB_ReadInterrupts
                0x08003bba        0x8 ./Drivers/STM32L5xx_HAL_Driver/Src/stm32l5xx_ll_usb.o
                0x08003bba                USB_ReadInterrupts
 .text.USB_WritePMA
                0x08003bc2       0x1e ./Drivers/STM32L5xx_HAL_Driver/Src/stm32l5xx_ll_usb.o
                0x08003bc2                USB_WritePMA
 .text.USB_EPStartXfer
                0x08003be0      0x300 ./Drivers/STM32L5xx_HAL_Driver/Src/stm32l5xx_ll_usb.o
                0x08003be0                USB_EPStartXfer
 .text.USB_ReadPMA
                0x08003ee0       0x36 ./Drivers/STM32L5xx_HAL_Driver/Src/stm32l5xx_ll_usb.o
                0x08003ee0                USB_ReadPMA
 .text.USBD_CDC_EP0_RxReady
                0x08003f16       0x38 ./Middlewares/ST/STM32_USB_Device_Library/Class/CDC/Src/usbd_cdc.o
 *fill*         0x08003f4e        0x2 
 .text.USBD_CDC_GetDeviceQualifierDescriptor
                0x08003f50        0xc ./Middlewares/ST/STM32_USB_Device_Library/Class/CDC/Src/usbd_cdc.o
                0x08003f50                USBD_CDC_GetDeviceQualifierDescriptor
 .text.USBD_CDC_GetFSCfgDesc
                0x08003f5c       0x48 ./Middlewares/ST/STM32_USB_Device_Library/Class/CDC/Src/usbd_cdc.o
 .text.USBD_CDC_GetOtherSpeedCfgDesc
                0x08003fa4        0x4 ./Middlewares/ST/STM32_USB_Device_Library/Class/CDC/Src/usbd_cdc.o
 .text.USBD_CDC_GetHSCfgDesc
                0x08003fa8       0x48 ./Middlewares/ST/STM32_USB_Device_Library/Class/CDC/Src/usbd_cdc.o
 .text.USBD_CDC_DataOut
                0x08003ff0       0x38 ./Middlewares/ST/STM32_USB_Device_Library/Class/CDC/Src/usbd_cdc.o
 .text.USBD_CDC_DataIn
                0x08004028       0x64 ./Middlewares/ST/STM32_USB_Device_Library/Class/CDC/Src/usbd_cdc.o
 .text.USBD_CDC_Setup
                0x0800408c       0xf0 ./Middlewares/ST/STM32_USB_Device_Library/Class/CDC/Src/usbd_cdc.o
 .text.USBD_CDC_DeInit
                0x0800417c       0x60 ./Middlewares/ST/STM32_USB_Device_Library/Class/CDC/Src/usbd_cdc.o
 .text.USBD_CDC_Init
                0x080041dc       0xc8 ./Middlewares/ST/STM32_USB_Device_Library/Class/CDC/Src/usbd_cdc.o
 .text.USBD_CDC_RegisterInterface
                0x080042a4       0x16 ./Middlewares/ST/STM32_USB_Device_Library/Class/CDC/Src/usbd_cdc.o
                0x080042a4                USBD_CDC_RegisterInterface
 .text.USBD_CDC_SetTxBuffer
                0x080042ba       0x1c ./Middlewares/ST/STM32_USB_Device_Library/Class/CDC/Src/usbd_cdc.o
                0x080042ba                USBD_CDC_SetTxBuffer
 .text.USBD_CDC_SetRxBuffer
                0x080042d6       0x18 ./Middlewares/ST/STM32_USB_Device_Library/Class/CDC/Src/usbd_cdc.o
                0x080042d6                USBD_CDC_SetRxBuffer
 .text.USBD_CDC_TransmitPacket
                0x080042ee       0x36 ./Middlewares/ST/STM32_USB_Device_Library/Class/CDC/Src/usbd_cdc.o
                0x080042ee                USBD_CDC_TransmitPacket
 .text.USBD_CDC_ReceivePacket
                0x08004324       0x2c ./Middlewares/ST/STM32_USB_Device_Library/Class/CDC/Src/usbd_cdc.o
                0x08004324                USBD_CDC_ReceivePacket
 .text.USBD_Init
                0x08004350       0x26 ./Middlewares/ST/STM32_USB_Device_Library/Core/Src/usbd_core.o
                0x08004350                USBD_Init
 .text.USBD_RegisterClass
                0x08004376       0x32 ./Middlewares/ST/STM32_USB_Device_Library/Core/Src/usbd_core.o
                0x08004376                USBD_RegisterClass
 .text.USBD_Start
                0x080043a8        0x4 ./Middlewares/ST/STM32_USB_Device_Library/Core/Src/usbd_core.o
                0x080043a8                USBD_Start
 .text.USBD_SetClassConfig
                0x080043ac        0xe ./Middlewares/ST/STM32_USB_Device_Library/Core/Src/usbd_core.o
                0x080043ac                USBD_SetClassConfig
 .text.USBD_ClrClassConfig
                0x080043ba       0x12 ./Middlewares/ST/STM32_USB_Device_Library/Core/Src/usbd_core.o
                0x080043ba                USBD_ClrClassConfig
 .text.USBD_LL_SetupStage
                0x080043cc       0x60 ./Middlewares/ST/STM32_USB_Device_Library/Core/Src/usbd_core.o
                0x080043cc                USBD_LL_SetupStage
 .text.USBD_LL_DataOutStage
                0x0800442c       0x74 ./Middlewares/ST/STM32_USB_Device_Library/Core/Src/usbd_core.o
                0x0800442c                USBD_LL_DataOutStage
 .text.USBD_LL_DataInStage
                0x080044a0       0xa8 ./Middlewares/ST/STM32_USB_Device_Library/Core/Src/usbd_core.o
                0x080044a0                USBD_LL_DataInStage
 .text.USBD_LL_Reset
                0x08004548       0x60 ./Middlewares/ST/STM32_USB_Device_Library/Core/Src/usbd_core.o
                0x08004548                USBD_LL_Reset
 .text.USBD_LL_SetSpeed
                0x080045a8        0x6 ./Middlewares/ST/STM32_USB_Device_Library/Core/Src/usbd_core.o
                0x080045a8                USBD_LL_SetSpeed
 .text.USBD_LL_Suspend
                0x080045ae       0x1c ./Middlewares/ST/STM32_USB_Device_Library/Core/Src/usbd_core.o
                0x080045ae                USBD_LL_Suspend
 .text.USBD_LL_Resume
                0x080045ca       0x16 ./Middlewares/ST/STM32_USB_Device_Library/Core/Src/usbd_core.o
                0x080045ca                USBD_LL_Resume
 .text.USBD_LL_SOF
                0x080045e0       0x1a ./Middlewares/ST/STM32_USB_Device_Library/Core/Src/usbd_core.o
                0x080045e0                USBD_LL_SOF
 .text.USBD_CoreFindIF
                0x080045fa        0x4 ./Middlewares/ST/STM32_USB_Device_Library/Core/Src/usbd_core.o
                0x080045fa                USBD_CoreFindIF
 .text.USBD_CoreFindEP
                0x080045fe        0x4 ./Middlewares/ST/STM32_USB_Device_Library/Core/Src/usbd_core.o
                0x080045fe                USBD_CoreFindEP
 .text.USBD_GetEpDesc
                0x08004602       0x24 ./Middlewares/ST/STM32_USB_Device_Library/Core/Src/usbd_core.o
                0x08004602                USBD_GetEpDesc
 .text.USBD_CtlError.constprop.0
                0x08004626       0x16 ./Middlewares/ST/STM32_USB_Device_Library/Core/Src/usbd_ctlreq.o
 .text.USBD_StdDevReq
                0x0800463c      0x2f0 ./Middlewares/ST/STM32_USB_Device_Library/Core/Src/usbd_ctlreq.o
                0x0800463c                USBD_StdDevReq
 .text.USBD_StdItfReq
                0x0800492c       0x5e ./Middlewares/ST/STM32_USB_Device_Library/Core/Src/usbd_ctlreq.o
                0x0800492c                USBD_StdItfReq
 .text.USBD_StdEPReq
                0x0800498a      0x14c ./Middlewares/ST/STM32_USB_Device_Library/Core/Src/usbd_ctlreq.o
                0x0800498a                USBD_StdEPReq
 .text.USBD_ParseSetupRequest
                0x08004ad6       0x16 ./Middlewares/ST/STM32_USB_Device_Library/Core/Src/usbd_ctlreq.o
                0x08004ad6                USBD_ParseSetupRequest
 .text.USBD_CtlError
                0x08004aec       0x16 ./Middlewares/ST/STM32_USB_Device_Library/Core/Src/usbd_ctlreq.o
                0x08004aec                USBD_CtlError
 .text.USBD_GetString
                0x08004b02       0x38 ./Middlewares/ST/STM32_USB_Device_Library/Core/Src/usbd_ctlreq.o
                0x08004b02                USBD_GetString
 .text.USBD_CtlSendData
                0x08004b3a       0x1c ./Middlewares/ST/STM32_USB_Device_Library/Core/Src/usbd_ioreq.o
                0x08004b3a                USBD_CtlSendData
 .text.USBD_CtlContinueSendData
                0x08004b56       0x10 ./Middlewares/ST/STM32_USB_Device_Library/Core/Src/usbd_ioreq.o
                0x08004b56                USBD_CtlContinueSendData
 .text.USBD_CtlPrepareRx
                0x08004b66       0x22 ./Middlewares/ST/STM32_USB_Device_Library/Core/Src/usbd_ioreq.o
                0x08004b66                USBD_CtlPrepareRx
 .text.USBD_CtlContinueRx
                0x08004b88       0x10 ./Middlewares/ST/STM32_USB_Device_Library/Core/Src/usbd_ioreq.o
                0x08004b88                USBD_CtlContinueRx
 .text.USBD_CtlSendStatus
                0x08004b98       0x16 ./Middlewares/ST/STM32_USB_Device_Library/Core/Src/usbd_ioreq.o
                0x08004b98                USBD_CtlSendStatus
 .text.USBD_CtlReceiveStatus
                0x08004bae       0x16 ./Middlewares/ST/STM32_USB_Device_Library/Core/Src/usbd_ioreq.o
                0x08004bae                USBD_CtlReceiveStatus
 .text.MX_USB_Device_Init
                0x08004bc4       0x50 ./USB_Device/App/usb_device.o
                0x08004bc4                MX_USB_Device_Init
 .text.CDC_Control_FS
                0x08004c14        0x4 ./USB_Device/App/usbd_cdc_if.o
 .text.CDC_TransmitCplt_FS
                0x08004c18        0x4 ./USB_Device/App/usbd_cdc_if.o
 .text.CDC_Receive_FS
                0x08004c1c       0x24 ./USB_Device/App/usbd_cdc_if.o
 .text.CDC_DeInit_FS
                0x08004c40        0xa ./USB_Device/App/usbd_cdc_if.o
 *fill*         0x08004c4a        0x2 
 .text.CDC_Init_FS
                0x08004c4c       0x30 ./USB_Device/App/usbd_cdc_if.o
 .text.CDC_Transmit_FS
                0x08004c7c       0x58 ./USB_Device/App/usbd_cdc_if.o
                0x08004c7c                CDC_Transmit_FS
 .text.USBD_CDC_DeviceDescriptor
                0x08004cd4        0xc ./USB_Device/App/usbd_desc.o
                0x08004cd4                USBD_CDC_DeviceDescriptor
 .text.USBD_CDC_LangIDStrDescriptor
                0x08004ce0        0xc ./USB_Device/App/usbd_desc.o
                0x08004ce0                USBD_CDC_LangIDStrDescriptor
 .text.IntToUnicode
                0x08004cec       0x2a ./USB_Device/App/usbd_desc.o
 *fill*         0x08004d16        0x2 
 .text.USBD_CDC_SerialStrDescriptor
                0x08004d18       0x3c ./USB_Device/App/usbd_desc.o
                0x08004d18                USBD_CDC_SerialStrDescriptor
 .text.USBD_CDC_ManufacturerStrDescriptor
                0x08004d54       0x1c ./USB_Device/App/usbd_desc.o
                0x08004d54                USBD_CDC_ManufacturerStrDescriptor
 .text.USBD_CDC_ProductStrDescriptor
                0x08004d70       0x1c ./USB_Device/App/usbd_desc.o
                0x08004d70                USBD_CDC_ProductStrDescriptor
 .text.USBD_CDC_ConfigStrDescriptor
                0x08004d8c       0x1c ./USB_Device/App/usbd_desc.o
                0x08004d8c                USBD_CDC_ConfigStrDescriptor
 .text.USBD_CDC_InterfaceStrDescriptor
                0x08004da8       0x1c ./USB_Device/App/usbd_desc.o
                0x08004da8                USBD_CDC_InterfaceStrDescriptor
 .text.USBD_Get_USB_Status
                0x08004dc4        0xc ./USB_Device/Target/usbd_conf.o
 .text.HAL_PCD_MspInit
                0x08004dd0       0xb8 ./USB_Device/Target/usbd_conf.o
                0x08004dd0                HAL_PCD_MspInit
 .text.HAL_PCD_SetupStageCallback
                0x08004e88       0x50 ./USB_Device/Target/usbd_conf.o
                0x08004e88                HAL_PCD_SetupStageCallback
 .text.HAL_PCD_DataOutStageCallback
                0x08004ed8       0x30 ./USB_Device/Target/usbd_conf.o
                0x08004ed8                HAL_PCD_DataOutStageCallback
 .text.HAL_PCD_DataInStageCallback
                0x08004f08       0x30 ./USB_Device/Target/usbd_conf.o
                0x08004f08                HAL_PCD_DataInStageCallback
 .text.HAL_PCD_SOFCallback
                0x08004f38        0x8 ./USB_Device/Target/usbd_conf.o
                0x08004f38                HAL_PCD_SOFCallback
 .text.HAL_PCD_ResetCallback
                0x08004f40       0x38 ./USB_Device/Target/usbd_conf.o
                0x08004f40                HAL_PCD_ResetCallback
 .text.HAL_PCD_SuspendCallback
                0x08004f78       0x34 ./USB_Device/Target/usbd_conf.o
                0x08004f78                HAL_PCD_SuspendCallback
 .text.HAL_PCD_ResumeCallback
                0x08004fac       0x38 ./USB_Device/Target/usbd_conf.o
                0x08004fac                HAL_PCD_ResumeCallback
 .text.USBD_LL_Init
                0x08004fe4       0x88 ./USB_Device/Target/usbd_conf.o
                0x08004fe4                USBD_LL_Init
 .text.USBD_LL_Start
                0x0800506c       0x12 ./USB_Device/Target/usbd_conf.o
                0x0800506c                USBD_LL_Start
 .text.USBD_LL_OpenEP
                0x0800507e       0x18 ./USB_Device/Target/usbd_conf.o
                0x0800507e                USBD_LL_OpenEP
 .text.USBD_LL_CloseEP
                0x08005096       0x12 ./USB_Device/Target/usbd_conf.o
                0x08005096                USBD_LL_CloseEP
 .text.USBD_LL_StallEP
                0x080050a8       0x12 ./USB_Device/Target/usbd_conf.o
                0x080050a8                USBD_LL_StallEP
 .text.USBD_LL_ClearStallEP
                0x080050ba       0x12 ./USB_Device/Target/usbd_conf.o
                0x080050ba                USBD_LL_ClearStallEP
 .text.USBD_LL_IsStallEP
                0x080050cc       0x22 ./USB_Device/Target/usbd_conf.o
                0x080050cc                USBD_LL_IsStallEP
 .text.USBD_LL_SetUSBAddress
                0x080050ee       0x12 ./USB_Device/Target/usbd_conf.o
                0x080050ee                USBD_LL_SetUSBAddress
 .text.USBD_LL_Transmit
                0x08005100       0x12 ./USB_Device/Target/usbd_conf.o
                0x08005100                USBD_LL_Transmit
 .text.USBD_LL_PrepareReceive
                0x08005112       0x12 ./USB_Device/Target/usbd_conf.o
                0x08005112                USBD_LL_PrepareReceive
 .text.USBD_LL_GetRxDataSize
                0x08005124        0x8 ./USB_Device/Target/usbd_conf.o
                0x08005124                USBD_LL_GetRxDataSize
 .text.HAL_PCDEx_LPM_Callback
                0x0800512c       0x48 ./USB_Device/Target/usbd_conf.o
                0x0800512c                HAL_PCDEx_LPM_Callback
 .text.USBD_static_malloc
                0x08005174        0x8 ./USB_Device/Target/usbd_conf.o
                0x08005174                USBD_static_malloc
 .text.USBD_static_free
                0x0800517c        0x2 ./USB_Device/Target/usbd_conf.o
                0x0800517c                USBD_static_free
 *fill*         0x0800517e        0x2 
 .text.snprintf
                0x08005180       0x6c C:/ST/STM32CubeIDE_2.0.0/STM32CubeIDE/plugins/com.st.stm32cube.ide.mcu.externaltools.gnu-tools-for-stm32.13.3.rel1.win32_1.0.100.202509120712/tools/bin/../lib/gcc/arm-none-eabi/13.3.1/../../../../arm-none-eabi/lib/thumb/v8-m.main+fp/hard\libc_nano.a(libc_a-snprintf.o)
                0x08005180                sniprintf
                0x08005180                snprintf
 .text.memset   0x080051ec       0x10 C:/ST/STM32CubeIDE_2.0.0/STM32CubeIDE/plugins/com.st.stm32cube.ide.mcu.externaltools.gnu-tools-for-stm32.13.3.rel1.win32_1.0.100.202509120712/tools/bin/../lib/gcc/arm-none-eabi/13.3.1/../../../../arm-none-eabi/lib/thumb/v8-m.main+fp/hard\libc_nano.a(libc_a-memset.o)
                0x080051ec                memset
 .text.__errno  0x080051fc        0xc C:/ST/STM32CubeIDE_2.0.0/STM32CubeIDE/plugins/com.st.stm32cube.ide.mcu.externaltools.gnu-tools-for-stm32.13.3.rel1.win32_1.0.100.202509120712/tools/bin/../lib/gcc/arm-none-eabi/13.3.1/../../../../arm-none-eabi/lib/thumb/v8-m.main+fp/hard\libc_nano.a(libc_a-errno.o)
                0x080051fc                __errno
 .text.__libc_init_array
                0x08005208       0x48 C:/ST/STM32CubeIDE_2.0.0/STM32CubeIDE/plugins/com.st.stm32cube.ide.mcu.externaltools.gnu-tools-for-stm32.13.3.rel1.win32_1.0.100.202509120712/tools/bin/../lib/gcc/arm-none-eabi/13.3.1/../../../../arm-none-eabi/lib/thumb/v8-m.main+fp/hard\libc_nano.a(libc_a-init.o)
                0x08005208                __libc_init_array
 .text.__retarget_lock_acquire_recursive
                0x08005250        0x2 C:/ST/STM32CubeIDE_2.0.0/STM32CubeIDE/plugins/com.st.stm32cube.ide.mcu.externaltools.gnu-tools-for-stm32.13.3.rel1.win32_1.0.100.202509120712/tools/bin/../lib/gcc/arm-none-eabi/13.3.1/../../../../arm-none-eabi/lib/thumb/v8-m.main+fp/hard\libc_nano.a(libc_a-lock.o)
                0x08005250                __retarget_lock_acquire_recursive
 .text.__retarget_lock_release_recursive
                0x08005252        0x2 C:/ST/STM32CubeIDE_2.0.0/STM32CubeIDE/plugins/com.st.stm32cube.ide.mcu.externaltools.gnu-tools-for-stm32.13.3.rel1.win32_1.0.100.202509120712/tools/bin/../lib/gcc/arm-none-eabi/13.3.1/../../../../arm-none-eabi/lib/thumb/v8-m.main+fp/hard\libc_nano.a(libc_a-lock.o)
                0x08005252                __retarget_lock_release_recursive
 .text.memcpy   0x08005254       0x1a C:/ST/STM32CubeIDE_2.0.0/STM32CubeIDE/plugins/com.st.stm32cube.ide.mcu.externaltools.gnu-tools-for-stm32.13.3.rel1.win32_1.0.100.202509120712/tools/bin/../lib/gcc/arm-none-eabi/13.3.1/../../../../arm-none-eabi/lib/thumb/v8-m.main+fp/hard\libc_nano.a(libc_a-memcpy-stub.o)
                0x08005254                memcpy
 *fill*         0x0800526e        0x2 
 .text._free_r  0x08005270       0x94 C:/ST/STM32CubeIDE_2.0.0/STM32CubeIDE/plugins/com.st.stm32cube.ide.mcu.externaltools.gnu-tools-for-stm32.13.3.rel1.win32_1.0.100.202509120712/tools/bin/../lib/gcc/arm-none-eabi/13.3.1/../../../../arm-none-eabi/lib/thumb/v8-m.main+fp/hard\libc_nano.a(libc_a-freer.o)
                0x08005270                _free_r
 .text.sbrk_aligned
                0x08005304       0x44 C:/ST/STM32CubeIDE_2.0.0/STM32CubeIDE/plugins/com.st.stm32cube.ide.mcu.externaltools.gnu-tools-for-stm32.13.3.rel1.win32_1.0.100.202509120712/tools/bin/../lib/gcc/arm-none-eabi/13.3.1/../../../../arm-none-eabi/lib/thumb/v8-m.main+fp/hard\libc_nano.a(libc_a-mallocr.o)
 .text._malloc_r
                0x08005348      0x100 C:/ST/STM32CubeIDE_2.0.0/STM32CubeIDE/plugins/com.st.stm32cube.ide.mcu.externaltools.gnu-tools-for-stm32.13.3.rel1.win32_1.0.100.202509120712/tools/bin/../lib/gcc/arm-none-eabi/13.3.1/../../../../arm-none-eabi/lib/thumb/v8-m.main+fp/hard\libc_nano.a(libc_a-mallocr.o)
                0x08005348                _malloc_r
 .text.__malloc_lock
                0x08005448        0xc C:/ST/STM32CubeIDE_2.0.0/STM32CubeIDE/plugins/com.st.stm32cube.ide.mcu.externaltools.gnu-tools-for-stm32.13.3.rel1.win32_1.0.100.202509120712/tools/bin/../lib/gcc/arm-none-eabi/13.3.1/../../../../arm-none-eabi/lib/thumb/v8-m.main+fp/hard\libc_nano.a(libc_a-mlock.o)
                0x08005448                __malloc_lock
 .text.__malloc_unlock
                0x08005454        0xc C:/ST/STM32CubeIDE_2.0.0/STM32CubeIDE/plugins/com.st.stm32cube.ide.mcu.externaltools.gnu-tools-for-stm32.13.3.rel1.win32_1.0.100.202509120712/tools/bin/../lib/gcc/arm-none-eabi/13.3.1/../../../../arm-none-eabi/lib/thumb/v8-m.main+fp/hard\libc_nano.a(libc_a-mlock.o)
                0x08005454                __malloc_unlock
 .text.__ssputs_r
                0x08005460       0xb6 C:/ST/STM32CubeIDE_2.0.0/STM32CubeIDE/plugins/com.st.stm32cube.ide.mcu.externaltools.gnu-tools-for-stm32.13.3.rel1.win32_1.0.100.202509120712/tools/bin/../lib/gcc/arm-none-eabi/13.3.1/../../../../arm-none-eabi/lib/thumb/v8-m.main+fp/hard\libc_nano.a(libc_a-nano-svfprintf.o)
                0x08005460                __ssputs_r
 *fill*         0x08005516        0x2 
 .text._svfprintf_r
                0x08005518      0x1f8 C:/ST/STM32CubeIDE_2.0.0/STM32CubeIDE/plugins/com.st.stm32cube.ide.mcu.externaltools.gnu-tools-for-stm32.13.3.rel1.win32_1.0.100.202509120712/tools/bin/../lib/gcc/arm-none-eabi/13.3.1/../../../../arm-none-eabi/lib/thumb/v8-m.main+fp/hard\libc_nano.a(libc_a-nano-svfprintf.o)
                0x08005518                _svfiprintf_r
                0x08005518                _svfprintf_r
 .text._printf_common
                0x08005710       0xe4 C:/ST/STM32CubeIDE_2.0.0/STM32CubeIDE/plugins/com.st.stm32cube.ide.mcu.externaltools.gnu-tools-for-stm32.13.3.rel1.win32_1.0.100.202509120712/tools/bin/../lib/gcc/arm-none-eabi/13.3.1/../../../../arm-none-eabi/lib/thumb/v8-m.main+fp/hard\libc_nano.a(libc_a-nano-vfprintf_i.o)
                0x08005710                _printf_common
 .text._printf_i
                0x080057f4      0x23c C:/ST/STM32CubeIDE_2.0.0/STM32CubeIDE/plugins/com.st.stm32cube.ide.mcu.externaltools.gnu-tools-for-stm32.13.3.rel1.win32_1.0.100.202509120712/tools/bin/../lib/gcc/arm-none-eabi/13.3.1/../../../../arm-none-eabi/lib/thumb/v8-m.main+fp/hard\libc_nano.a(libc_a-nano-vfprintf_i.o)
                0x080057f4                _printf_i
 .text.memmove  0x08005a30       0x34 C:/ST/STM32CubeIDE_2.0.0/STM32CubeIDE/plugins/com.st.stm32cube.ide.mcu.externaltools.gnu-tools-for-stm32.13.3.rel1.win32_1.0.100.202509120712/tools/bin/../lib/gcc/arm-none-eabi/13.3.1/../../../../arm-none-eabi/lib/thumb/v8-m.main+fp/hard\libc_nano.a(libc_a-memmove.o)
                0x08005a30                memmove
 .text._sbrk_r  0x08005a64       0x20 C:/ST/STM32CubeIDE_2.0.0/STM32CubeIDE/plugins/com.st.stm32cube.ide.mcu.externaltools.gnu-tools-for-stm32.13.3.rel1.win32_1.0.100.202509120712/tools/bin/../lib/gcc/arm-none-eabi/13.3.1/../../../../arm-none-eabi/lib/thumb/v8-m.main+fp/hard\libc_nano.a(libc_a-sbrkr.o)
                0x08005a64                _sbrk_r
 .text.memchr   0x08005a84       0x1c C:/ST/STM32CubeIDE_2.0.0/STM32CubeIDE/plugins/com.st.stm32cube.ide.mcu.externaltools.gnu-tools-for-stm32.13.3.rel1.win32_1.0.100.202509120712/tools/bin/../lib/gcc/arm-none-eabi/13.3.1/../../../../arm-none-eabi/lib/thumb/v8-m.main+fp/hard\libc_nano.a(libc_a-memchr-stub.o)
                0x08005a84                memchr
 .text._realloc_r
                0x08005aa0       0x5c C:/ST/STM32CubeIDE_2.0.0/STM32CubeIDE/plugins/com.st.stm32cube.ide.mcu.externaltools.gnu-tools-for-stm32.13.3.rel1.win32_1.0.100.202509120712/tools/bin/../lib/gcc/arm-none-eabi/13.3.1/../../../../arm-none-eabi/lib/thumb/v8-m.main+fp/hard\libc_nano.a(libc_a-reallocr.o)
                0x08005aa0                _realloc_r
 .text._malloc_usable_size_r
                0x08005afc       0x10 C:/ST/STM32CubeIDE_2.0.0/STM32CubeIDE/plugins/com.st.stm32cube.ide.mcu.externaltools.gnu-tools-for-stm32.13.3.rel1.win32_1.0.100.202509120712/tools/bin/../lib/gcc/arm-none-eabi/13.3.1/../../../../arm-none-eabi/lib/thumb/v8-m.main+fp/hard\libc_nano.a(libc_a-msizer.o)
                0x08005afc                _malloc_usable_size_r
 *(.glue_7)
 .glue_7        0x08005b0c        0x0 linker stubs
 *(.glue_7t)
 .glue_7t       0x08005b0c        0x0 linker stubs
 *(.eh_frame)
 .eh_frame      0x08005b0c        0x0 C:/ST/STM32CubeIDE_2.0.0/STM32CubeIDE/plugins/com.st.stm32cube.ide.mcu.externaltools.gnu-tools-for-stm32.13.3.rel1.win32_1.0.100.202509120712/tools/bin/../lib/gcc/arm-none-eabi/13.3.1/thumb/v8-m.main+fp/hard/crtbegin.o
 *(.init)
 .init          0x08005b0c        0x4 C:/ST/STM32CubeIDE_2.0.0/STM32CubeIDE/plugins/com.st.stm32cube.ide.mcu.externaltools.gnu-tools-for-stm32.13.3.rel1.win32_1.0.100.202509120712/tools/bin/../lib/gcc/arm-none-eabi/13.3.1/thumb/v8-m.main+fp/hard/crti.o
                0x08005b0c                _init
 .init          0x08005b10        0x8 C:/ST/STM32CubeIDE_2.0.0/STM32CubeIDE/plugins/com.st.stm32cube.ide.mcu.externaltools.gnu-tools-for-stm32.13.3.rel1.win32_1.0.100.202509120712/tools/bin/../lib/gcc/arm-none-eabi/13.3.1/thumb/v8-m.main+fp/hard/crtn.o
 *(.fini)
 .fini          0x08005b18        0x4 C:/ST/STM32CubeIDE_2.0.0/STM32CubeIDE/plugins/com.st.stm32cube.ide.mcu.externaltools.gnu-tools-for-stm32.13.3.rel1.win32_1.0.100.202509120712/tools/bin/../lib/gcc/arm-none-eabi/13.3.1/thumb/v8-m.main+fp/hard/crti.o
                0x08005b18                _fini
 .fini          0x08005b1c        0x8 C:/ST/STM32CubeIDE_2.0.0/STM32CubeIDE/plugins/com.st.stm32cube.ide.mcu.externaltools.gnu-tools-for-stm32.13.3.rel1.win32_1.0.100.202509120712/tools/bin/../lib/gcc/arm-none-eabi/13.3.1/thumb/v8-m.main+fp/hard/crtn.o
                0x08005b24                        . = ALIGN (0x4)
                0x08005b24                        _etext = .

.vfp11_veneer   0x08005b24        0x0
 .vfp11_veneer  0x08005b24        0x0 linker stubs

.v4_bx          0x08005b24        0x0
 .v4_bx         0x08005b24        0x0 linker stubs

.iplt           0x08005b24        0x0
 .iplt          0x08005b24        0x0 C:/ST/STM32CubeIDE_2.0.0/STM32CubeIDE/plugins/com.st.stm32cube.ide.mcu.externaltools.gnu-tools-for-stm32.13.3.rel1.win32_1.0.100.202509120712/tools/bin/../lib/gcc/arm-none-eabi/13.3.1/thumb/v8-m.main+fp/hard/crtbegin.o

.rodata         0x08005b24      0x108
                0x08005b24                        . = ALIGN (0x4)
 *(.rodata)
 *(.rodata*)
 .rodata.CSWTCH.15
                0x08005b24        0xf ./Core/Src/can.o
 .rodata.main.str1.1
                0x08005b33       0x87 ./Core/Src/main.o
                                 0x12 (size before relaxing)
 .rodata.CSWTCH.26
                0x08005bba        0xf ./Core/Src/main.o
 *fill*         0x08005bc9        0x3 
 .rodata.MSIRangeTable
                0x08005bcc       0x40 ./Core/Src/system_stm32l5xx.o
                0x08005bcc                MSIRangeTable
 .rodata.AHBPrescTable
                0x08005c0c       0x10 ./Core/Src/system_stm32l5xx.o
                0x08005c0c                AHBPrescTable
 .rodata.DLCtoBytes
                0x08005c1c       0x10 ./Drivers/STM32L5xx_HAL_Driver/Src/stm32l5xx_hal_fdcan.o
 .rodata.USBD_CDC_ManufacturerStrDescriptor.str1.1
                0x08005c2c        0x0 ./USB_Device/App/usbd_desc.o
                                 0x13 (size before relaxing)
 .rodata.USBD_CDC_ProductStrDescriptor.str1.1
                0x08005c2c        0x0 ./USB_Device/App/usbd_desc.o
                                 0x16 (size before relaxing)
 .rodata.USBD_CDC_ConfigStrDescriptor.str1.1
                0x08005c2c        0x0 ./USB_Device/App/usbd_desc.o
                                  0xb (size before relaxing)
 .rodata.USBD_CDC_InterfaceStrDescriptor.str1.1
                0x08005c2c        0x0 ./USB_Device/App/usbd_desc.o
                                  0xe (size before relaxing)
 .rodata._svfprintf_r.str1.1
                0x08005c2c        0x0 C:/ST/STM32CubeIDE_2.0.0/STM32CubeIDE/plugins/com.st.stm32cube.ide.mcu.externaltools.gnu-tools-for-stm32.13.3.rel1.win32_1.0.100.202509120712/tools/bin/../lib/gcc/arm-none-eabi/13.3.1/../../../../arm-none-eabi/lib/thumb/v8-m.main+fp/hard\libc_nano.a(libc_a-nano-svfprintf.o)
                                 0x11 (size before relaxing)
 .rodata._printf_i.str1.1
                0x08005c2c        0x0 C:/ST/STM32CubeIDE_2.0.0/STM32CubeIDE/plugins/com.st.stm32cube.ide.mcu.externaltools.gnu-tools-for-stm32.13.3.rel1.win32_1.0.100.202509120712/tools/bin/../lib/gcc/arm-none-eabi/13.3.1/../../../../arm-none-eabi/lib/thumb/v8-m.main+fp/hard\libc_nano.a(libc_a-nano-vfprintf_i.o)
                                 0x22 (size before relaxing)
                0x08005c2c                        . = ALIGN (0x4)

.ARM.extab      0x08005c2c        0x0
                0x08005c2c                        . = ALIGN (0x4)
 *(.ARM.extab* .gnu.linkonce.armextab.*)
                0x08005c2c                        . = ALIGN (0x4)

.ARM            0x08005c2c        0x8
                0x08005c2c                        . = ALIGN (0x4)
                0x08005c2c                        __exidx_start = .
 *(.ARM.exidx*)
 .ARM.exidx     0x08005c2c        0x8 C:/ST/STM32CubeIDE_2.0.0/STM32CubeIDE/plugins/com.st.stm32cube.ide.mcu.externaltools.gnu-tools-for-stm32.13.3.rel1.win32_1.0.100.202509120712/tools/bin/../lib/gcc/arm-none-eabi/13.3.1/../../../../arm-none-eabi/lib/thumb/v8-m.main+fp/hard\libc_nano.a(libc_a-strlen.o)
                0x08005c34                        __exidx_end = .
                0x08005c34                        . = ALIGN (0x4)

.preinit_array  0x08005c34        0x0
                0x08005c34                        . = ALIGN (0x4)
                0x08005c34                        PROVIDE (__preinit_array_start = .)
 *(.preinit_array*)
                0x08005c34                        PROVIDE (__preinit_array_end = .)
                0x08005c34                        . = ALIGN (0x4)

.init_array     0x08005c34        0x4
                0x08005c34                        . = ALIGN (0x4)
                0x08005c34                        PROVIDE (__init_array_start = .)
 *(SORT_BY_NAME(.init_array.*))
 *(.init_array*)
 .init_array    0x08005c34        0x4 C:/ST/STM32CubeIDE_2.0.0/STM32CubeIDE/plugins/com.st.stm32cube.ide.mcu.externaltools.gnu-tools-for-stm32.13.3.rel1.win32_1.0.100.202509120712/tools/bin/../lib/gcc/arm-none-eabi/13.3.1/thumb/v8-m.main+fp/hard/crtbegin.o
                0x08005c38                        PROVIDE (__init_array_end = .)
                0x08005c38                        . = ALIGN (0x4)

.fini_array     0x08005c38        0x4
                0x08005c38                        . = ALIGN (0x4)
                [!provide]                        PROVIDE (__fini_array_start = .)
 *(SORT_BY_NAME(.fini_array.*))
 *(.fini_array*)
 .fini_array    0x08005c38        0x4 C:/ST/STM32CubeIDE_2.0.0/STM32CubeIDE/plugins/com.st.stm32cube.ide.mcu.externaltools.gnu-tools-for-stm32.13.3.rel1.win32_1.0.100.202509120712/tools/bin/../lib/gcc/arm-none-eabi/13.3.1/thumb/v8-m.main+fp/hard/crtbegin.o
                [!provide]                        PROVIDE (__fini_array_end = .)
                0x08005c3c                        . = ALIGN (0x4)
                0x08005c3c                        _sidata = LOADADDR (.data)

.rel.dyn        0x08005c3c        0x0
 .rel.iplt      0x08005c3c        0x0 C:/ST/STM32CubeIDE_2.0.0/STM32CubeIDE/plugins/com.st.stm32cube.ide.mcu.externaltools.gnu-tools-for-stm32.13.3.rel1.win32_1.0.100.202509120712/tools/bin/../lib/gcc/arm-none-eabi/13.3.1/thumb/v8-m.main+fp/hard/crtbegin.o

.data           0x20000000      0x14c load address 0x08005c3c
                0x20000000                        . = ALIGN (0x4)
                0x20000000                        _sdata = .
 *(.data)
 *(.data*)
 .data.SystemCoreClock
                0x20000000        0x4 ./Core/Src/system_stm32l5xx.o
                0x20000000                SystemCoreClock
 .data.uwTickFreq
                0x20000004        0x1 ./Drivers/STM32L5xx_HAL_Driver/Src/stm32l5xx_hal.o
                0x20000004                uwTickFreq
 *fill*         0x20000005        0x3 
 .data.uwTickPrio
                0x20000008        0x4 ./Drivers/STM32L5xx_HAL_Driver/Src/stm32l5xx_hal.o
                0x20000008                uwTickPrio
 .data.USBD_CDC_CfgDesc
                0x2000000c       0x43 ./Middlewares/ST/STM32_USB_Device_Library/Class/CDC/Src/usbd_cdc.o
 *fill*         0x2000004f        0x1 
 .data.USBD_CDC
                0x20000050       0x38 ./Middlewares/ST/STM32_USB_Device_Library/Class/CDC/Src/usbd_cdc.o
                0x20000050                USBD_CDC
 .data.USBD_CDC_DeviceQualifierDesc
                0x20000088        0xa ./Middlewares/ST/STM32_USB_Device_Library/Class/CDC/Src/usbd_cdc.o
 *fill*         0x20000092        0x2 
 .data.USBD_Interface_fops_FS
                0x20000094       0x14 ./USB_Device/App/usbd_cdc_if.o
                0x20000094                USBD_Interface_fops_FS
 .data.USBD_StringSerial
                0x200000a8       0x1a ./USB_Device/App/usbd_desc.o
                0x200000a8                USBD_StringSerial
 *fill*         0x200000c2        0x2 
 .data.USBD_LangIDDesc
                0x200000c4        0x4 ./USB_Device/App/usbd_desc.o
                0x200000c4                USBD_LangIDDesc
 .data.USBD_CDC_DeviceDesc
                0x200000c8       0x12 ./USB_Device/App/usbd_desc.o
                0x200000c8                USBD_CDC_DeviceDesc
 *fill*         0x200000da        0x2 
 .data.CDC_Desc
                0x200000dc       0x20 ./USB_Device/App/usbd_desc.o
                0x200000dc                CDC_Desc
 .data._impure_ptr
                0x200000fc        0x4 C:/ST/STM32CubeIDE_2.0.0/STM32CubeIDE/plugins/com.st.stm32cube.ide.mcu.externaltools.gnu-tools-for-stm32.13.3.rel1.win32_1.0.100.202509120712/tools/bin/../lib/gcc/arm-none-eabi/13.3.1/../../../../arm-none-eabi/lib/thumb/v8-m.main+fp/hard\libc_nano.a(libc_a-impure.o)
                0x200000fc                _impure_ptr
 .data._impure_data
                0x20000100       0x4c C:/ST/STM32CubeIDE_2.0.0/STM32CubeIDE/plugins/com.st.stm32cube.ide.mcu.externaltools.gnu-tools-for-stm32.13.3.rel1.win32_1.0.100.202509120712/tools/bin/../lib/gcc/arm-none-eabi/13.3.1/../../../../arm-none-eabi/lib/thumb/v8-m.main+fp/hard\libc_nano.a(libc_a-impure.o)
                0x20000100                _impure_data
 *(.RamFunc)
 *(.RamFunc*)
                0x2000014c                        . = ALIGN (0x4)
                0x2000014c                        _edata = .

.igot.plt       0x2000014c        0x0 load address 0x08005d88
 .igot.plt      0x2000014c        0x0 C:/ST/STM32CubeIDE_2.0.0/STM32CubeIDE/plugins/com.st.stm32cube.ide.mcu.externaltools.gnu-tools-for-stm32.13.3.rel1.win32_1.0.100.202509120712/tools/bin/../lib/gcc/arm-none-eabi/13.3.1/thumb/v8-m.main+fp/hard/crtbegin.o
                0x2000014c                        . = ALIGN (0x4)

.bss            0x2000014c     0xc8e4 load address 0x08005d88
                0x2000014c                        _sbss = .
                0x2000014c                        __bss_start__ = _sbss
 *(.bss)
 .bss           0x2000014c       0x1c C:/ST/STM32CubeIDE_2.0.0/STM32CubeIDE/plugins/com.st.stm32cube.ide.mcu.externaltools.gnu-tools-for-stm32.13.3.rel1.win32_1.0.100.202509120712/tools/bin/../lib/gcc/arm-none-eabi/13.3.1/thumb/v8-m.main+fp/hard/crtbegin.o
 *(.bss*)
 .bss.batch.0   0x20000168     0x4000 ./Core/Src/can.o
 .bss.hfdcan1   0x20004168       0x64 ./Core/Src/fdcan.o
                0x20004168                hfdcan1
 .bss.s_fdcan_rx_tail
                0x200041cc        0x1 ./Core/Src/fdcan.o
 .bss.s_fdcan_rx_head
                0x200041cd        0x1 ./Core/Src/fdcan.o
 *fill*         0x200041ce        0x2 
 .bss.fdcan1_debug_cb
                0x200041d0        0x4 ./Core/Src/fdcan.o
                0x200041d0                fdcan1_debug_cb
 .bss.fdcan_rx_error_count
                0x200041d4        0x4 ./Core/Src/fdcan.o
                0x200041d4                fdcan_rx_error_count
 .bss.fdcan_rx_count
                0x200041d8        0x4 ./Core/Src/fdcan.o
                0x200041d8                fdcan_rx_count
 .bss.fdcan_tx_count
                0x200041dc        0x4 ./Core/Src/fdcan.o
                0x200041dc                fdcan_tx_count
 .bss.last_recovery_tick.0
                0x200041e0        0x4 ./Core/Src/main.o
 .bss.sr_pin_test_result
                0x200041e4        0x1 ./Core/Src/main.o
                0x200041e4                sr_pin_test_result
 .bss.g_detected_baud
                0x200041e5        0x1 ./Core/Src/main.o
                0x200041e5                g_detected_baud
 .bss.sr_test_reported
                0x200041e6        0x1 ./Core/Src/main.o
                0x200041e6                sr_test_reported
 .bss.fdcan_rx_tail
                0x200041e7        0x1 ./Core/Src/main.o
 .bss.fdcan_rx_head
                0x200041e8        0x1 ./Core/Src/main.o
 *fill*         0x200041e9        0x3 
 .bss.fdcan_rx_queue
                0x200041ec     0x3400 ./Core/Src/main.o
 .bss.fdcan_first_seq_seen
                0x200075ec        0x1 ./Core/Src/main.o
                0x200075ec                fdcan_first_seq_seen
 .bss.fdcan_expected_seq
                0x200075ed        0x1 ./Core/Src/main.o
                0x200075ed                fdcan_expected_seq
 *fill*         0x200075ee        0x2 
 .bss.fdcan_seq_skip_count
                0x200075f0        0x4 ./Core/Src/main.o
                0x200075f0                fdcan_seq_skip_count
 .bss.fdcan_rx_last_len
                0x200075f4        0x1 ./Core/Src/main.o
                0x200075f4                fdcan_rx_last_len
 *fill*         0x200075f5        0x3 
 .bss.fdcan_rx_last_id
                0x200075f8        0x4 ./Core/Src/main.o
                0x200075f8                fdcan_rx_last_id
 .bss.fdcan_notif_err_count
                0x200075fc        0x4 ./Core/Src/main.o
                0x200075fc                fdcan_notif_err_count
 .bss.fdcan_rx_err_count
                0x20007600        0x4 ./Core/Src/main.o
                0x20007600                fdcan_rx_err_count
 .bss.fdcan_rx_msg_count
                0x20007604        0x4 ./Core/Src/main.o
                0x20007604                fdcan_rx_msg_count
 .bss.__sbrk_heap_end
                0x20007608        0x4 ./Core/Src/sysmem.o
 .bss.s_rx_buffer
                0x2000760c       0x80 ./Drivers/BFR_Krill_Drivers/src/usb_driver.o
 .bss.s_rx_tail
                0x2000768c        0x2 ./Drivers/BFR_Krill_Drivers/src/usb_driver.o
 .bss.s_rx_head
                0x2000768e        0x2 ./Drivers/BFR_Krill_Drivers/src/usb_driver.o
 .bss.s_usb_configured
                0x20007690        0x1 ./Drivers/BFR_Krill_Drivers/src/usb_driver.o
 *fill*         0x20007691        0x3 
 .bss.uwTick    0x20007694        0x4 ./Drivers/STM32L5xx_HAL_Driver/Src/stm32l5xx_hal.o
                0x20007694                uwTick
 .bss.cfgidx.0  0x20007698        0x1 ./Middlewares/ST/STM32_USB_Device_Library/Core/Src/usbd_ctlreq.o
 *fill*         0x20007699        0x3 
 .bss.hUsbDeviceFS
                0x2000769c      0x2dc ./USB_Device/App/usb_device.o
                0x2000769c                hUsbDeviceFS
 .bss.UserTxBufferFS
                0x20007978     0x4000 ./USB_Device/App/usbd_cdc_if.o
                0x20007978                UserTxBufferFS
 .bss.UserRxBufferFS
                0x2000b978      0x800 ./USB_Device/App/usbd_cdc_if.o
                0x2000b978                UserRxBufferFS
 .bss.USBD_StrDesc
                0x2000c178      0x200 ./USB_Device/App/usbd_desc.o
                0x2000c178                USBD_StrDesc
 .bss.mem.0     0x2000c378      0x220 ./USB_Device/Target/usbd_conf.o
 .bss.usbdiag   0x2000c598       0x74 ./USB_Device/Target/usbd_conf.o
                0x2000c598                usbdiag
 .bss.hpcd_USB_FS
                0x2000c60c      0x2dc ./USB_Device/Target/usbd_conf.o
                0x2000c60c                hpcd_USB_FS
 .bss.__sf      0x2000c8e8      0x138 C:/ST/STM32CubeIDE_2.0.0/STM32CubeIDE/plugins/com.st.stm32cube.ide.mcu.externaltools.gnu-tools-for-stm32.13.3.rel1.win32_1.0.100.202509120712/tools/bin/../lib/gcc/arm-none-eabi/13.3.1/../../../../arm-none-eabi/lib/thumb/v8-m.main+fp/hard\libc_nano.a(libc_a-findfp.o)
                0x2000c8e8                __sf
 .bss.errno     0x2000ca20        0x4 C:/ST/STM32CubeIDE_2.0.0/STM32CubeIDE/plugins/com.st.stm32cube.ide.mcu.externaltools.gnu-tools-for-stm32.13.3.rel1.win32_1.0.100.202509120712/tools/bin/../lib/gcc/arm-none-eabi/13.3.1/../../../../arm-none-eabi/lib/thumb/v8-m.main+fp/hard\libc_nano.a(libc_a-reent.o)
                0x2000ca20                errno
 .bss.__lock___malloc_recursive_mutex
                0x2000ca24        0x1 C:/ST/STM32CubeIDE_2.0.0/STM32CubeIDE/plugins/com.st.stm32cube.ide.mcu.externaltools.gnu-tools-for-stm32.13.3.rel1.win32_1.0.100.202509120712/tools/bin/../lib/gcc/arm-none-eabi/13.3.1/../../../../arm-none-eabi/lib/thumb/v8-m.main+fp/hard\libc_nano.a(libc_a-lock.o)
                0x2000ca24                __lock___malloc_recursive_mutex
 *fill*         0x2000ca25        0x3 
 .bss.__malloc_sbrk_start
                0x2000ca28        0x4 C:/ST/STM32CubeIDE_2.0.0/STM32CubeIDE/plugins/com.st.stm32cube.ide.mcu.externaltools.gnu-tools-for-stm32.13.3.rel1.win32_1.0.100.202509120712/tools/bin/../lib/gcc/arm-none-eabi/13.3.1/../../../../arm-none-eabi/lib/thumb/v8-m.main+fp/hard\libc_nano.a(libc_a-mallocr.o)
                0x2000ca28                __malloc_sbrk_start
 .bss.__malloc_free_list
                0x2000ca2c        0x4 C:/ST/STM32CubeIDE_2.0.0/STM32CubeIDE/plugins/com.st.stm32cube.ide.mcu.externaltools.gnu-tools-for-stm32.13.3.rel1.win32_1.0.100.202509120712/tools/bin/../lib/gcc/arm-none-eabi/13.3.1/../../../../arm-none-eabi/lib/thumb/v8-m.main+fp/hard\libc_nano.a(libc_a-mallocr.o)
                0x2000ca2c                __malloc_free_list
 *(COMMON)
                0x2000ca30                        . = ALIGN (0x4)
                0x2000ca30                        _ebss = .
                0x2000ca30                        __bss_end__ = _ebss

._user_heap_stack
                0x2000ca30      0x600 load address 0x08005d88
                0x2000ca30                        . = ALIGN (0x8)
                [!provide]                        PROVIDE (end = .)
                0x2000ca30                        PROVIDE (_end = .)
                0x2000cc30                        . = (. + _Min_Heap_Size)
 *fill*         0x2000ca30      0x200 
                0x2000d030                        . = (. + _Min_Stack_Size)
 *fill*         0x2000cc30      0x400 
                0x2000d030                        . = ALIGN (0x8)

/DISCARD/
 libc.a(*)
 libm.a(*)
 libgcc.a(*)

.ARM.attributes
                0x00000000       0x36
 *(.ARM.attributes)
 .ARM.attributes
                0x00000000       0x26 C:/ST/STM32CubeIDE_2.0.0/STM32CubeIDE/plugins/com.st.stm32cube.ide.mcu.externaltools.gnu-tools-for-stm32.13.3.rel1.win32_1.0.100.202509120712/tools/bin/../lib/gcc/arm-none-eabi/13.3.1/thumb/v8-m.main+fp/hard/crti.o
 .ARM.attributes
                0x00000026       0x38 C:/ST/STM32CubeIDE_2.0.0/STM32CubeIDE/plugins/com.st.stm32cube.ide.mcu.externaltools.gnu-tools-for-stm32.13.3.rel1.win32_1.0.100.202509120712/tools/bin/../lib/gcc/arm-none-eabi/13.3.1/thumb/v8-m.main+fp/hard/crtbegin.o
 .ARM.attributes
                0x0000005e       0x3a ./Core/Src/can.o
 .ARM.attributes
                0x00000098       0x3a ./Core/Src/fdcan.o
 .ARM.attributes
                0x000000d2       0x3a ./Core/Src/gpio.o
 .ARM.attributes
                0x0000010c       0x3a ./Core/Src/icache.o
 .ARM.attributes
                0x00000146       0x3a ./Core/Src/main.o
 .ARM.attributes
                0x00000180       0x3a ./Core/Src/stm32l5xx_hal_msp.o
 .ARM.attributes
                0x000001ba       0x3a ./Core/Src/stm32l5xx_it.o
 .ARM.attributes
                0x000001f4       0x3a ./Core/Src/sysmem.o
 .ARM.attributes
                0x0000022e       0x3a ./Core/Src/system_stm32l5xx.o
 .ARM.attributes
                0x00000268       0x24 ./Core/Startup/startup_stm32l552cctx.o
 .ARM.attributes
                0x0000028c       0x3a ./Drivers/BFR_Krill_Drivers/src/usb_driver.o
 .ARM.attributes
                0x000002c6       0x3a ./Drivers/STM32L5xx_HAL_Driver/Src/stm32l5xx_hal.o
 .ARM.attributes
                0x00000300       0x3a ./Drivers/STM32L5xx_HAL_Driver/Src/stm32l5xx_hal_cortex.o
 .ARM.attributes
                0x0000033a       0x3a ./Drivers/STM32L5xx_HAL_Driver/Src/stm32l5xx_hal_fdcan.o
 .ARM.attributes
                0x00000374       0x3a ./Drivers/STM32L5xx_HAL_Driver/Src/stm32l5xx_hal_gpio.o
 .ARM.attributes
                0x000003ae       0x3a ./Drivers/STM32L5xx_HAL_Driver/Src/stm32l5xx_hal_icache.o
 .ARM.attributes
                0x000003e8       0x3a ./Drivers/STM32L5xx_HAL_Driver/Src/stm32l5xx_hal_pcd.o
 .ARM.attributes
                0x00000422       0x3a ./Drivers/STM32L5xx_HAL_Driver/Src/stm32l5xx_hal_pcd_ex.o
 .ARM.attributes
                0x0000045c       0x3a ./Drivers/STM32L5xx_HAL_Driver/Src/stm32l5xx_hal_pwr.o
 .ARM.attributes
                0x00000496       0x3a ./Drivers/STM32L5xx_HAL_Driver/Src/stm32l5xx_hal_pwr_ex.o
 .ARM.attributes
                0x000004d0       0x3a ./Drivers/STM32L5xx_HAL_Driver/Src/stm32l5xx_hal_rcc.o
 .ARM.attributes
                0x0000050a       0x3a ./Drivers/STM32L5xx_HAL_Driver/Src/stm32l5xx_hal_rcc_ex.o
 .ARM.attributes
                0x00000544       0x3a ./Drivers/STM32L5xx_HAL_Driver/Src/stm32l5xx_ll_usb.o
 .ARM.attributes
                0x0000057e       0x3a ./Middlewares/ST/STM32_USB_Device_Library/Class/CDC/Src/usbd_cdc.o
 .ARM.attributes
                0x000005b8       0x3a ./Middlewares/ST/STM32_USB_Device_Library/Core/Src/usbd_core.o
 .ARM.attributes
                0x000005f2       0x3a ./Middlewares/ST/STM32_USB_Device_Library/Core/Src/usbd_ctlreq.o
 .ARM.attributes
                0x0000062c       0x3a ./Middlewares/ST/STM32_USB_Device_Library/Core/Src/usbd_ioreq.o
 .ARM.attributes
                0x00000666       0x3a ./USB_Device/App/usb_device.o
 .ARM.attributes
                0x000006a0       0x3a ./USB_Device/App/usbd_cdc_if.o
 .ARM.attributes
                0x000006da       0x3a ./USB_Device/App/usbd_desc.o
 .ARM.attributes
                0x00000714       0x3a ./USB_Device/Target/usbd_conf.o
 .ARM.attributes
                0x0000074e       0x38 C:/ST/STM32CubeIDE_2.0.0/STM32CubeIDE/plugins/com.st.stm32cube.ide.mcu.externaltools.gnu-tools-for-stm32.13.3.rel1.win32_1.0.100.202509120712/tools/bin/../lib/gcc/arm-none-eabi/13.3.1/../../../../arm-none-eabi/lib/thumb/v8-m.main+fp/hard\libc_nano.a(libc_a-findfp.o)
 .ARM.attributes
                0x00000786       0x38 C:/ST/STM32CubeIDE_2.0.0/STM32CubeIDE/plugins/com.st.stm32cube.ide.mcu.externaltools.gnu-tools-for-stm32.13.3.rel1.win32_1.0.100.202509120712/tools/bin/../lib/gcc/arm-none-eabi/13.3.1/../../../../arm-none-eabi/lib/thumb/v8-m.main+fp/hard\libc_nano.a(libc_a-snprintf.o)
 .ARM.attributes
                0x000007be       0x38 C:/ST/STM32CubeIDE_2.0.0/STM32CubeIDE/plugins/com.st.stm32cube.ide.mcu.externaltools.gnu-tools-for-stm32.13.3.rel1.win32_1.0.100.202509120712/tools/bin/../lib/gcc/arm-none-eabi/13.3.1/../../../../arm-none-eabi/lib/thumb/v8-m.main+fp/hard\libc_nano.a(libc_a-memset.o)
 .ARM.attributes
                0x000007f6       0x38 C:/ST/STM32CubeIDE_2.0.0/STM32CubeIDE/plugins/com.st.stm32cube.ide.mcu.externaltools.gnu-tools-for-stm32.13.3.rel1.win32_1.0.100.202509120712/tools/bin/../lib/gcc/arm-none-eabi/13.3.1/../../../../arm-none-eabi/lib/thumb/v8-m.main+fp/hard\libc_nano.a(libc_a-reent.o)
 .ARM.attributes
                0x0000082e       0x38 C:/ST/STM32CubeIDE_2.0.0/STM32CubeIDE/plugins/com.st.stm32cube.ide.mcu.externaltools.gnu-tools-for-stm32.13.3.rel1.win32_1.0.100.202509120712/tools/bin/../lib/gcc/arm-none-eabi/13.3.1/../../../../arm-none-eabi/lib/thumb/v8-m.main+fp/hard\libc_nano.a(libc_a-impure.o)
 .ARM.attributes
                0x00000866       0x38 C:/ST/STM32CubeIDE_2.0.0/STM32CubeIDE/plugins/com.st.stm32cube.ide.mcu.externaltools.gnu-tools-for-stm32.13.3.rel1.win32_1.0.100.202509120712/tools/bin/../lib/gcc/arm-none-eabi/13.3.1/../../../../arm-none-eabi/lib/thumb/v8-m.main+fp/hard\libc_nano.a(libc_a-errno.o)
 .ARM.attributes
                0x0000089e       0x38 C:/ST/STM32CubeIDE_2.0.0/STM32CubeIDE/plugins/com.st.stm32cube.ide.mcu.externaltools.gnu-tools-for-stm32.13.3.rel1.win32_1.0.100.202509120712/tools/bin/../lib/gcc/arm-none-eabi/13.3.1/../../../../arm-none-eabi/lib/thumb/v8-m.main+fp/hard\libc_nano.a(libc_a-init.o)
 .ARM.attributes
                0x000008d6       0x38 C:/ST/STM32CubeIDE_2.0.0/STM32CubeIDE/plugins/com.st.stm32cube.ide.mcu.externaltools.gnu-tools-for-stm32.13.3.rel1.win32_1.0.100.202509120712/tools/bin/../lib/gcc/arm-none-eabi/13.3.1/../../../../arm-none-eabi/lib/thumb/v8-m.main+fp/hard\libc_nano.a(libc_a-lock.o)
 .ARM.attributes
                0x0000090e       0x38 C:/ST/STM32CubeIDE_2.0.0/STM32CubeIDE/plugins/com.st.stm32cube.ide.mcu.externaltools.gnu-tools-for-stm32.13.3.rel1.win32_1.0.100.202509120712/tools/bin/../lib/gcc/arm-none-eabi/13.3.1/../../../../arm-none-eabi/lib/thumb/v8-m.main+fp/hard\libc_nano.a(libc_a-memcpy-stub.o)
 .ARM.attributes
                0x00000946       0x24 C:/ST/STM32CubeIDE_2.0.0/STM32CubeIDE/plugins/com.st.stm32cube.ide.mcu.externaltools.gnu-tools-for-stm32.13.3.rel1.win32_1.0.100.202509120712/tools/bin/../lib/gcc/arm-none-eabi/13.3.1/../../../../arm-none-eabi/lib/thumb/v8-m.main+fp/hard\libc_nano.a(libc_a-strlen.o)
 .ARM.attributes
                0x0000096a       0x38 C:/ST/STM32CubeIDE_2.0.0/STM32CubeIDE/plugins/com.st.stm32cube.ide.mcu.externaltools.gnu-tools-for-stm32.13.3.rel1.win32_1.0.100.202509120712/tools/bin/../lib/gcc/arm-none-eabi/13.3.1/../../../../arm-none-eabi/lib/thumb/v8-m.main+fp/hard\libc_nano.a(libc_a-freer.o)
 .ARM.attributes
                0x000009a2       0x38 C:/ST/STM32CubeIDE_2.0.0/STM32CubeIDE/plugins/com.st.stm32cube.ide.mcu.externaltools.gnu-tools-for-stm32.13.3.rel1.win32_1.0.100.202509120712/tools/bin/../lib/gcc/arm-none-eabi/13.3.1/../../../../arm-none-eabi/lib/thumb/v8-m.main+fp/hard\libc_nano.a(libc_a-mallocr.o)
 .ARM.attributes
                0x000009da       0x38 C:/ST/STM32CubeIDE_2.0.0/STM32CubeIDE/plugins/com.st.stm32cube.ide.mcu.externaltools.gnu-tools-for-stm32.13.3.rel1.win32_1.0.100.202509120712/tools/bin/../lib/gcc/arm-none-eabi/13.3.1/../../../../arm-none-eabi/lib/thumb/v8-m.main+fp/hard\libc_nano.a(libc_a-mlock.o)
 .ARM.attributes
                0x00000a12       0x38 C:/ST/STM32CubeIDE_2.0.0/STM32CubeIDE/plugins/com.st.stm32cube.ide.mcu.externaltools.gnu-tools-for-stm32.13.3.rel1.win32_1.0.100.202509120712/tools/bin/../lib/gcc/arm-none-eabi/13.3.1/../../../../arm-none-eabi/lib/thumb/v8-m.main+fp/hard\libc_nano.a(libc_a-nano-svfprintf.o)
 .ARM.attributes
                0x00000a4a       0x38 C:/ST/STM32CubeIDE_2.0.0/STM32CubeIDE/plugins/com.st.stm32cube.ide.mcu.externaltools.gnu-tools-for-stm32.13.3.rel1.win32_1.0.100.202509120712/tools/bin/../lib/gcc/arm-none-eabi/13.3.1/../../../../arm-none-eabi/lib/thumb/v8-m.main+fp/hard\libc_nano.a(libc_a-nano-vfprintf_i.o)
 .ARM.attributes
                0x00000a82       0x38 C:/ST/STM32CubeIDE_2.0.0/STM32CubeIDE/plugins/com.st.stm32cube.ide.mcu.externaltools.gnu-tools-for-stm32.13.3.rel1.win32_1.0.100.202509120712/tools/bin/../lib/gcc/arm-none-eabi/13.3.1/../../../../arm-none-eabi/lib/thumb/v8-m.main+fp/hard\libc_nano.a(libc_a-memmove.o)
 .ARM.attributes
                0x00000aba       0x38 C:/ST/STM32CubeIDE_2.0.0/STM32CubeIDE/plugins/com.st.stm32cube.ide.mcu.externaltools.gnu-tools-for-stm32.13.3.rel1.win32_1.0.100.202509120712/tools/bin/../lib/gcc/arm-none-eabi/13.3.1/../../../../arm-none-eabi/lib/thumb/v8-m.main+fp/hard\libc_nano.a(libc_a-sbrkr.o)
 .ARM.attributes
                0x00000af2       0x38 C:/ST/STM32CubeIDE_2.0.0/STM32CubeIDE/plugins/com.st.stm32cube.ide.mcu.externaltools.gnu-tools-for-stm32.13.3.rel1.win32_1.0.100.202509120712/tools/bin/../lib/gcc/arm-none-eabi/13.3.1/../../../../arm-none-eabi/lib/thumb/v8-m.main+fp/hard\libc_nano.a(libc_a-memchr-stub.o)
 .ARM.attributes
                0x00000b2a       0x38 C:/ST/STM32CubeIDE_2.0.0/STM32CubeIDE/plugins/com.st.stm32cube.ide.mcu.externaltools.gnu-tools-for-stm32.13.3.rel1.win32_1.0.100.202509120712/tools/bin/../lib/gcc/arm-none-eabi/13.3.1/../../../../arm-none-eabi/lib/thumb/v8-m.main+fp/hard\libc_nano.a(libc_a-reallocr.o)
 .ARM.attributes
                0x00000b62       0x38 C:/ST/STM32CubeIDE_2.0.0/STM32CubeIDE/plugins/com.st.stm32cube.ide.mcu.externaltools.gnu-tools-for-stm32.13.3.rel1.win32_1.0.100.202509120712/tools/bin/../lib/gcc/arm-none-eabi/13.3.1/../../../../arm-none-eabi/lib/thumb/v8-m.main+fp/hard\libc_nano.a(libc_a-msizer.o)
 .ARM.attributes
                0x00000b9a       0x26 C:/ST/STM32CubeIDE_2.0.0/STM32CubeIDE/plugins/com.st.stm32cube.ide.mcu.externaltools.gnu-tools-for-stm32.13.3.rel1.win32_1.0.100.202509120712/tools/bin/../lib/gcc/arm-none-eabi/13.3.1/thumb/v8-m.main+fp/hard/crtn.o
OUTPUT(mk11-mdu-code.elf elf32-littlearm)
LOAD linker stubs
LOAD C:/ST/STM32CubeIDE_2.0.0/STM32CubeIDE/plugins/com.st.stm32cube.ide.mcu.externaltools.gnu-tools-for-stm32.13.3.rel1.win32_1.0.100.202509120712/tools/bin/../lib/gcc/arm-none-eabi/13.3.1/../../../../arm-none-eabi/lib/thumb/v8-m.main+fp/hard\libc.a
LOAD C:/ST/STM32CubeIDE_2.0.0/STM32CubeIDE/plugins/com.st.stm32cube.ide.mcu.externaltools.gnu-tools-for-stm32.13.3.rel1.win32_1.0.100.202509120712/tools/bin/../lib/gcc/arm-none-eabi/13.3.1/../../../../arm-none-eabi/lib/thumb/v8-m.main+fp/hard\libm.a
LOAD C:/ST/STM32CubeIDE_2.0.0/STM32CubeIDE/plugins/com.st.stm32cube.ide.mcu.externaltools.gnu-tools-for-stm32.13.3.rel1.win32_1.0.100.202509120712/tools/bin/../lib/gcc/arm-none-eabi/13.3.1/thumb/v8-m.main+fp/hard\libgcc.a

.comment        0x00000000       0x43
 .comment       0x00000000       0x43 ./Core/Src/can.o
                                 0x44 (size before relaxing)
 .comment       0x00000043        0x0 ./Core/Src/fdcan.o
                                 0x44 (size before relaxing)
 .comment       0x00000043        0x0 ./Core/Src/gpio.o
                                 0x44 (size before relaxing)
 .comment       0x00000043        0x0 ./Core/Src/icache.o
                                 0x44 (size before relaxing)
 .comment       0x00000043        0x0 ./Core/Src/main.o
                                 0x44 (size before relaxing)
 .comment       0x00000043        0x0 ./Core/Src/stm32l5xx_hal_msp.o
                                 0x44 (size before relaxing)
 .comment       0x00000043        0x0 ./Core/Src/stm32l5xx_it.o
                                 0x44 (size before relaxing)
 .comment       0x00000043        0x0 ./Core/Src/sysmem.o
                                 0x44 (size before relaxing)
 .comment       0x00000043        0x0 ./Core/Src/system_stm32l5xx.o
                                 0x44 (size before relaxing)
 .comment       0x00000043        0x0 ./Drivers/BFR_Krill_Drivers/src/usb_driver.o
                                 0x44 (size before relaxing)
 .comment       0x00000043        0x0 ./Drivers/STM32L5xx_HAL_Driver/Src/stm32l5xx_hal.o
                                 0x44 (size before relaxing)
 .comment       0x00000043        0x0 ./Drivers/STM32L5xx_HAL_Driver/Src/stm32l5xx_hal_cortex.o
                                 0x44 (size before relaxing)
 .comment       0x00000043        0x0 ./Drivers/STM32L5xx_HAL_Driver/Src/stm32l5xx_hal_fdcan.o
                                 0x44 (size before relaxing)
 .comment       0x00000043        0x0 ./Drivers/STM32L5xx_HAL_Driver/Src/stm32l5xx_hal_gpio.o
                                 0x44 (size before relaxing)
 .comment       0x00000043        0x0 ./Drivers/STM32L5xx_HAL_Driver/Src/stm32l5xx_hal_icache.o
                                 0x44 (size before relaxing)
 .comment       0x00000043        0x0 ./Drivers/STM32L5xx_HAL_Driver/Src/stm32l5xx_hal_pcd.o
                                 0x44 (size before relaxing)
 .comment       0x00000043        0x0 ./Drivers/STM32L5xx_HAL_Driver/Src/stm32l5xx_hal_pcd_ex.o
                                 0x44 (size before relaxing)
 .comment       0x00000043        0x0 ./Drivers/STM32L5xx_HAL_Driver/Src/stm32l5xx_hal_pwr.o
                                 0x44 (size before relaxing)
 .comment       0x00000043        0x0 ./Drivers/STM32L5xx_HAL_Driver/Src/stm32l5xx_hal_pwr_ex.o
                                 0x44 (size before relaxing)
 .comment       0x00000043        0x0 ./Drivers/STM32L5xx_HAL_Driver/Src/stm32l5xx_hal_rcc.o
                                 0x44 (size before relaxing)
 .comment       0x00000043        0x0 ./Drivers/STM32L5xx_HAL_Driver/Src/stm32l5xx_hal_rcc_ex.o
                                 0x44 (size before relaxing)
 .comment       0x00000043        0x0 ./Drivers/STM32L5xx_HAL_Driver/Src/stm32l5xx_ll_usb.o
                                 0x44 (size before relaxing)
 .comment       0x00000043        0x0 ./Middlewares/ST/STM32_USB_Device_Library/Class/CDC/Src/usbd_cdc.o
                                 0x44 (size before relaxing)
 .comment       0x00000043        0x0 ./Middlewares/ST/STM32_USB_Device_Library/Core/Src/usbd_core.o
                                 0x44 (size before relaxing)
 .comment       0x00000043        0x0 ./Middlewares/ST/STM32_USB_Device_Library/Core/Src/usbd_ctlreq.o
                                 0x44 (size before relaxing)
 .comment       0x00000043        0x0 ./Middlewares/ST/STM32_USB_Device_Library/Core/Src/usbd_ioreq.o
                                 0x44 (size before relaxing)
 .comment       0x00000043        0x0 ./USB_Device/App/usb_device.o
                                 0x44 (size before relaxing)
 .comment       0x00000043        0x0 ./USB_Device/App/usbd_cdc_if.o
                                 0x44 (size before relaxing)
 .comment       0x00000043        0x0 ./USB_Device/App/usbd_desc.o
                                 0x44 (size before relaxing)
 .comment       0x00000043        0x0 ./USB_Device/Target/usbd_conf.o
                                 0x44 (size before relaxing)

.debug_frame    0x00000000      0x5bc
 .debug_frame   0x00000000      0x144 C:/ST/STM32CubeIDE_2.0.0/STM32CubeIDE/plugins/com.st.stm32cube.ide.mcu.externaltools.gnu-tools-for-stm32.13.3.rel1.win32_1.0.100.202509120712/tools/bin/../lib/gcc/arm-none-eabi/13.3.1/../../../../arm-none-eabi/lib/thumb/v8-m.main+fp/hard\libc_nano.a(libc_a-findfp.o)
 .debug_frame   0x00000144       0x7c C:/ST/STM32CubeIDE_2.0.0/STM32CubeIDE/plugins/com.st.stm32cube.ide.mcu.externaltools.gnu-tools-for-stm32.13.3.rel1.win32_1.0.100.202509120712/tools/bin/../lib/gcc/arm-none-eabi/13.3.1/../../../../arm-none-eabi/lib/thumb/v8-m.main+fp/hard\libc_nano.a(libc_a-snprintf.o)
 .debug_frame   0x000001c0       0x20 C:/ST/STM32CubeIDE_2.0.0/STM32CubeIDE/plugins/com.st.stm32cube.ide.mcu.externaltools.gnu-tools-for-stm32.13.3.rel1.win32_1.0.100.202509120712/tools/bin/../lib/gcc/arm-none-eabi/13.3.1/../../../../arm-none-eabi/lib/thumb/v8-m.main+fp/hard\libc_nano.a(libc_a-memset.o)
 .debug_frame   0x000001e0       0x38 C:/ST/STM32CubeIDE_2.0.0/STM32CubeIDE/plugins/com.st.stm32cube.ide.mcu.externaltools.gnu-tools-for-stm32.13.3.rel1.win32_1.0.100.202509120712/tools/bin/../lib/gcc/arm-none-eabi/13.3.1/../../../../arm-none-eabi/lib/thumb/v8-m.main+fp/hard\libc_nano.a(libc_a-reent.o)
 .debug_frame   0x00000218       0x20 C:/ST/STM32CubeIDE_2.0.0/STM32CubeIDE/plugins/com.st.stm32cube.ide.mcu.externaltools.gnu-tools-for-stm32.13.3.rel1.win32_1.0.100.202509120712/tools/bin/../lib/gcc/arm-none-eabi/13.3.1/../../../../arm-none-eabi/lib/thumb/v8-m.main+fp/hard\libc_nano.a(libc_a-errno.o)
 .debug_frame   0x00000238       0x2c C:/ST/STM32CubeIDE_2.0.0/STM32CubeIDE/plugins/com.st.stm32cube.ide.mcu.externaltools.gnu-tools-for-stm32.13.3.rel1.win32_1.0.100.202509120712/tools/bin/../lib/gcc/arm-none-eabi/13.3.1/../../../../arm-none-eabi/lib/thumb/v8-m.main+fp/hard\libc_nano.a(libc_a-init.o)
 .debug_frame   0x00000264       0xb0 C:/ST/STM32CubeIDE_2.0.0/STM32CubeIDE/plugins/com.st.stm32cube.ide.mcu.externaltools.gnu-tools-for-stm32.13.3.rel1.win32_1.0.100.202509120712/tools/bin/../lib/gcc/arm-none-eabi/13.3.1/../../../../arm-none-eabi/lib/thumb/v8-m.main+fp/hard\libc_nano.a(libc_a-lock.o)
 .debug_frame   0x00000314       0x28 C:/ST/STM32CubeIDE_2.0.0/STM32CubeIDE/plugins/com.st.stm32cube.ide.mcu.externaltools.gnu-tools-for-stm32.13.3.rel1.win32_1.0.100.202509120712/tools/bin/../lib/gcc/arm-none-eabi/13.3.1/../../../../arm-none-eabi/lib/thumb/v8-m.main+fp/hard\libc_nano.a(libc_a-memcpy-stub.o)
 .debug_frame   0x0000033c       0x38 C:/ST/STM32CubeIDE_2.0.0/STM32CubeIDE/plugins/com.st.stm32cube.ide.mcu.externaltools.gnu-tools-for-stm32.13.3.rel1.win32_1.0.100.202509120712/tools/bin/../lib/gcc/arm-none-eabi/13.3.1/../../../../arm-none-eabi/lib/thumb/v8-m.main+fp/hard\libc_nano.a(libc_a-freer.o)
 .debug_frame   0x00000374       0x50 C:/ST/STM32CubeIDE_2.0.0/STM32CubeIDE/plugins/com.st.stm32cube.ide.mcu.externaltools.gnu-tools-for-stm32.13.3.rel1.win32_1.0.100.202509120712/tools/bin/../lib/gcc/arm-none-eabi/13.3.1/../../../../arm-none-eabi/lib/thumb/v8-m.main+fp/hard\libc_nano.a(libc_a-mallocr.o)
 .debug_frame   0x000003c4       0x30 C:/ST/STM32CubeIDE_2.0.0/STM32CubeIDE/plugins/com.st.stm32cube.ide.mcu.externaltools.gnu-tools-for-stm32.13.3.rel1.win32_1.0.100.202509120712/tools/bin/../lib/gcc/arm-none-eabi/13.3.1/../../../../arm-none-eabi/lib/thumb/v8-m.main+fp/hard\libc_nano.a(libc_a-mlock.o)
 .debug_frame   0x000003f4       0x90 C:/ST/STM32CubeIDE_2.0.0/STM32CubeIDE/plugins/com.st.stm32cube.ide.mcu.externaltools.gnu-tools-for-stm32.13.3.rel1.win32_1.0.100.202509120712/tools/bin/../lib/gcc/arm-none-eabi/13.3.1/../../../../arm-none-eabi/lib/thumb/v8-m.main+fp/hard\libc_nano.a(libc_a-nano-svfprintf.o)
 .debug_frame   0x00000484       0x60 C:/ST/STM32CubeIDE_2.0.0/STM32CubeIDE/plugins/com.st.stm32cube.ide.mcu.externaltools.gnu-tools-for-stm32.13.3.rel1.win32_1.0.100.202509120712/tools/bin/../lib/gcc/arm-none-eabi/13.3.1/../../../../arm-none-eabi/lib/thumb/v8-m.main+fp/hard\libc_nano.a(libc_a-nano-vfprintf_i.o)
 .debug_frame   0x000004e4       0x28 C:/ST/STM32CubeIDE_2.0.0/STM32CubeIDE/plugins/com.st.stm32cube.ide.mcu.externaltools.gnu-tools-for-stm32.13.3.rel1.win32_1.0.100.202509120712/tools/bin/../lib/gcc/arm-none-eabi/13.3.1/../../../../arm-none-eabi/lib/thumb/v8-m.main+fp/hard\libc_nano.a(libc_a-memmove.o)
 .debug_frame   0x0000050c       0x2c C:/ST/STM32CubeIDE_2.0.0/STM32CubeIDE/plugins/com.st.stm32cube.ide.mcu.externaltools.gnu-tools-for-stm32.13.3.rel1.win32_1.0.100.202509120712/tools/bin/../lib/gcc/arm-none-eabi/13.3.1/../../../../arm-none-eabi/lib/thumb/v8-m.main+fp/hard\libc_nano.a(libc_a-sbrkr.o)
 .debug_frame   0x00000538       0x28 C:/ST/STM32CubeIDE_2.0.0/STM32CubeIDE/plugins/com.st.stm32cube.ide.mcu.externaltools.gnu-tools-for-stm32.13.3.rel1.win32_1.0.100.202509120712/tools/bin/../lib/gcc/arm-none-eabi/13.3.1/../../../../arm-none-eabi/lib/thumb/v8-m.main+fp/hard\libc_nano.a(libc_a-memchr-stub.o)
 .debug_frame   0x00000560       0x3c C:/ST/STM32CubeIDE_2.0.0/STM32CubeIDE/plugins/com.st.stm32cube.ide.mcu.externaltools.gnu-tools-for-stm32.13.3.rel1.win32_1.0.100.202509120712/tools/bin/../lib/gcc/arm-none-eabi/13.3.1/../../../../arm-none-eabi/lib/thumb/v8-m.main+fp/hard\libc_nano.a(libc_a-reallocr.o)
 .debug_frame   0x0000059c       0x20 C:/ST/STM32CubeIDE_2.0.0/STM32CubeIDE/plugins/com.st.stm32cube.ide.mcu.externaltools.gnu-tools-for-stm32.13.3.rel1.win32_1.0.100.202509120712/tools/bin/../lib/gcc/arm-none-eabi/13.3.1/../../../../arm-none-eabi/lib/thumb/v8-m.main+fp/hard\libc_nano.a(libc_a-msizer.o)