../Drivers/STM32L5xx_HAL_Driver/Src/stm32l5xx_hal_fdcan.c:575:13:HAL_FDCAN_MspInit	0	static
../Drivers/STM32L5xx_HAL_Driver/Src/stm32l5xx_hal_fdcan.c:293:19:HAL_FDCAN_Init	16	static
../Drivers/STM32L5xx_HAL_Driver/Src/stm32l5xx_hal_fdcan.c:590:13:HAL_FDCAN_MspDeInit	0	static
../Drivers/STM32L5xx_HAL_Driver/Src/stm32l5xx_hal_fdcan.c:605:19:HAL_FDCAN_EnterPowerDownMode	16	static
../Drivers/STM32L5xx_HAL_Driver/Src/stm32l5xx_hal_fdcan.c:640:19:HAL_FDCAN_ExitPowerDownMode	16	static
../Drivers/STM32L5xx_HAL_Driver/Src/stm32l5xx_hal_fdcan.c:1289:19:HAL_FDCAN_ConfigFilter	12	static
../Drivers/STM32L5xx_HAL_Driver/Src/stm32l5xx_hal_fdcan.c:1373:19:HAL_FDCAN_ConfigGlobalFilter	4	static
../Drivers/STM32L5xx_HAL_Driver/Src/stm32l5xx_hal_fdcan.c:1417:19:HAL_FDCAN_ConfigExtendedIdMask	0	static
../Drivers/STM32L5xx_HAL_Driver/Src/stm32l5xx_hal_fdcan.c:1451:19:HAL_FDCAN_ConfigRxFifoOverwrite	0	static
../Drivers/STM32L5xx_HAL_Driver/Src/stm32l5xx_hal_fdcan.c:1491:19:HAL_FDCAN_ConfigRamWatchdog	0	static
../Drivers/STM32L5xx_HAL_Driver/Src/stm32l5xx_hal_fdcan.c:1521:19:HAL_FDCAN_ConfigTimestampCounter	0	static
../Drivers/STM32L5xx_HAL_Driver/Src/stm32l5xx_hal_fdcan.c:1551:19:HAL_FDCAN_EnableTimestampCounter	0	static
../Drivers/STM32L5xx_HAL_Driver/Src/stm32l5xx_hal_fdcan.c:1579:19:HAL_FDCAN_DisableTimestampCounter	0	static
../Drivers/STM32L5xx_HAL_Driver/Src/stm32l5xx_hal_fdcan.c:1604:10:HAL_FDCAN_GetTimestampCounter	0	static
../Drivers/STM32L5xx_HAL_Driver/Src/stm32l5xx_hal_fdcan.c:1615:19:HAL_FDCAN_ResetTimestampCounter	0	static
../Drivers/STM32L5xx_HAL_Driver/Src/stm32l5xx_hal_fdcan.c:1646:19:HAL_FDCAN_ConfigTimeoutCounter	4	static
../Drivers/STM32L5xx_HAL_Driver/Src/stm32l5xx_hal_fdcan.c:1677:19:HAL_FDCAN_EnableTimeoutCounter	0	static
../Drivers/STM32L5xx_HAL_Driver/Src/stm32l5xx_hal_fdcan.c:1702:19:HAL_FDCAN_DisableTimeoutCounter	0	static
../Drivers/STM32L5xx_HAL_Driver/Src/stm32l5xx_hal_fdcan.c:1727:10:HAL_FDCAN_GetTimeoutCounter	0	static
../Drivers/STM32L5xx_HAL_Driver/Src/stm32l5xx_hal_fdcan.c:1738:19:HAL_FDCAN_ResetTimeoutCounter	0	static
../Drivers/STM32L5xx_HAL_Driver/Src/stm32l5xx_hal_fdcan.c:1768:19:HAL_FDCAN_ConfigTxDelayCompensation	0	static
../Drivers/STM32L5xx_HAL_Driver/Src/stm32l5xx_hal_fdcan.c:1798:19:HAL_FDCAN_EnableTxDelayCompensation	0	static
../Drivers/STM32L5xx_HAL_Driver/Src/stm32l5xx_hal_fdcan.c:1823:19:HAL_FDCAN_DisableTxDelayCompensation	0	static
../Drivers/STM32L5xx_HAL_Driver/Src/stm32l5xx_hal_fdcan.c:1849:19:HAL_FDCAN_EnableISOMode	0	static
../Drivers/STM32L5xx_HAL_Driver/Src/stm32l5xx_hal_fdcan.c:1875:19:HAL_FDCAN_DisableISOMode	0	static
../Drivers/STM32L5xx_HAL_Driver/Src/stm32l5xx_hal_fdcan.c:1901:19:HAL_FDCAN_EnableEdgeFiltering	0	static
../Drivers/STM32L5xx_HAL_Driver/Src/stm32l5xx_hal_fdcan.c:1927:19:HAL_FDCAN_DisableEdgeFiltering	0	static
../Drivers/STM32L5xx_HAL_Driver/Src/stm32l5xx_hal_fdcan.c:1987:19:HAL_FDCAN_Start	4	static
../Drivers/STM32L5xx_HAL_Driver/Src/stm32l5xx_hal_fdcan.c:2018:19:HAL_FDCAN_Stop	4	static
../Drivers/STM32L5xx_HAL_Driver/Src/stm32l5xx_hal_fdcan.c:529:19:HAL_FDCAN_DeInit	8	static
../Drivers/STM32L5xx_HAL_Driver/Src/stm32l5xx_hal_fdcan.c:2100:19:HAL_FDCAN_AddMessageToTxFifoQ	20	static
../Drivers/STM32L5xx_HAL_Driver/Src/stm32l5xx_hal_fdcan.c:2168:10:HAL_FDCAN_GetLatestTxFifoQRequestBuffer	0	static
../Drivers/STM32L5xx_HAL_Driver/Src/stm32l5xx_hal_fdcan.c:2182:19:HAL_FDCAN_AbortTxRequest	0	static
../Drivers/STM32L5xx_HAL_Driver/Src/stm32l5xx_hal_fdcan.c:2214:19:HAL_FDCAN_GetRxMessage	24	static
../Drivers/STM32L5xx_HAL_Driver/Src/stm32l5xx_hal_fdcan.c:2369:19:HAL_FDCAN_GetTxEvent	8	static
../Drivers/STM32L5xx_HAL_Driver/Src/stm32l5xx_hal_fdcan.c:2452:19:HAL_FDCAN_GetHighPriorityMessageStatus	8	static
../Drivers/STM32L5xx_HAL_Driver/Src/stm32l5xx_hal_fdcan.c:2471:19:HAL_FDCAN_GetProtocolStatus	8	static
../Drivers/STM32L5xx_HAL_Driver/Src/stm32l5xx_hal_fdcan.c:2503:19:HAL_FDCAN_GetErrorCounters	8	static
../Drivers/STM32L5xx_HAL_Driver/Src/stm32l5xx_hal_fdcan.c:2531:10:HAL_FDCAN_IsTxBufferMessagePending	0	static
../Drivers/STM32L5xx_HAL_Driver/Src/stm32l5xx_hal_fdcan.c:2554:10:HAL_FDCAN_GetRxFifoFillLevel	0	static
../Drivers/STM32L5xx_HAL_Driver/Src/stm32l5xx_hal_fdcan.c:2581:10:HAL_FDCAN_GetTxFifoFreeLevel	0	static
../Drivers/STM32L5xx_HAL_Driver/Src/stm32l5xx_hal_fdcan.c:2599:10:HAL_FDCAN_IsRestrictedOperationMode	0	static
../Drivers/STM32L5xx_HAL_Driver/Src/stm32l5xx_hal_fdcan.c:2615:19:HAL_FDCAN_ExitRestrictedOperationMode	0	static
../Drivers/STM32L5xx_HAL_Driver/Src/stm32l5xx_hal_fdcan.c:2667:19:HAL_FDCAN_ConfigInterruptLines	0	static
../Drivers/STM32L5xx_HAL_Driver/Src/stm32l5xx_hal_fdcan.c:2712:19:HAL_FDCAN_ActivateNotification	12	static
../Drivers/STM32L5xx_HAL_Driver/Src/stm32l5xx_hal_fdcan.c:2805:19:HAL_FDCAN_DeactivateNotification	8	static
../Drivers/STM32L5xx_HAL_Driver/Src/stm32l5xx_hal_fdcan.c:3174:13:HAL_FDCAN_TxEventFifoCallback	0	static
../Drivers/STM32L5xx_HAL_Driver/Src/stm32l5xx_hal_fdcan.c:3193:13:HAL_FDCAN_RxFifo0Callback	0	static
../Drivers/STM32L5xx_HAL_Driver/Src/stm32l5xx_hal_fdcan.c:3212:13:HAL_FDCAN_RxFifo1Callback	0	static
../Drivers/STM32L5xx_HAL_Driver/Src/stm32l5xx_hal_fdcan.c:3229:13:HAL_FDCAN_TxFifoEmptyCallback	0	static
../Drivers/STM32L5xx_HAL_Driver/Src/stm32l5xx_hal_fdcan.c:3247:13:HAL_FDCAN_TxBufferCompleteCallback	0	static
../Drivers/STM32L5xx_HAL_Driver/Src/stm32l5xx_hal_fdcan.c:3266:13:HAL_FDCAN_TxBufferAbortCallback	0	static
../Drivers/STM32L5xx_HAL_Driver/Src/stm32l5xx_hal_fdcan.c:3283:13:HAL_FDCAN_TimestampWraparoundCallback	0	static
../Drivers/STM32L5xx_HAL_Driver/Src/stm32l5xx_hal_fdcan.c:3299:13:HAL_FDCAN_TimeoutOccurredCallback	0	static
../Drivers/STM32L5xx_HAL_Driver/Src/stm32l5xx_hal_fdcan.c:3315:13:HAL_FDCAN_HighPriorityMessageCallback	0	static
../Drivers/STM32L5xx_HAL_Driver/Src/stm32l5xx_hal_fdcan.c:3331:13:HAL_FDCAN_ErrorCallback	0	static
../Drivers/STM32L5xx_HAL_Driver/Src/stm32l5xx_hal_fdcan.c:3349:13:HAL_FDCAN_ErrorStatusCallback	0	static
../Drivers/STM32L5xx_HAL_Driver/Src/stm32l5xx_hal_fdcan.c:2901:6:HAL_FDCAN_IRQHandler	40	static
../Drivers/STM32L5xx_HAL_Driver/Src/stm32l5xx_hal_fdcan.c:3385:24:HAL_FDCAN_GetState	0	static
../Drivers/STM32L5xx_HAL_Driver/Src/stm32l5xx_hal_fdcan.c:3397:10:HAL_FDCAN_GetError	0	static
